Archive member included to satisfy reference by file (symbol)

C:\Users\zachs\OneDrive\Documents\Beng Term 8\_Capstone\Capstone\Capstone Hydrophone Project\Remote_Hydrophone_Sys_Rtos\Drivers\CMSIS\Lib\GCC\libarm_cortexM7lfdp_math.a(arm_max_f32.o)
                              ./Core/Src/main.o (arm_max_f32)
C:\Users\zachs\OneDrive\Documents\Beng Term 8\_Capstone\Capstone\Capstone Hydrophone Project\Remote_Hydrophone_Sys_Rtos\Drivers\CMSIS\Lib\GCC\libarm_cortexM7lfdp_math.a(arm_rfft_fast_init_f32.o)
                              ./Core/Src/main.o (arm_rfft_fast_init_f32)
C:\Users\zachs\OneDrive\Documents\Beng Term 8\_Capstone\Capstone\Capstone Hydrophone Project\Remote_Hydrophone_Sys_Rtos\Drivers\CMSIS\Lib\GCC\libarm_cortexM7lfdp_math.a(arm_rfft_fast_f32.o)
                              ./Core/Src/main.o (arm_rfft_fast_f32)
C:\Users\zachs\OneDrive\Documents\Beng Term 8\_Capstone\Capstone\Capstone Hydrophone Project\Remote_Hydrophone_Sys_Rtos\Drivers\CMSIS\Lib\GCC\libarm_cortexM7lfdp_math.a(arm_cfft_f32.o)
                              C:\Users\zachs\OneDrive\Documents\Beng Term 8\_Capstone\Capstone\Capstone Hydrophone Project\Remote_Hydrophone_Sys_Rtos\Drivers\CMSIS\Lib\GCC\libarm_cortexM7lfdp_math.a(arm_rfft_fast_f32.o) (arm_cfft_f32)
C:\Users\zachs\OneDrive\Documents\Beng Term 8\_Capstone\Capstone\Capstone Hydrophone Project\Remote_Hydrophone_Sys_Rtos\Drivers\CMSIS\Lib\GCC\libarm_cortexM7lfdp_math.a(arm_bitreversal2.o)
                              C:\Users\zachs\OneDrive\Documents\Beng Term 8\_Capstone\Capstone\Capstone Hydrophone Project\Remote_Hydrophone_Sys_Rtos\Drivers\CMSIS\Lib\GCC\libarm_cortexM7lfdp_math.a(arm_cfft_f32.o) (arm_bitreversal_32)
C:\Users\zachs\OneDrive\Documents\Beng Term 8\_Capstone\Capstone\Capstone Hydrophone Project\Remote_Hydrophone_Sys_Rtos\Drivers\CMSIS\Lib\GCC\libarm_cortexM7lfdp_math.a(arm_common_tables.o)
                              C:\Users\zachs\OneDrive\Documents\Beng Term 8\_Capstone\Capstone\Capstone Hydrophone Project\Remote_Hydrophone_Sys_Rtos\Drivers\CMSIS\Lib\GCC\libarm_cortexM7lfdp_math.a(arm_rfft_fast_init_f32.o) (twiddleCoef_rfft_4096)
C:\Users\zachs\OneDrive\Documents\Beng Term 8\_Capstone\Capstone\Capstone Hydrophone Project\Remote_Hydrophone_Sys_Rtos\Drivers\CMSIS\Lib\GCC\libarm_cortexM7lfdp_math.a(arm_cfft_radix8_f32.o)
                              C:\Users\zachs\OneDrive\Documents\Beng Term 8\_Capstone\Capstone\Capstone Hydrophone Project\Remote_Hydrophone_Sys_Rtos\Drivers\CMSIS\Lib\GCC\libarm_cortexM7lfdp_math.a(arm_cfft_f32.o) (arm_radix8_butterfly_f32)
c:/st/stm32cubeide_1.11.0/stm32cubeide/plugins/com.st.stm32cube.ide.mcu.externaltools.gnu-tools-for-stm32.10.3-2021.10.win32_1.0.100.202210260954/tools/bin/../lib/gcc/arm-none-eabi/10.3.1/../../../../arm-none-eabi/lib/thumb/v7e-m+dp/hard\libc_nano.a(lib_a-errno.o)
                              ./Core/Src/syscalls.o (__errno)
c:/st/stm32cubeide_1.11.0/stm32cubeide/plugins/com.st.stm32cube.ide.mcu.externaltools.gnu-tools-for-stm32.10.3-2021.10.win32_1.0.100.202210260954/tools/bin/../lib/gcc/arm-none-eabi/10.3.1/../../../../arm-none-eabi/lib/thumb/v7e-m+dp/hard\libc_nano.a(lib_a-exit.o)
                              c:/st/stm32cubeide_1.11.0/stm32cubeide/plugins/com.st.stm32cube.ide.mcu.externaltools.gnu-tools-for-stm32.10.3-2021.10.win32_1.0.100.202210260954/tools/bin/../lib/gcc/arm-none-eabi/10.3.1/../../../../arm-none-eabi/lib/thumb/v7e-m+dp/hard/crt0.o (exit)
c:/st/stm32cubeide_1.11.0/stm32cubeide/plugins/com.st.stm32cube.ide.mcu.externaltools.gnu-tools-for-stm32.10.3-2021.10.win32_1.0.100.202210260954/tools/bin/../lib/gcc/arm-none-eabi/10.3.1/../../../../arm-none-eabi/lib/thumb/v7e-m+dp/hard\libc_nano.a(lib_a-impure.o)
                              c:/st/stm32cubeide_1.11.0/stm32cubeide/plugins/com.st.stm32cube.ide.mcu.externaltools.gnu-tools-for-stm32.10.3-2021.10.win32_1.0.100.202210260954/tools/bin/../lib/gcc/arm-none-eabi/10.3.1/../../../../arm-none-eabi/lib/thumb/v7e-m+dp/hard\libc_nano.a(lib_a-exit.o) (_global_impure_ptr)
c:/st/stm32cubeide_1.11.0/stm32cubeide/plugins/com.st.stm32cube.ide.mcu.externaltools.gnu-tools-for-stm32.10.3-2021.10.win32_1.0.100.202210260954/tools/bin/../lib/gcc/arm-none-eabi/10.3.1/../../../../arm-none-eabi/lib/thumb/v7e-m+dp/hard\libc_nano.a(lib_a-init.o)
                              c:/st/stm32cubeide_1.11.0/stm32cubeide/plugins/com.st.stm32cube.ide.mcu.externaltools.gnu-tools-for-stm32.10.3-2021.10.win32_1.0.100.202210260954/tools/bin/../lib/gcc/arm-none-eabi/10.3.1/../../../../arm-none-eabi/lib/thumb/v7e-m+dp/hard/crt0.o (__libc_init_array)
c:/st/stm32cubeide_1.11.0/stm32cubeide/plugins/com.st.stm32cube.ide.mcu.externaltools.gnu-tools-for-stm32.10.3-2021.10.win32_1.0.100.202210260954/tools/bin/../lib/gcc/arm-none-eabi/10.3.1/../../../../arm-none-eabi/lib/thumb/v7e-m+dp/hard\libc_nano.a(lib_a-memcpy-stub.o)
                              ./Middlewares/Third_Party/FreeRTOS/Source/CMSIS_RTOS_V2/cmsis_os2.o (memcpy)
[...]
Memory Configuration

Name             Origin             Length             Attributes
ITCMRAM          0x0000000000000000 0x0000000000010000 xrw
FLASH            0x0000000008000000 0x0000000000200000 xr
DTCMRAM1         0x0000000020000000 0x0000000000010000 xrw
DTCMRAM2         0x0000000020010000 0x0000000000010000 xrw
RAM              0x0000000024000000 0x0000000000100000 xrw
RAM_CD           0x0000000030000000 0x0000000000020000 xrw
RAM_SRD          0x0000000038000000 0x0000000000008000 xrw
*default*        0x0000000000000000 0xffffffffffffffff

Linker script and memory map

LOAD c:/st/stm32cubeide_1.11.0/stm32cubeide/plugins/com.st.stm32cube.ide.mcu.externaltools.gnu-tools-for-stm32.10.3-2021.10.win32_1.0.100.202210260954/tools/bin/../lib/gcc/arm-none-eabi/10.3.1/thumb/v7e-m+dp/hard/crti.o
LOAD c:/st/stm32cubeide_1.11.0/stm32cubeide/plugins/com.st.stm32cube.ide.mcu.externaltools.gnu-tools-for-stm32.10.3-2021.10.win32_1.0.100.202210260954/tools/bin/../lib/gcc/arm-none-eabi/10.3.1/thumb/v7e-m+dp/hard/crtbegin.o
LOAD c:/st/stm32cubeide_1.11.0/stm32cubeide/plugins/com.st.stm32cube.ide.mcu.externaltools.gnu-tools-for-stm32.10.3-2021.10.win32_1.0.100.202210260954/tools/bin/../lib/gcc/arm-none-eabi/10.3.1/../../../../arm-none-eabi/lib/thumb/v7e-m+dp/hard/crt0.o
LOAD ./Core/Src/freertos.o
LOAD ./Core/Src/main.o
LOAD ./Core/Src/stm32h7xx_hal_msp.o
LOAD ./Core/Src/stm32h7xx_hal_timebase_tim.o
LOAD ./Core/Src/stm32h7xx_it.o
LOAD ./Core/Src/syscalls.o
LOAD ./Core/Src/sysmem.o
LOAD ./Core/Src/system_stm32h7xx.o
LOAD ./Core/Startup/startup_stm32h7a3zitxq.o
LOAD ./Drivers/STM32H7xx_HAL_Driver/Src/stm32h7xx_hal.o
LOAD ./Drivers/STM32H7xx_HAL_Driver/Src/stm32h7xx_hal_adc.o
LOAD ./Drivers/STM32H7xx_HAL_Driver/Src/stm32h7xx_hal_adc_ex.o
LOAD ./Drivers/STM32H7xx_HAL_Driver/Src/stm32h7xx_hal_cortex.o
LOAD ./Drivers/STM32H7xx_HAL_Driver/Src/stm32h7xx_hal_dma.o
LOAD ./Drivers/STM32H7xx_HAL_Driver/Src/stm32h7xx_hal_dma_ex.o
LOAD ./Drivers/STM32H7xx_HAL_Driver/Src/stm32h7xx_hal_exti.o
LOAD ./Drivers/STM32H7xx_HAL_Driver/Src/stm32h7xx_hal_flash.o
LOAD ./Drivers/STM32H7xx_HAL_Driver/Src/stm32h7xx_hal_flash_ex.o
LOAD ./Drivers/STM32H7xx_HAL_Driver/Src/stm32h7xx_hal_gpio.o
LOAD ./Drivers/STM32H7xx_HAL_Driver/Src/stm32h7xx_hal_hsem.o
LOAD ./Drivers/STM32H7xx_HAL_Driver/Src/stm32h7xx_hal_i2c.o
LOAD ./Drivers/STM32H7xx_HAL_Driver/Src/stm32h7xx_hal_i2c_ex.o
LOAD ./Drivers/STM32H7xx_HAL_Driver/Src/stm32h7xx_hal_mdma.o
LOAD ./Drivers/STM32H7xx_HAL_Driver/Src/stm32h7xx_hal_pwr.o
LOAD ./Drivers/STM32H7xx_HAL_Driver/Src/stm32h7xx_hal_pwr_ex.o
LOAD ./Drivers/STM32H7xx_HAL_Driver/Src/stm32h7xx_hal_rcc.o
LOAD ./Drivers/STM32H7xx_HAL_Driver/Src/stm32h7xx_hal_rcc_ex.o
LOAD ./Drivers/STM32H7xx_HAL_Driver/Src/stm32h7xx_hal_tim.o
LOAD ./Drivers/STM32H7xx_HAL_Driver/Src/stm32h7xx_hal_tim_ex.o
LOAD ./Drivers/STM32H7xx_HAL_Driver/Src/stm32h7xx_hal_uart.o
LOAD ./Drivers/STM32H7xx_HAL_Driver/Src/stm32h7xx_hal_uart_ex.o
LOAD ./Middlewares/Third_Party/FreeRTOS/Source/CMSIS_RTOS_V2/cmsis_os2.o
LOAD ./Middlewares/Third_Party/FreeRTOS/Source/croutine.o
LOAD ./Middlewares/Third_Party/FreeRTOS/Source/event_groups.o
LOAD ./Middlewares/Third_Party/FreeRTOS/Source/list.o
LOAD ./Middlewares/Third_Party/FreeRTOS/Source/queue.o
LOAD ./Middlewares/Third_Party/FreeRTOS/Source/stream_buffer.o
LOAD ./Middlewares/Third_Party/FreeRTOS/Source/tasks.o
LOAD ./Middlewares/Third_Party/FreeRTOS/Source/timers.o
LOAD ./Middlewares/Third_Party/FreeRTOS/Source/portable/GCC/ARM_CM4F/port.o
LOAD ./Middlewares/Third_Party/FreeRTOS/Source/portable/MemMang/heap_4.o
LOAD C:\Users\zachs\OneDrive\Documents\Beng Term 8\_Capstone\Capstone\Capstone Hydrophone Project\Remote_Hydrophone_Sys_Rtos\Drivers\CMSIS\Lib\GCC\libarm_cortexM7lfdp_math.a
START GROUP
LOAD c:/st/stm32cubeide_1.11.0/stm32cubeide/plugins/com.st.stm32cube.ide.mcu.externaltools.gnu-tools-for-stm32.10.3-2021.10.win32_1.0.100.202210260954/tools/bin/../lib/gcc/arm-none-eabi/10.3.1/../../../../arm-none-eabi/lib/thumb/v7e-m+dp/hard\libc_nano.a
LOAD c:/st/stm32cubeide_1.11.0/stm32cubeide/plugins/com.st.stm32cube.ide.mcu.externaltools.gnu-tools-for-stm32.10.3-2021.10.win32_1.0.100.202210260954/tools/bin/../lib/gcc/arm-none-eabi/10.3.1/../../../../arm-none-eabi/lib/thumb/v7e-m+dp/hard\libm.a
END GROUP
START GROUP
LOAD c:/st/stm32cubeide_1.11.0/stm32cubeide/plugins/com.st.stm32cube.ide.mcu.externaltools.gnu-tools-for-stm32.10.3-2021.10.win32_1.0.100.202210260954/tools/bin/../lib/gcc/arm-none-eabi/10.3.1/thumb/v7e-m+dp/hard\libgcc.a
LOAD c:/st/stm32cubeide_1.11.0/stm32cubeide/plugins/com.st.stm32cube.ide.mcu.externaltools.gnu-tools-for-stm32.10.3-2021.10.win32_1.0.100.202210260954/tools/bin/../lib/gcc/arm-none-eabi/10.3.1/../../../../arm-none-eabi/lib/thumb/v7e-m+dp/hard\libc_nano.a
END GROUP
START GROUP
LOAD c:/st/stm32cubeide_1.11.0/stm32cubeide/plugins/com.st.stm32cube.ide.mcu.externaltools.gnu-tools-for-stm32.10.3-2021.10.win32_1.0.100.202210260954/tools/bin/../lib/gcc/arm-none-eabi/10.3.1/thumb/v7e-m+dp/hard\libgcc.a
LOAD c:/st/stm32cubeide_1.11.0/stm32cubeide/plugins/com.st.stm32cube.ide.mcu.externaltools.gnu-tools-for-stm32.10.3-2021.10.win32_1.0.100.202210260954/tools/bin/../lib/gcc/arm-none-eabi/10.3.1/../../../../arm-none-eabi/lib/thumb/v7e-m+dp/hard\libc_nano.a
LOAD c:/st/stm32cubeide_1.11.0/stm32cubeide/plugins/com.st.stm32cube.ide.mcu.externaltools.gnu-tools-for-stm32.10.3-2021.10.win32_1.0.100.202210260954/tools/bin/../lib/gcc/arm-none-eabi/10.3.1/../../../../arm-none-eabi/lib/thumb/v7e-m+dp/hard\libnosys.a
END GROUP
START GROUP
LOAD c:/st/stm32cubeide_1.11.0/stm32cubeide/plugins/com.st.stm32cube.ide.mcu.externaltools.gnu-tools-for-stm32.10.3-2021.10.win32_1.0.100.202210260954/tools/bin/../lib/gcc/arm-none-eabi/10.3.1/thumb/v7e-m+dp/hard\libgcc.a
LOAD c:/st/stm32cubeide_1.11.0/stm32cubeide/plugins/com.st.stm32cube.ide.mcu.externaltools.gnu-tools-for-stm32.10.3-2021.10.win32_1.0.100.202210260954/tools/bin/../lib/gcc/arm-none-eabi/10.3.1/../../../../arm-none-eabi/lib/thumb/v7e-m+dp/hard\libc_nano.a
LOAD c:/st/stm32cubeide_1.11.0/stm32cubeide/plugins/com.st.stm32cube.ide.mcu.externaltools.gnu-tools-for-stm32.10.3-2021.10.win32_1.0.100.202210260954/tools/bin/../lib/gcc/arm-none-eabi/10.3.1/../../../../arm-none-eabi/lib/thumb/v7e-m+dp/hard\libnosys.a
END GROUP
LOAD c:/st/stm32cubeide_1.11.0/stm32cubeide/plugins/com.st.stm32cube.ide.mcu.externaltools.gnu-tools-for-stm32.10.3-2021.10.win32_1.0.100.202210260954/tools/bin/../lib/gcc/arm-none-eabi/10.3.1/thumb/v7e-m+dp/hard/crtend.o
LOAD c:/st/stm32cubeide_1.11.0/stm32cubeide/plugins/com.st.stm32cube.ide.mcu.externaltools.gnu-tools-for-stm32.10.3-2021.10.win32_1.0.100.202210260954/tools/bin/../lib/gcc/arm-none-eabi/10.3.1/thumb/v7e-m+dp/hard/crtn.o
                0x0000000024100000                _estack = (ORIGIN (RAM) + LENGTH (RAM))
                0x0000000000000200                _Min_Heap_Size = 0x200
                0x0000000000000400                _Min_Stack_Size = 0x400

.isr_vector     0x0000000008000000      0x2ac
                0x0000000008000000                . = ALIGN (0x4)
 *(.isr_vector)
 .isr_vector    0x0000000008000000      0x2ac ./Core/Startup/startup_stm32h7a3zitxq.o
                0x0000000008000000                g_pfnVectors
                0x00000000080002ac                . = ALIGN (0x4)

.text           0x00000000080002b0    0x1052c
                0x00000000080002b0                . = ALIGN (0x4)
 *(.text)
 .text          0x00000000080002b0       0x40 c:/st/stm32cubeide_1.11.0/stm32cubeide/plugins/com.st.stm32cube.ide.mcu.externaltools.gnu-tools-for-stm32.10.3-2021.10.win32_1.0.100.202210260954/tools/bin/../lib/gcc/arm-none-eabi/10.3.1/thumb/v7e-m+dp/hard/crtbegin.o
 .text          0x00000000080002f0       0x30 c:/st/stm32cubeide_1.11.0/stm32cubeide/plugins/com.st.stm32cube.ide.mcu.externaltools.gnu-tools-for-stm32.10.3-2021.10.win32_1.0.100.202210260954/tools/bin/../lib/gcc/arm-none-eabi/10.3.1/thumb/v7e-m+dp/hard\libgcc.a(_aeabi_uldivmod.o)
                0x00000000080002f0                __aeabi_uldivmod
 .text          0x0000000008000320      0x2d0 c:/st/stm32cubeide_1.11.0/stm32cubeide/plugins/com.st.stm32cube.ide.mcu.externaltools.gnu-tools-for-stm32.10.3-2021.10.win32_1.0.100.202210260954/tools/bin/../lib/gcc/arm-none-eabi/10.3.1/thumb/v7e-m+dp/hard\libgcc.a(_udivmoddi4.o)
                0x0000000008000320                __udivmoddi4
 .text          0x00000000080005f0        0x4 c:/st/stm32cubeide_1.11.0/stm32cubeide/plugins/com.st.stm32cube.ide.mcu.externaltools.gnu-tools-for-stm32.10.3-2021.10.win32_1.0.100.202210260954/tools/bin/../lib/gcc/arm-none-eabi/10.3.1/thumb/v7e-m+dp/hard\libgcc.a(_dvmd_tls.o)
                0x00000000080005f0                __aeabi_idiv0
                0x00000000080005f0                __aeabi_ldiv0
 *(.text*)
 .text.main     0x00000000080005f4       0xe0 ./Core/Src/main.o
                0x00000000080005f4                main
 .text.SystemClock_Config
                0x00000000080006d4       0xfc ./Core/Src/main.o
                0x00000000080006d4                SystemClock_Config
 .text.MX_ADC1_Init
                0x00000000080007d0       0xf4 ./Core/Src/main.o
 .text.MX_TIM1_Init
                0x00000000080008c4      0x158 ./Core/Src/main.o
 .text.MX_USART3_UART_Init
                0x0000000008000a1c       0x98 ./Core/Src/main.o
 .text.MX_USB_OTG_HS_USB_Init
                0x0000000008000ab4        0xe ./Core/Src/main.o
 *fill*         0x0000000008000ac2        0x2 
 .text.MX_DMA_Init
                0x0000000008000ac4       0x40 ./Core/Src/main.o
 .text.MX_GPIO_Init
                0x0000000008000b04      0x234 ./Core/Src/main.o
 .text.FrequencyDetected
                0x0000000008000d38      0x170 ./Core/Src/main.o
                0x0000000008000d38                FrequencyDetected
 .text.Magnitude
                0x0000000008000ea8       0x9e ./Core/Src/main.o
                0x0000000008000ea8                Magnitude
 *fill*         0x0000000008000f46        0x2 
 .text.HAL_ADC_ConvCpltCallback
                0x0000000008000f48       0x28 ./Core/Src/main.o
                0x0000000008000f48                HAL_ADC_ConvCpltCallback
 .text.StartDefaultTask
                0x0000000008000f70       0x20 ./Core/Src/main.o
                0x0000000008000f70                StartDefaultTask
 .text.StartAudioCapTask
                0x0000000008000f90       0xa0 ./Core/Src/main.o
                0x0000000008000f90                StartAudioCapTask
 .text.StartFFTTask
                0x0000000008001030       0x54 ./Core/Src/main.o
                0x0000000008001030                StartFFTTask
 .text.HAL_TIM_PeriodElapsedCallback
                0x0000000008001084       0x1e ./Core/Src/main.o
                0x0000000008001084                HAL_TIM_PeriodElapsedCallback
 .text.Error_Handler
                0x00000000080010a2        0xa ./Core/Src/main.o
                0x00000000080010a2                Error_Handler
 .text.HAL_MspInit
                0x00000000080010ac       0x3c ./Core/Src/stm32h7xx_hal_msp.o
                0x00000000080010ac                HAL_MspInit
 .text.HAL_ADC_MspInit
                0x00000000080010e8      0x14c ./Core/Src/stm32h7xx_hal_msp.o
                0x00000000080010e8                HAL_ADC_MspInit
 .text.HAL_TIM_Base_MspInit
                0x0000000008001234       0x44 ./Core/Src/stm32h7xx_hal_msp.o
                0x0000000008001234                HAL_TIM_Base_MspInit
 .text.HAL_TIM_MspPostInit
                0x0000000008001278       0x78 ./Core/Src/stm32h7xx_hal_msp.o
                0x0000000008001278                HAL_TIM_MspPostInit
 .text.HAL_UART_MspInit
                0x00000000080012f0       0xd4 ./Core/Src/stm32h7xx_hal_msp.o
                0x00000000080012f0                HAL_UART_MspInit
 .text.HAL_InitTick
                0x00000000080013c4       0xd4 ./Core/Src/stm32h7xx_hal_timebase_tim.o
                0x00000000080013c4                HAL_InitTick
 .text.NMI_Handler
                0x0000000008001498        0x6 ./Core/Src/stm32h7xx_it.o
                0x0000000008001498                NMI_Handler
 .text.HardFault_Handler
                0x000000000800149e        0x6 ./Core/Src/stm32h7xx_it.o
                0x000000000800149e                HardFault_Handler
 .text.MemManage_Handler
                0x00000000080014a4        0x6 ./Core/Src/stm32h7xx_it.o
                0x00000000080014a4                MemManage_Handler
 .text.BusFault_Handler
                0x00000000080014aa        0x6 ./Core/Src/stm32h7xx_it.o
                0x00000000080014aa                BusFault_Handler
 .text.UsageFault_Handler
                0x00000000080014b0        0x6 ./Core/Src/stm32h7xx_it.o
                0x00000000080014b0                UsageFault_Handler
 .text.DebugMon_Handler
                0x00000000080014b6        0xe ./Core/Src/stm32h7xx_it.o
                0x00000000080014b6                DebugMon_Handler
 .text.DMA1_Stream0_IRQHandler
                0x00000000080014c4       0x14 ./Core/Src/stm32h7xx_it.o
                0x00000000080014c4                DMA1_Stream0_IRQHandler
 .text.TIM2_IRQHandler
                0x00000000080014d8       0x14 ./Core/Src/stm32h7xx_it.o
                0x00000000080014d8                TIM2_IRQHandler
 .text.SystemInit
                0x00000000080014ec       0xf0 ./Core/Src/system_stm32h7xx.o
                0x00000000080014ec                SystemInit
 .text.Reset_Handler
                0x00000000080015dc       0x50 ./Core/Startup/startup_stm32h7a3zitxq.o
                0x00000000080015dc                Reset_Handler
 .text.Default_Handler
                0x000000000800162c        0x2 ./Core/Startup/startup_stm32h7a3zitxq.o
                0x000000000800162c                RTC_Alarm_IRQHandler
                0x000000000800162c                EXTI2_IRQHandler
                0x000000000800162c                TIM8_CC_IRQHandler
                0x000000000800162c                UART8_IRQHandler
                0x000000000800162c                BDMA2_Channel1_IRQHandler
                0x000000000800162c                SPI4_IRQHandler
                0x000000000800162c                BDMA2_Channel0_IRQHandler
                0x000000000800162c                TIM1_CC_IRQHandler
                0x000000000800162c                DMA2_Stream5_IRQHandler
                0x000000000800162c                JPEG_IRQHandler
                0x000000000800162c                DMA1_Stream5_IRQHandler
                0x000000000800162c                EXTI3_IRQHandler
                0x000000000800162c                LPTIM4_IRQHandler
                0x000000000800162c                TIM8_TRG_COM_TIM14_IRQHandler
                0x000000000800162c                LPTIM2_IRQHandler
                0x000000000800162c                DFSDM1_FLT1_IRQHandler
                0x000000000800162c                DMAMUX2_OVR_IRQHandler
                0x000000000800162c                GFXMMU_IRQHandler
                0x000000000800162c                TIM8_UP_TIM13_IRQHandler
                0x000000000800162c                I2C3_ER_IRQHandler
                0x000000000800162c                DFSDM1_FLT2_IRQHandler
                0x000000000800162c                USART10_IRQHandler
                0x000000000800162c                MDMA_IRQHandler
                0x000000000800162c                LPTIM3_IRQHandler
                0x000000000800162c                BDMA2_Channel3_IRQHandler
                0x000000000800162c                HSEM1_IRQHandler
                0x000000000800162c                EXTI0_IRQHandler
                0x000000000800162c                I2C2_EV_IRQHandler
                0x000000000800162c                DAC2_IRQHandler
                0x000000000800162c                DMA1_Stream2_IRQHandler
                0x000000000800162c                FPU_IRQHandler
                0x000000000800162c                OTG_HS_WKUP_IRQHandler
                0x000000000800162c                FDCAN1_IT1_IRQHandler
                0x000000000800162c                LTDC_ER_IRQHandler
                0x000000000800162c                DMA2_Stream2_IRQHandler
                0x000000000800162c                SPI1_IRQHandler
                0x000000000800162c                OCTOSPI1_IRQHandler
                0x000000000800162c                TIM6_DAC_IRQHandler
                0x000000000800162c                BDMA2_Channel6_IRQHandler
                0x000000000800162c                DMA2_Stream3_IRQHandler
                0x000000000800162c                OCTOSPI2_IRQHandler
                0x000000000800162c                SAI2_IRQHandler
                0x000000000800162c                BDMA1_IRQHandler
                0x000000000800162c                DFSDM1_FLT3_IRQHandler
                0x000000000800162c                USART6_IRQHandler
                0x000000000800162c                TIM17_IRQHandler
                0x000000000800162c                USART3_IRQHandler
                0x000000000800162c                LPTIM5_IRQHandler
                0x000000000800162c                UART5_IRQHandler
                0x000000000800162c                DMA2_Stream0_IRQHandler
                0x000000000800162c                TIM4_IRQHandler
                0x000000000800162c                I2C1_EV_IRQHandler
                0x000000000800162c                DMA1_Stream6_IRQHandler
                0x000000000800162c                DMAMUX1_OVR_IRQHandler
                0x000000000800162c                DMA1_Stream1_IRQHandler
                0x000000000800162c                TIM16_IRQHandler
                0x000000000800162c                UART4_IRQHandler
                0x000000000800162c                TIM3_IRQHandler
                0x000000000800162c                RCC_IRQHandler
                0x000000000800162c                UART9_IRQHandler
                0x000000000800162c                TIM8_BRK_TIM12_IRQHandler
                0x000000000800162c                TIM1_TRG_COM_IRQHandler
                0x000000000800162c                Default_Handler
                0x000000000800162c                ECC_IRQHandler
                0x000000000800162c                BDMA2_Channel2_IRQHandler
                0x000000000800162c                CEC_IRQHandler
                0x000000000800162c                EXTI15_10_IRQHandler
                0x000000000800162c                DFSDM1_FLT4_IRQHandler
                0x000000000800162c                ADC_IRQHandler
                0x000000000800162c                DMA1_Stream7_IRQHandler
                0x000000000800162c                SPI5_IRQHandler
                0x000000000800162c                TIM7_IRQHandler
                0x000000000800162c                SDMMC1_IRQHandler
                0x000000000800162c                TIM5_IRQHandler
                0x000000000800162c                DMA2_Stream7_IRQHandler
                0x000000000800162c                TIM15_IRQHandler
                0x000000000800162c                I2C3_EV_IRQHandler
                0x000000000800162c                DFSDM2_IRQHandler
                0x000000000800162c                EXTI9_5_IRQHandler
                0x000000000800162c                RTC_WKUP_IRQHandler
                0x000000000800162c                LTDC_IRQHandler
                0x000000000800162c                SPDIF_RX_IRQHandler
                0x000000000800162c                PVD_PVM_IRQHandler
                0x000000000800162c                SPI2_IRQHandler
                0x000000000800162c                OTG_HS_EP1_IN_IRQHandler
                0x000000000800162c                DFSDM1_FLT5_IRQHandler
                0x000000000800162c                CRS_IRQHandler
                0x000000000800162c                EXTI4_IRQHandler
                0x000000000800162c                DFSDM1_FLT6_IRQHandler
                0x000000000800162c                RNG_IRQHandler
                0x000000000800162c                FDCAN2_IT1_IRQHandler
                0x000000000800162c                COMP_IRQHandler
                0x000000000800162c                TIM1_UP_IRQHandler
                0x000000000800162c                OTG_HS_EP1_OUT_IRQHandler
                0x000000000800162c                WWDG_IRQHandler
                0x000000000800162c                SPI6_IRQHandler
                0x000000000800162c                MDIOS_IRQHandler
                0x000000000800162c                I2C4_EV_IRQHandler
                0x000000000800162c                FDCAN2_IT0_IRQHandler
                0x000000000800162c                LPUART1_IRQHandler
                0x000000000800162c                FDCAN1_IT0_IRQHandler
                0x000000000800162c                BDMA2_Channel5_IRQHandler
                0x000000000800162c                OTG_HS_IRQHandler
                0x000000000800162c                DMA2D_IRQHandler
                0x000000000800162c                TIM1_BRK_IRQHandler
                0x000000000800162c                EXTI1_IRQHandler
                0x000000000800162c                SDMMC2_IRQHandler
                0x000000000800162c                DTS_IRQHandler
                0x000000000800162c                UART7_IRQHandler
                0x000000000800162c                MDIOS_WKUP_IRQHandler
                0x000000000800162c                USART2_IRQHandler
                0x000000000800162c                DFSDM1_FLT0_IRQHandler
                0x000000000800162c                I2C2_ER_IRQHandler
                0x000000000800162c                DMA2_Stream1_IRQHandler
                0x000000000800162c                DFSDM1_FLT7_IRQHandler
                0x000000000800162c                FLASH_IRQHandler
                0x000000000800162c                DMA2_Stream4_IRQHandler
                0x000000000800162c                USART1_IRQHandler
                0x000000000800162c                SPI3_IRQHandler
                0x000000000800162c                WAKEUP_PIN_IRQHandler
                0x000000000800162c                DMA1_Stream4_IRQHandler
                0x000000000800162c                I2C1_ER_IRQHandler
                0x000000000800162c                FMC_IRQHandler
                0x000000000800162c                BDMA2_Channel7_IRQHandler
                0x000000000800162c                FDCAN_CAL_IRQHandler
                0x000000000800162c                SWPMI1_IRQHandler
                0x000000000800162c                LPTIM1_IRQHandler
                0x000000000800162c                DCMI_PSSI_IRQHandler
                0x000000000800162c                I2C4_ER_IRQHandler
                0x000000000800162c                DMA2_Stream6_IRQHandler
                0x000000000800162c                SAI1_IRQHandler
                0x000000000800162c                DMA1_Stream3_IRQHandler
                0x000000000800162c                RTC_TAMP_STAMP_CSS_LSE_IRQHandler
                0x000000000800162c                BDMA2_Channel4_IRQHandler
 *fill*         0x000000000800162e        0x2 
 .text.HAL_Init
                0x0000000008001630       0x78 ./Drivers/STM32H7xx_HAL_Driver/Src/stm32h7xx_hal.o
                0x0000000008001630                HAL_Init
 .text.HAL_IncTick
                0x00000000080016a8       0x28 ./Drivers/STM32H7xx_HAL_Driver/Src/stm32h7xx_hal.o
                0x00000000080016a8                HAL_IncTick
 .text.HAL_GetTick
                0x00000000080016d0       0x18 ./Drivers/STM32H7xx_HAL_Driver/Src/stm32h7xx_hal.o
                0x00000000080016d0                HAL_GetTick
 .text.LL_ADC_SetCommonClock
                0x00000000080016e8       0x26 ./Drivers/STM32H7xx_HAL_Driver/Src/stm32h7xx_hal_adc.o
 .text.LL_ADC_SetCommonPathInternalCh
                0x000000000800170e       0x26 ./Drivers/STM32H7xx_HAL_Driver/Src/stm32h7xx_hal_adc.o
 .text.LL_ADC_GetCommonPathInternalCh
                0x0000000008001734       0x1c ./Drivers/STM32H7xx_HAL_Driver/Src/stm32h7xx_hal_adc.o
 .text.LL_ADC_SetOffset
                0x0000000008001750       0x40 ./Drivers/STM32H7xx_HAL_Driver/Src/stm32h7xx_hal_adc.o
 .text.LL_ADC_SetDataRightShift
                0x0000000008001790       0x32 ./Drivers/STM32H7xx_HAL_Driver/Src/stm32h7xx_hal_adc.o
 .text.LL_ADC_SetOffsetSignedSaturation
                0x00000000080017c2       0x36 ./Drivers/STM32H7xx_HAL_Driver/Src/stm32h7xx_hal_adc.o
 .text.LL_ADC_REG_IsTriggerSourceSWStart
                0x00000000080017f8       0x26 ./Drivers/STM32H7xx_HAL_Driver/Src/stm32h7xx_hal_adc.o
 .text.LL_ADC_REG_SetSequencerRanks
                0x000000000800181e       0x58 ./Drivers/STM32H7xx_HAL_Driver/Src/stm32h7xx_hal_adc.o
 .text.LL_ADC_REG_SetDataTransferMode
                0x0000000008001876       0x26 ./Drivers/STM32H7xx_HAL_Driver/Src/stm32h7xx_hal_adc.o
 .text.LL_ADC_SetChannelSamplingTime
                0x000000000800189c       0x56 ./Drivers/STM32H7xx_HAL_Driver/Src/stm32h7xx_hal_adc.o
 *fill*         0x00000000080018f2        0x2 
 .text.LL_ADC_SetChannelSingleDiff
                0x00000000080018f4       0x48 ./Drivers/STM32H7xx_HAL_Driver/Src/stm32h7xx_hal_adc.o
 .text.LL_ADC_GetMultimode
                0x000000000800193c       0x1c ./Drivers/STM32H7xx_HAL_Driver/Src/stm32h7xx_hal_adc.o
 .text.LL_ADC_DisableDeepPowerDown
                0x0000000008001958       0x24 ./Drivers/STM32H7xx_HAL_Driver/Src/stm32h7xx_hal_adc.o
 .text.LL_ADC_IsDeepPowerDownEnabled
                0x000000000800197c       0x28 ./Drivers/STM32H7xx_HAL_Driver/Src/stm32h7xx_hal_adc.o
 .text.LL_ADC_EnableInternalRegulator
                0x00000000080019a4       0x28 ./Drivers/STM32H7xx_HAL_Driver/Src/stm32h7xx_hal_adc.o
 .text.LL_ADC_IsInternalRegulatorEnabled
                0x00000000080019cc       0x28 ./Drivers/STM32H7xx_HAL_Driver/Src/stm32h7xx_hal_adc.o
 .text.LL_ADC_Enable
                0x00000000080019f4       0x28 ./Drivers/STM32H7xx_HAL_Driver/Src/stm32h7xx_hal_adc.o
 .text.LL_ADC_Disable
                0x0000000008001a1c       0x28 ./Drivers/STM32H7xx_HAL_Driver/Src/stm32h7xx_hal_adc.o
 .text.LL_ADC_IsEnabled
                0x0000000008001a44       0x26 ./Drivers/STM32H7xx_HAL_Driver/Src/stm32h7xx_hal_adc.o
 .text.LL_ADC_IsDisableOngoing
                0x0000000008001a6a       0x26 ./Drivers/STM32H7xx_HAL_Driver/Src/stm32h7xx_hal_adc.o
 .text.LL_ADC_REG_StartConversion
                0x0000000008001a90       0x28 ./Drivers/STM32H7xx_HAL_Driver/Src/stm32h7xx_hal_adc.o
 .text.LL_ADC_REG_StopConversion
                0x0000000008001ab8       0x28 ./Drivers/STM32H7xx_HAL_Driver/Src/stm32h7xx_hal_adc.o
 .text.LL_ADC_REG_IsConversionOngoing
                0x0000000008001ae0       0x26 ./Drivers/STM32H7xx_HAL_Driver/Src/stm32h7xx_hal_adc.o
 *fill*         0x0000000008001b06        0x2 
 .text.LL_ADC_INJ_StopConversion
                0x0000000008001b08       0x28 ./Drivers/STM32H7xx_HAL_Driver/Src/stm32h7xx_hal_adc.o
 .text.LL_ADC_INJ_IsConversionOngoing
                0x0000000008001b30       0x26 ./Drivers/STM32H7xx_HAL_Driver/Src/stm32h7xx_hal_adc.o
 *fill*         0x0000000008001b56        0x2 
 .text.HAL_ADC_Init
                0x0000000008001b58      0x2b4 ./Drivers/STM32H7xx_HAL_Driver/Src/stm32h7xx_hal_adc.o
                0x0000000008001b58                HAL_ADC_Init
 .text.HAL_ADC_Start_DMA
                0x0000000008001e0c      0x168 ./Drivers/STM32H7xx_HAL_Driver/Src/stm32h7xx_hal_adc.o
                0x0000000008001e0c                HAL_ADC_Start_DMA
 .text.HAL_ADC_Stop_DMA
                0x0000000008001f74       0xc4 ./Drivers/STM32H7xx_HAL_Driver/Src/stm32h7xx_hal_adc.o
                0x0000000008001f74                HAL_ADC_Stop_DMA
 .text.HAL_ADC_ConvHalfCpltCallback
                0x0000000008002038       0x14 ./Drivers/STM32H7xx_HAL_Driver/Src/stm32h7xx_hal_adc.o
                0x0000000008002038                HAL_ADC_ConvHalfCpltCallback
 .text.HAL_ADC_ErrorCallback
                0x000000000800204c       0x14 ./Drivers/STM32H7xx_HAL_Driver/Src/stm32h7xx_hal_adc.o
                0x000000000800204c                HAL_ADC_ErrorCallback
 .text.HAL_ADC_ConfigChannel
                0x0000000008002060      0x5cc ./Drivers/STM32H7xx_HAL_Driver/Src/stm32h7xx_hal_adc.o
                0x0000000008002060                HAL_ADC_ConfigChannel
 .text.ADC_ConversionStop
                0x000000000800262c      0x178 ./Drivers/STM32H7xx_HAL_Driver/Src/stm32h7xx_hal_adc.o
                0x000000000800262c                ADC_ConversionStop
 .text.ADC_Enable
                0x00000000080027a4       0xf8 ./Drivers/STM32H7xx_HAL_Driver/Src/stm32h7xx_hal_adc.o
                0x00000000080027a4                ADC_Enable
 .text.ADC_Disable
                0x000000000800289c       0xbe ./Drivers/STM32H7xx_HAL_Driver/Src/stm32h7xx_hal_adc.o
                0x000000000800289c                ADC_Disable
 .text.ADC_DMAConvCplt
                0x000000000800295a       0xd8 ./Drivers/STM32H7xx_HAL_Driver/Src/stm32h7xx_hal_adc.o
                0x000000000800295a                ADC_DMAConvCplt
 .text.ADC_DMAHalfConvCplt
                0x0000000008002a32       0x1c ./Drivers/STM32H7xx_HAL_Driver/Src/stm32h7xx_hal_adc.o
                0x0000000008002a32                ADC_DMAHalfConvCplt
 .text.ADC_DMAError
                0x0000000008002a4e       0x34 ./Drivers/STM32H7xx_HAL_Driver/Src/stm32h7xx_hal_adc.o
                0x0000000008002a4e                ADC_DMAError
 *fill*         0x0000000008002a82        0x2 
 .text.ADC_ConfigureBoostMode
                0x0000000008002a84      0x19c ./Drivers/STM32H7xx_HAL_Driver/Src/stm32h7xx_hal_adc.o
                0x0000000008002a84                ADC_ConfigureBoostMode
 .text.LL_ADC_IsEnabled
                0x0000000008002c20       0x26 ./Drivers/STM32H7xx_HAL_Driver/Src/stm32h7xx_hal_adc_ex.o
 .text.LL_ADC_REG_IsConversionOngoing
                0x0000000008002c46       0x26 ./Drivers/STM32H7xx_HAL_Driver/Src/stm32h7xx_hal_adc_ex.o
 .text.HAL_ADCEx_MultiModeConfigChannel
                0x0000000008002c6c      0x138 ./Drivers/STM32H7xx_HAL_Driver/Src/stm32h7xx_hal_adc_ex.o
                0x0000000008002c6c                HAL_ADCEx_MultiModeConfigChannel
 .text.__NVIC_SetPriorityGrouping
                0x0000000008002da4       0x48 ./Drivers/STM32H7xx_HAL_Driver/Src/stm32h7xx_hal_cortex.o
 .text.__NVIC_GetPriorityGrouping
                0x0000000008002dec       0x1c ./Drivers/STM32H7xx_HAL_Driver/Src/stm32h7xx_hal_cortex.o
 .text.__NVIC_EnableIRQ
                0x0000000008002e08       0x3c ./Drivers/STM32H7xx_HAL_Driver/Src/stm32h7xx_hal_cortex.o
 .text.__NVIC_SetPriority
                0x0000000008002e44       0x54 ./Drivers/STM32H7xx_HAL_Driver/Src/stm32h7xx_hal_cortex.o
 .text.NVIC_EncodePriority
                0x0000000008002e98       0x66 ./Drivers/STM32H7xx_HAL_Driver/Src/stm32h7xx_hal_cortex.o
 .text.HAL_NVIC_SetPriorityGrouping
                0x0000000008002efe       0x16 ./Drivers/STM32H7xx_HAL_Driver/Src/stm32h7xx_hal_cortex.o
                0x0000000008002efe                HAL_NVIC_SetPriorityGrouping
 .text.HAL_NVIC_SetPriority
                0x0000000008002f14       0x34 ./Drivers/STM32H7xx_HAL_Driver/Src/stm32h7xx_hal_cortex.o
                0x0000000008002f14                HAL_NVIC_SetPriority
 .text.HAL_NVIC_EnableIRQ
                0x0000000008002f48       0x1c ./Drivers/STM32H7xx_HAL_Driver/Src/stm32h7xx_hal_cortex.o
                0x0000000008002f48                HAL_NVIC_EnableIRQ
 .text.HAL_DMA_Init
                0x0000000008002f64      0x720 ./Drivers/STM32H7xx_HAL_Driver/Src/stm32h7xx_hal_dma.o
                0x0000000008002f64                HAL_DMA_Init
 .text.HAL_DMA_Start_IT
                0x0000000008003684      0x4d4 ./Drivers/STM32H7xx_HAL_Driver/Src/stm32h7xx_hal_dma.o
                0x0000000008003684                HAL_DMA_Start_IT
 .text.HAL_DMA_Abort
                0x0000000008003b58      0x63c ./Drivers/STM32H7xx_HAL_Driver/Src/stm32h7xx_hal_dma.o
                0x0000000008003b58                HAL_DMA_Abort
 .text.HAL_DMA_IRQHandler
                0x0000000008004194      0xec4 ./Drivers/STM32H7xx_HAL_Driver/Src/stm32h7xx_hal_dma.o
                0x0000000008004194                HAL_DMA_IRQHandler
 .text.DMA_SetConfig
                0x0000000008005058      0x3c8 ./Drivers/STM32H7xx_HAL_Driver/Src/stm32h7xx_hal_dma.o
 .text.DMA_CalcBaseAndBitshift
                0x0000000008005420      0x164 ./Drivers/STM32H7xx_HAL_Driver/Src/stm32h7xx_hal_dma.o
 .text.DMA_CheckFifoParam
                0x0000000008005584       0xf8 ./Drivers/STM32H7xx_HAL_Driver/Src/stm32h7xx_hal_dma.o
 .text.DMA_CalcDMAMUXChannelBaseAndMask
                0x000000000800567c      0x134 ./Drivers/STM32H7xx_HAL_Driver/Src/stm32h7xx_hal_dma.o
 .text.DMA_CalcDMAMUXRequestGenBaseAndMask
                0x00000000080057b0       0xe8 ./Drivers/STM32H7xx_HAL_Driver/Src/stm32h7xx_hal_dma.o
 .text.HAL_GPIO_Init
                0x0000000008005898      0x360 ./Drivers/STM32H7xx_HAL_Driver/Src/stm32h7xx_hal_gpio.o
                0x0000000008005898                HAL_GPIO_Init
 .text.HAL_GPIO_WritePin
                0x0000000008005bf8       0x32 ./Drivers/STM32H7xx_HAL_Driver/Src/stm32h7xx_hal_gpio.o
                0x0000000008005bf8                HAL_GPIO_WritePin
 .text.HAL_GPIO_TogglePin
                0x0000000008005c2a       0x34 ./Drivers/STM32H7xx_HAL_Driver/Src/stm32h7xx_hal_gpio.o
                0x0000000008005c2a                HAL_GPIO_TogglePin
 *fill*         0x0000000008005c5e        0x2 
 .text.HAL_PWREx_ConfigSupply
                0x0000000008005c60       0xb4 ./Drivers/STM32H7xx_HAL_Driver/Src/stm32h7xx_hal_pwr_ex.o
                0x0000000008005c60                HAL_PWREx_ConfigSupply
 .text.HAL_RCC_OscConfig
                0x0000000008005d14      0x864 ./Drivers/STM32H7xx_HAL_Driver/Src/stm32h7xx_hal_rcc.o
                0x0000000008005d14                HAL_RCC_OscConfig
 .text.HAL_RCC_ClockConfig
                0x0000000008006578      0x36c ./Drivers/STM32H7xx_HAL_Driver/Src/stm32h7xx_hal_rcc.o
                0x0000000008006578                HAL_RCC_ClockConfig
 .text.HAL_RCC_GetSysClockFreq
                0x00000000080068e4      0x2f4 ./Drivers/STM32H7xx_HAL_Driver/Src/stm32h7xx_hal_rcc.o
                0x00000000080068e4                HAL_RCC_GetSysClockFreq
 .text.HAL_RCC_GetHCLKFreq
                0x0000000008006bd8       0x60 ./Drivers/STM32H7xx_HAL_Driver/Src/stm32h7xx_hal_rcc.o
                0x0000000008006bd8                HAL_RCC_GetHCLKFreq
 .text.HAL_RCC_GetPCLK1Freq
                0x0000000008006c38       0x2c ./Drivers/STM32H7xx_HAL_Driver/Src/stm32h7xx_hal_rcc.o
                0x0000000008006c38                HAL_RCC_GetPCLK1Freq
 .text.HAL_RCC_GetPCLK2Freq
                0x0000000008006c64       0x2c ./Drivers/STM32H7xx_HAL_Driver/Src/stm32h7xx_hal_rcc.o
                0x0000000008006c64                HAL_RCC_GetPCLK2Freq
 .text.HAL_RCC_GetClockConfig
                0x0000000008006c90       0x84 ./Drivers/STM32H7xx_HAL_Driver/Src/stm32h7xx_hal_rcc.o
                0x0000000008006c90                HAL_RCC_GetClockConfig
 .text.HAL_RCCEx_PeriphCLKConfig
                0x0000000008006d14     0x137c ./Drivers/STM32H7xx_HAL_Driver/Src/stm32h7xx_hal_rcc_ex.o
                0x0000000008006d14                HAL_RCCEx_PeriphCLKConfig
 .text.HAL_RCCEx_GetPeriphCLKFreq
                0x0000000008008090      0x9b0 ./Drivers/STM32H7xx_HAL_Driver/Src/stm32h7xx_hal_rcc_ex.o
                0x0000000008008090                HAL_RCCEx_GetPeriphCLKFreq
 .text.HAL_RCCEx_GetD3PCLK1Freq
                0x0000000008008a40       0x2c ./Drivers/STM32H7xx_HAL_Driver/Src/stm32h7xx_hal_rcc_ex.o
                0x0000000008008a40                HAL_RCCEx_GetD3PCLK1Freq
 .text.HAL_RCCEx_GetPLL2ClockFreq
                0x0000000008008a6c      0x2a8 ./Drivers/STM32H7xx_HAL_Driver/Src/stm32h7xx_hal_rcc_ex.o
                0x0000000008008a6c                HAL_RCCEx_GetPLL2ClockFreq
 .text.HAL_RCCEx_GetPLL3ClockFreq
                0x0000000008008d14      0x2a8 ./Drivers/STM32H7xx_HAL_Driver/Src/stm32h7xx_hal_rcc_ex.o
                0x0000000008008d14                HAL_RCCEx_GetPLL3ClockFreq
 .text.HAL_RCCEx_GetPLL1ClockFreq
                0x0000000008008fbc      0x2a4 ./Drivers/STM32H7xx_HAL_Driver/Src/stm32h7xx_hal_rcc_ex.o
                0x0000000008008fbc                HAL_RCCEx_GetPLL1ClockFreq
 .text.RCCEx_PLL2_Config
                0x0000000008009260      0x164 ./Drivers/STM32H7xx_HAL_Driver/Src/stm32h7xx_hal_rcc_ex.o
 .text.RCCEx_PLL3_Config
                0x00000000080093c4      0x164 ./Drivers/STM32H7xx_HAL_Driver/Src/stm32h7xx_hal_rcc_ex.o
 .text.HAL_TIM_Base_Init
                0x0000000008009528       0xae ./Drivers/STM32H7xx_HAL_Driver/Src/stm32h7xx_hal_tim.o
                0x0000000008009528                HAL_TIM_Base_Init
 *fill*         0x00000000080095d6        0x2 
 .text.HAL_TIM_Base_Start
                0x00000000080095d8       0xe0 ./Drivers/STM32H7xx_HAL_Driver/Src/stm32h7xx_hal_tim.o
                0x00000000080095d8                HAL_TIM_Base_Start
 .text.HAL_TIM_Base_Start_IT
                0x00000000080096b8       0xf0 ./Drivers/STM32H7xx_HAL_Driver/Src/stm32h7xx_hal_tim.o
                0x00000000080096b8                HAL_TIM_Base_Start_IT
 .text.HAL_TIM_OC_Init
                0x00000000080097a8       0xae ./Drivers/STM32H7xx_HAL_Driver/Src/stm32h7xx_hal_tim.o
                0x00000000080097a8                HAL_TIM_OC_Init
 .text.HAL_TIM_OC_MspInit
                0x0000000008009856       0x14 ./Drivers/STM32H7xx_HAL_Driver/Src/stm32h7xx_hal_tim.o
                0x0000000008009856                HAL_TIM_OC_MspInit
 *fill*         0x000000000800986a        0x2 
 .text.HAL_TIM_OC_Start
                0x000000000800986c      0x21c ./Drivers/STM32H7xx_HAL_Driver/Src/stm32h7xx_hal_tim.o
                0x000000000800986c                HAL_TIM_OC_Start
 .text.HAL_TIM_IRQHandler
                0x0000000008009a88      0x23e ./Drivers/STM32H7xx_HAL_Driver/Src/stm32h7xx_hal_tim.o
                0x0000000008009a88                HAL_TIM_IRQHandler
 *fill*         0x0000000008009cc6        0x2 
 .text.HAL_TIM_OC_ConfigChannel
                0x0000000008009cc8       0xf4 ./Drivers/STM32H7xx_HAL_Driver/Src/stm32h7xx_hal_tim.o
                0x0000000008009cc8                HAL_TIM_OC_ConfigChannel
 .text.HAL_TIM_ConfigClockSource
                0x0000000008009dbc      0x1f0 ./Drivers/STM32H7xx_HAL_Driver/Src/stm32h7xx_hal_tim.o
                0x0000000008009dbc                HAL_TIM_ConfigClockSource
 .text.HAL_TIM_OC_DelayElapsedCallback
                0x0000000008009fac       0x14 ./Drivers/STM32H7xx_HAL_Driver/Src/stm32h7xx_hal_tim.o
                0x0000000008009fac                HAL_TIM_OC_DelayElapsedCallback
 .text.HAL_TIM_IC_CaptureCallback
                0x0000000008009fc0       0x14 ./Drivers/STM32H7xx_HAL_Driver/Src/stm32h7xx_hal_tim.o
                0x0000000008009fc0                HAL_TIM_IC_CaptureCallback
 .text.HAL_TIM_PWM_PulseFinishedCallback
                0x0000000008009fd4       0x14 ./Drivers/STM32H7xx_HAL_Driver/Src/stm32h7xx_hal_tim.o
                0x0000000008009fd4                HAL_TIM_PWM_PulseFinishedCallback
 .text.HAL_TIM_TriggerCallback
                0x0000000008009fe8       0x14 ./Drivers/STM32H7xx_HAL_Driver/Src/stm32h7xx_hal_tim.o
                0x0000000008009fe8                HAL_TIM_TriggerCallback
 .text.TIM_Base_SetConfig
                0x0000000008009ffc      0x134 ./Drivers/STM32H7xx_HAL_Driver/Src/stm32h7xx_hal_tim.o
                0x0000000008009ffc                TIM_Base_SetConfig
 .text.TIM_OC1_SetConfig
                0x000000000800a130      0x120 ./Drivers/STM32H7xx_HAL_Driver/Src/stm32h7xx_hal_tim.o
 .text.TIM_OC2_SetConfig
                0x000000000800a250      0x114 ./Drivers/STM32H7xx_HAL_Driver/Src/stm32h7xx_hal_tim.o
                0x000000000800a250                TIM_OC2_SetConfig
 .text.TIM_OC3_SetConfig
                0x000000000800a364      0x110 ./Drivers/STM32H7xx_HAL_Driver/Src/stm32h7xx_hal_tim.o
 .text.TIM_OC4_SetConfig
                0x000000000800a474       0xd4 ./Drivers/STM32H7xx_HAL_Driver/Src/stm32h7xx_hal_tim.o
 .text.TIM_OC5_SetConfig
                0x000000000800a548       0xc8 ./Drivers/STM32H7xx_HAL_Driver/Src/stm32h7xx_hal_tim.o
 .text.TIM_OC6_SetConfig
                0x000000000800a610       0xcc ./Drivers/STM32H7xx_HAL_Driver/Src/stm32h7xx_hal_tim.o
 .text.TIM_TI1_ConfigInputStage
                0x000000000800a6dc       0x5e ./Drivers/STM32H7xx_HAL_Driver/Src/stm32h7xx_hal_tim.o
 .text.TIM_TI2_ConfigInputStage
                0x000000000800a73a       0x60 ./Drivers/STM32H7xx_HAL_Driver/Src/stm32h7xx_hal_tim.o
 *fill*         0x000000000800a79a        0x2 
 .text.TIM_ITRx_SetConfig
                0x000000000800a79c       0x3c ./Drivers/STM32H7xx_HAL_Driver/Src/stm32h7xx_hal_tim.o
 .text.TIM_ETR_SetConfig
                0x000000000800a7d8       0x40 ./Drivers/STM32H7xx_HAL_Driver/Src/stm32h7xx_hal_tim.o
                0x000000000800a7d8                TIM_ETR_SetConfig
 .text.TIM_CCxChannelCmd
                0x000000000800a818       0x4a ./Drivers/STM32H7xx_HAL_Driver/Src/stm32h7xx_hal_tim.o
                0x000000000800a818                TIM_CCxChannelCmd
 *fill*         0x000000000800a862        0x2 
 .text.HAL_TIMEx_MasterConfigSynchronization
                0x000000000800a864      0x11c ./Drivers/STM32H7xx_HAL_Driver/Src/stm32h7xx_hal_tim_ex.o
                0x000000000800a864                HAL_TIMEx_MasterConfigSynchronization
 .text.HAL_TIMEx_ConfigBreakDeadTime
                0x000000000800a980      0x140 ./Drivers/STM32H7xx_HAL_Driver/Src/stm32h7xx_hal_tim_ex.o
                0x000000000800a980                HAL_TIMEx_ConfigBreakDeadTime
 .text.HAL_TIMEx_CommutCallback
                0x000000000800aac0       0x14 ./Drivers/STM32H7xx_HAL_Driver/Src/stm32h7xx_hal_tim_ex.o
                0x000000000800aac0                HAL_TIMEx_CommutCallback
 .text.HAL_TIMEx_BreakCallback
                0x000000000800aad4       0x14 ./Drivers/STM32H7xx_HAL_Driver/Src/stm32h7xx_hal_tim_ex.o
                0x000000000800aad4                HAL_TIMEx_BreakCallback
 .text.HAL_TIMEx_Break2Callback
                0x000000000800aae8       0x14 ./Drivers/STM32H7xx_HAL_Driver/Src/stm32h7xx_hal_tim_ex.o
                0x000000000800aae8                HAL_TIMEx_Break2Callback
 .text.HAL_UART_Init
                0x000000000800aafc       0xa0 ./Drivers/STM32H7xx_HAL_Driver/Src/stm32h7xx_hal_uart.o
                0x000000000800aafc                HAL_UART_Init
 .text.UART_SetConfig
                0x000000000800ab9c      0xcd8 ./Drivers/STM32H7xx_HAL_Driver/Src/stm32h7xx_hal_uart.o
                0x000000000800ab9c                UART_SetConfig
 .text.UART_AdvFeatureConfig
                0x000000000800b874      0x144 ./Drivers/STM32H7xx_HAL_Driver/Src/stm32h7xx_hal_uart.o
                0x000000000800b874                UART_AdvFeatureConfig
 .text.UART_CheckIdleState
                0x000000000800b9b8      0x154 ./Drivers/STM32H7xx_HAL_Driver/Src/stm32h7xx_hal_uart.o
                0x000000000800b9b8                UART_CheckIdleState
 .text.UART_WaitOnFlagUntilTimeout
                0x000000000800bb0c       0xce ./Drivers/STM32H7xx_HAL_Driver/Src/stm32h7xx_hal_uart.o
                0x000000000800bb0c                UART_WaitOnFlagUntilTimeout
 *fill*         0x000000000800bbda        0x2 
 .text.UART_EndRxTransfer
                0x000000000800bbdc       0xcc ./Drivers/STM32H7xx_HAL_Driver/Src/stm32h7xx_hal_uart.o
 .text.HAL_UARTEx_DisableFifoMode
                0x000000000800bca8       0x72 ./Drivers/STM32H7xx_HAL_Driver/Src/stm32h7xx_hal_uart_ex.o
                0x000000000800bca8                HAL_UARTEx_DisableFifoMode
 .text.HAL_UARTEx_SetTxFifoThreshold
                0x000000000800bd1a       0x7c ./Drivers/STM32H7xx_HAL_Driver/Src/stm32h7xx_hal_uart_ex.o
                0x000000000800bd1a                HAL_UARTEx_SetTxFifoThreshold
 .text.HAL_UARTEx_SetRxFifoThreshold
                0x000000000800bd96       0x7c ./Drivers/STM32H7xx_HAL_Driver/Src/stm32h7xx_hal_uart_ex.o
                0x000000000800bd96                HAL_UARTEx_SetRxFifoThreshold
 *fill*         0x000000000800be12        0x2 
 .text.UARTEx_SetNbDataToProcess
                0x000000000800be14       0x9c ./Drivers/STM32H7xx_HAL_Driver/Src/stm32h7xx_hal_uart_ex.o
 .text.__NVIC_SetPriority
                0x000000000800beb0       0x54 ./Middlewares/Third_Party/FreeRTOS/Source/CMSIS_RTOS_V2/cmsis_os2.o
 .text.SysTick_Handler
                0x000000000800bf04       0x20 ./Middlewares/Third_Party/FreeRTOS/Source/CMSIS_RTOS_V2/cmsis_os2.o
                0x000000000800bf04                SysTick_Handler
 .text.SVC_Setup
                0x000000000800bf24       0x12 ./Middlewares/Third_Party/FreeRTOS/Source/CMSIS_RTOS_V2/cmsis_os2.o
 *fill*         0x000000000800bf36        0x2 
 .text.osKernelInitialize
                0x000000000800bf38       0x48 ./Middlewares/Third_Party/FreeRTOS/Source/CMSIS_RTOS_V2/cmsis_os2.o
                0x000000000800bf38                osKernelInitialize
 .text.osKernelStart
                0x000000000800bf80       0x4c ./Middlewares/Third_Party/FreeRTOS/Source/CMSIS_RTOS_V2/cmsis_os2.o
                0x000000000800bf80                osKernelStart
 .text.osThreadNew
                0x000000000800bfcc      0x124 ./Middlewares/Third_Party/FreeRTOS/Source/CMSIS_RTOS_V2/cmsis_os2.o
                0x000000000800bfcc                osThreadNew
 .text.osDelay  0x000000000800c0f0       0x36 ./Middlewares/Third_Party/FreeRTOS/Source/CMSIS_RTOS_V2/cmsis_os2.o
                0x000000000800c0f0                osDelay
 .text.osSemaphoreNew
                0x000000000800c126      0x112 ./Middlewares/Third_Party/FreeRTOS/Source/CMSIS_RTOS_V2/cmsis_os2.o
                0x000000000800c126                osSemaphoreNew
 .text.osSemaphoreAcquire
                0x000000000800c238       0xa4 ./Middlewares/Third_Party/FreeRTOS/Source/CMSIS_RTOS_V2/cmsis_os2.o
                0x000000000800c238                osSemaphoreAcquire
 .text.osSemaphoreRelease
                0x000000000800c2dc       0x88 ./Middlewares/Third_Party/FreeRTOS/Source/CMSIS_RTOS_V2/cmsis_os2.o
                0x000000000800c2dc                osSemaphoreRelease
 .text.vApplicationGetIdleTaskMemory
                0x000000000800c364       0x34 ./Middlewares/Third_Party/FreeRTOS/Source/CMSIS_RTOS_V2/cmsis_os2.o
                0x000000000800c364                vApplicationGetIdleTaskMemory
 .text.vApplicationGetTimerTaskMemory
                0x000000000800c398       0x34 ./Middlewares/Third_Party/FreeRTOS/Source/CMSIS_RTOS_V2/cmsis_os2.o
                0x000000000800c398                vApplicationGetTimerTaskMemory
 .text.vListInitialise
                0x000000000800c3cc       0x40 ./Middlewares/Third_Party/FreeRTOS/Source/list.o
                0x000000000800c3cc                vListInitialise
 .text.vListInitialiseItem
                0x000000000800c40c       0x1a ./Middlewares/Third_Party/FreeRTOS/Source/list.o
                0x000000000800c40c                vListInitialiseItem
 .text.vListInsertEnd
                0x000000000800c426       0x48 ./Middlewares/Third_Party/FreeRTOS/Source/list.o
                0x000000000800c426                vListInsertEnd
 .text.vListInsert
                0x000000000800c46e       0x72 ./Middlewares/Third_Party/FreeRTOS/Source/list.o
                0x000000000800c46e                vListInsert
 .text.uxListRemove
                0x000000000800c4e0       0x54 ./Middlewares/Third_Party/FreeRTOS/Source/list.o
                0x000000000800c4e0                uxListRemove
 .text.xQueueGenericReset
                0x000000000800c534       0xd0 ./Middlewares/Third_Party/FreeRTOS/Source/queue.o
                0x000000000800c534                xQueueGenericReset
 .text.xQueueGenericCreateStatic
                0x000000000800c604       0xf0 ./Middlewares/Third_Party/FreeRTOS/Source/queue.o
                0x000000000800c604                xQueueGenericCreateStatic
 .text.xQueueGenericCreate
                0x000000000800c6f4       0x74 ./Middlewares/Third_Party/FreeRTOS/Source/queue.o
                0x000000000800c6f4                xQueueGenericCreate
 .text.prvInitialiseNewQueue
                0x000000000800c768       0x46 ./Middlewares/Third_Party/FreeRTOS/Source/queue.o
 .text.xQueueCreateCountingSemaphoreStatic
                0x000000000800c7ae       0x6e ./Middlewares/Third_Party/FreeRTOS/Source/queue.o
                0x000000000800c7ae                xQueueCreateCountingSemaphoreStatic
 .text.xQueueCreateCountingSemaphore
                0x000000000800c81c       0x66 ./Middlewares/Third_Party/FreeRTOS/Source/queue.o
                0x000000000800c81c                xQueueCreateCountingSemaphore
 *fill*         0x000000000800c882        0x2 
 .text.xQueueGenericSend
                0x000000000800c884      0x1fc ./Middlewares/Third_Party/FreeRTOS/Source/queue.o
                0x000000000800c884                xQueueGenericSend
 .text.xQueueGenericSendFromISR
                0x000000000800ca80      0x136 ./Middlewares/Third_Party/FreeRTOS/Source/queue.o
                0x000000000800ca80                xQueueGenericSendFromISR
 .text.xQueueGiveFromISR
                0x000000000800cbb6      0x11a ./Middlewares/Third_Party/FreeRTOS/Source/queue.o
                0x000000000800cbb6                xQueueGiveFromISR
 .text.xQueueReceive
                0x000000000800ccd0      0x1c0 ./Middlewares/Third_Party/FreeRTOS/Source/queue.o
                0x000000000800ccd0                xQueueReceive
 .text.xQueueSemaphoreTake
                0x000000000800ce90      0x218 ./Middlewares/Third_Party/FreeRTOS/Source/queue.o
                0x000000000800ce90                xQueueSemaphoreTake
 .text.xQueueReceiveFromISR
                0x000000000800d0a8      0x100 ./Middlewares/Third_Party/FreeRTOS/Source/queue.o
                0x000000000800d0a8                xQueueReceiveFromISR
 .text.vQueueDelete
                0x000000000800d1a8       0x46 ./Middlewares/Third_Party/FreeRTOS/Source/queue.o
                0x000000000800d1a8                vQueueDelete
 .text.prvGetDisinheritPriorityAfterTimeout
                0x000000000800d1ee       0x30 ./Middlewares/Third_Party/FreeRTOS/Source/queue.o
 .text.prvCopyDataToQueue
                0x000000000800d21e       0xd4 ./Middlewares/Third_Party/FreeRTOS/Source/queue.o
 .text.prvCopyDataFromQueue
                0x000000000800d2f2       0x4c ./Middlewares/Third_Party/FreeRTOS/Source/queue.o
 .text.prvUnlockQueue
                0x000000000800d33e       0xa4 ./Middlewares/Third_Party/FreeRTOS/Source/queue.o
 .text.prvIsQueueEmpty
                0x000000000800d3e2       0x2c ./Middlewares/Third_Party/FreeRTOS/Source/queue.o
 .text.prvIsQueueFull
                0x000000000800d40e       0x30 ./Middlewares/Third_Party/FreeRTOS/Source/queue.o
 *fill*         0x000000000800d43e        0x2 
 .text.vQueueAddToRegistry
                0x000000000800d440       0x54 ./Middlewares/Third_Party/FreeRTOS/Source/queue.o
                0x000000000800d440                vQueueAddToRegistry
 .text.vQueueUnregisterQueue
                0x000000000800d494       0x54 ./Middlewares/Third_Party/FreeRTOS/Source/queue.o
                0x000000000800d494                vQueueUnregisterQueue
 .text.vQueueWaitForMessageRestricted
                0x000000000800d4e8       0x68 ./Middlewares/Third_Party/FreeRTOS/Source/queue.o
                0x000000000800d4e8                vQueueWaitForMessageRestricted
 .text.xTaskCreateStatic
                0x000000000800d550       0xba ./Middlewares/Third_Party/FreeRTOS/Source/tasks.o
                0x000000000800d550                xTaskCreateStatic
 .text.xTaskCreate
                0x000000000800d60a       0x8a ./Middlewares/Third_Party/FreeRTOS/Source/tasks.o
                0x000000000800d60a                xTaskCreate
 .text.prvInitialiseNewTask
                0x000000000800d694      0x11e ./Middlewares/Third_Party/FreeRTOS/Source/tasks.o
 *fill*         0x000000000800d7b2        0x2 
 .text.prvAddNewTaskToReadyList
                0x000000000800d7b4       0xe0 ./Middlewares/Third_Party/FreeRTOS/Source/tasks.o
 .text.vTaskDelay
                0x000000000800d894       0x68 ./Middlewares/Third_Party/FreeRTOS/Source/tasks.o
                0x000000000800d894                vTaskDelay
 .text.vTaskStartScheduler
                0x000000000800d8fc       0xcc ./Middlewares/Third_Party/FreeRTOS/Source/tasks.o
                0x000000000800d8fc                vTaskStartScheduler
 .text.vTaskSuspendAll
                0x000000000800d9c8       0x1c ./Middlewares/Third_Party/FreeRTOS/Source/tasks.o
                0x000000000800d9c8                vTaskSuspendAll
 .text.xTaskResumeAll
                0x000000000800d9e4      0x13c ./Middlewares/Third_Party/FreeRTOS/Source/tasks.o
                0x000000000800d9e4                xTaskResumeAll
 .text.xTaskGetTickCount
                0x000000000800db20       0x20 ./Middlewares/Third_Party/FreeRTOS/Source/tasks.o
                0x000000000800db20                xTaskGetTickCount
 .text.xTaskIncrementTick
                0x000000000800db40      0x174 ./Middlewares/Third_Party/FreeRTOS/Source/tasks.o
                0x000000000800db40                xTaskIncrementTick
 .text.vTaskSwitchContext
                0x000000000800dcb4       0xbc ./Middlewares/Third_Party/FreeRTOS/Source/tasks.o
                0x000000000800dcb4                vTaskSwitchContext
 .text.vTaskPlaceOnEventList
                0x000000000800dd70       0x48 ./Middlewares/Third_Party/FreeRTOS/Source/tasks.o
                0x000000000800dd70                vTaskPlaceOnEventList
 .text.vTaskPlaceOnEventListRestricted
                0x000000000800ddb8       0x58 ./Middlewares/Third_Party/FreeRTOS/Source/tasks.o
                0x000000000800ddb8                vTaskPlaceOnEventListRestricted
 .text.xTaskRemoveFromEventList
                0x000000000800de10       0xc8 ./Middlewares/Third_Party/FreeRTOS/Source/tasks.o
                0x000000000800de10                xTaskRemoveFromEventList
 .text.vTaskInternalSetTimeOutState
                0x000000000800ded8       0x2c ./Middlewares/Third_Party/FreeRTOS/Source/tasks.o
                0x000000000800ded8                vTaskInternalSetTimeOutState
 .text.xTaskCheckForTimeOut
                0x000000000800df04       0xc4 ./Middlewares/Third_Party/FreeRTOS/Source/tasks.o
                0x000000000800df04                xTaskCheckForTimeOut
 .text.vTaskMissedYield
                0x000000000800dfc8       0x18 ./Middlewares/Third_Party/FreeRTOS/Source/tasks.o
                0x000000000800dfc8                vTaskMissedYield
 .text.prvIdleTask
                0x000000000800dfe0       0x30 ./Middlewares/Third_Party/FreeRTOS/Source/tasks.o
 .text.prvInitialiseTaskLists
                0x000000000800e010       0x80 ./Middlewares/Third_Party/FreeRTOS/Source/tasks.o
 .text.prvCheckTasksWaitingTermination
                0x000000000800e090       0x5c ./Middlewares/Third_Party/FreeRTOS/Source/tasks.o
 .text.prvDeleteTCB
                0x000000000800e0ec       0x5e ./Middlewares/Third_Party/FreeRTOS/Source/tasks.o
 *fill*         0x000000000800e14a        0x2 
 .text.prvResetNextTaskUnblockTime
                0x000000000800e14c       0x40 ./Middlewares/Third_Party/FreeRTOS/Source/tasks.o
 .text.xTaskGetSchedulerState
                0x000000000800e18c       0x3c ./Middlewares/Third_Party/FreeRTOS/Source/tasks.o
                0x000000000800e18c                xTaskGetSchedulerState
 .text.xTaskPriorityInherit
                0x000000000800e1c8       0xd0 ./Middlewares/Third_Party/FreeRTOS/Source/tasks.o
                0x000000000800e1c8                xTaskPriorityInherit
 .text.xTaskPriorityDisinherit
                0x000000000800e298       0xdc ./Middlewares/Third_Party/FreeRTOS/Source/tasks.o
                0x000000000800e298                xTaskPriorityDisinherit
 .text.vTaskPriorityDisinheritAfterTimeout
                0x000000000800e374      0x104 ./Middlewares/Third_Party/FreeRTOS/Source/tasks.o
                0x000000000800e374                vTaskPriorityDisinheritAfterTimeout
 .text.pvTaskIncrementMutexHeldCount
                0x000000000800e478       0x28 ./Middlewares/Third_Party/FreeRTOS/Source/tasks.o
                0x000000000800e478                pvTaskIncrementMutexHeldCount
 .text.prvAddCurrentTaskToDelayedList
                0x000000000800e4a0       0xa8 ./Middlewares/Third_Party/FreeRTOS/Source/tasks.o
 .text.xTimerCreateTimerTask
                0x000000000800e548       0x90 ./Middlewares/Third_Party/FreeRTOS/Source/timers.o
                0x000000000800e548                xTimerCreateTimerTask
 .text.xTimerGenericCommand
                0x000000000800e5d8       0x9c ./Middlewares/Third_Party/FreeRTOS/Source/timers.o
                0x000000000800e5d8                xTimerGenericCommand
 .text.prvProcessExpiredTimer
                0x000000000800e674       0x98 ./Middlewares/Third_Party/FreeRTOS/Source/timers.o
 .text.prvTimerTask
                0x000000000800e70c       0x24 ./Middlewares/Third_Party/FreeRTOS/Source/timers.o
 .text.prvProcessTimerOrBlockTask
                0x000000000800e730       0x9c ./Middlewares/Third_Party/FreeRTOS/Source/timers.o
 .text.prvGetNextExpireTime
                0x000000000800e7cc       0x48 ./Middlewares/Third_Party/FreeRTOS/Source/timers.o
 .text.prvSampleTimeNow
                0x000000000800e814       0x40 ./Middlewares/Third_Party/FreeRTOS/Source/timers.o
 .text.prvInsertTimerInActiveList
                0x000000000800e854       0x84 ./Middlewares/Third_Party/FreeRTOS/Source/timers.o
 .text.prvProcessReceivedCommands
                0x000000000800e8d8      0x1c4 ./Middlewares/Third_Party/FreeRTOS/Source/timers.o
 .text.prvSwitchTimerLists
                0x000000000800ea9c       0xc8 ./Middlewares/Third_Party/FreeRTOS/Source/timers.o
 .text.prvCheckForValidListAndQueue
                0x000000000800eb64       0x80 ./Middlewares/Third_Party/FreeRTOS/Source/timers.o
 .text.pxPortInitialiseStack
                0x000000000800ebe4       0x68 ./Middlewares/Third_Party/FreeRTOS/Source/portable/GCC/ARM_CM4F/port.o
                0x000000000800ebe4                pxPortInitialiseStack
 .text.prvTaskExitError
                0x000000000800ec4c       0x58 ./Middlewares/Third_Party/FreeRTOS/Source/portable/GCC/ARM_CM4F/port.o
 *fill*         0x000000000800eca4        0xc 
 .text.SVC_Handler
                0x000000000800ecb0       0x28 ./Middlewares/Third_Party/FreeRTOS/Source/portable/GCC/ARM_CM4F/port.o
                0x000000000800ecb0                SVC_Handler
 .text.prvPortStartFirstTask
                0x000000000800ecd8       0x28 ./Middlewares/Third_Party/FreeRTOS/Source/portable/GCC/ARM_CM4F/port.o
 .text.xPortStartScheduler
                0x000000000800ed00      0x144 ./Middlewares/Third_Party/FreeRTOS/Source/portable/GCC/ARM_CM4F/port.o
                0x000000000800ed00                xPortStartScheduler
 .text.vPortEnterCritical
                0x000000000800ee44       0x60 ./Middlewares/Third_Party/FreeRTOS/Source/portable/GCC/ARM_CM4F/port.o
                0x000000000800ee44                vPortEnterCritical
 .text.vPortExitCritical
                0x000000000800eea4       0x54 ./Middlewares/Third_Party/FreeRTOS/Source/portable/GCC/ARM_CM4F/port.o
                0x000000000800eea4                vPortExitCritical
 *fill*         0x000000000800eef8        0x8 
 .text.PendSV_Handler
                0x000000000800ef00       0x68 ./Middlewares/Third_Party/FreeRTOS/Source/portable/GCC/ARM_CM4F/port.o
                0x000000000800ef00                PendSV_Handler
 .text.xPortSysTickHandler
                0x000000000800ef68       0x44 ./Middlewares/Third_Party/FreeRTOS/Source/portable/GCC/ARM_CM4F/port.o
                0x000000000800ef68                xPortSysTickHandler
 .text.vPortSetupTimerInterrupt
                0x000000000800efac       0x48 ./Middlewares/Third_Party/FreeRTOS/Source/portable/GCC/ARM_CM4F/port.o
                0x000000000800efac                vPortSetupTimerInterrupt
 .text.vPortEnableVFP
                0x000000000800eff4       0x14 ./Middlewares/Third_Party/FreeRTOS/Source/portable/GCC/ARM_CM4F/port.o
 .text.vPortValidateInterruptPriority
                0x000000000800f008       0x80 ./Middlewares/Third_Party/FreeRTOS/Source/portable/GCC/ARM_CM4F/port.o
                0x000000000800f008                vPortValidateInterruptPriority
 .text.pvPortMalloc
                0x000000000800f088      0x198 ./Middlewares/Third_Party/FreeRTOS/Source/portable/MemMang/heap_4.o
                0x000000000800f088                pvPortMalloc
 .text.vPortFree
                0x000000000800f220       0xc4 ./Middlewares/Third_Party/FreeRTOS/Source/portable/MemMang/heap_4.o
                0x000000000800f220                vPortFree
 .text.prvHeapInit
                0x000000000800f2e4       0xc4 ./Middlewares/Third_Party/FreeRTOS/Source/portable/MemMang/heap_4.o
 .text.prvInsertBlockIntoFreeList
                0x000000000800f3a8       0xb4 ./Middlewares/Third_Party/FreeRTOS/Source/portable/MemMang/heap_4.o
 .text.arm_max_f32
                0x000000000800f45c       0xd0 C:\Users\zachs\OneDrive\Documents\Beng Term 8\_Capstone\Capstone\Capstone Hydrophone Project\Remote_Hydrophone_Sys_Rtos\Drivers\CMSIS\Lib\GCC\libarm_cortexM7lfdp_math.a(arm_max_f32.o)
                0x000000000800f45c                arm_max_f32
 .text.arm_rfft_32_fast_init_f32
                0x000000000800f52c       0x38 C:\Users\zachs\OneDrive\Documents\Beng Term 8\_Capstone\Capstone\Capstone Hydrophone Project\Remote_Hydrophone_Sys_Rtos\Drivers\CMSIS\Lib\GCC\libarm_cortexM7lfdp_math.a(arm_rfft_fast_init_f32.o)
                0x000000000800f52c                arm_rfft_32_fast_init_f32
 .text.arm_rfft_64_fast_init_f32
                0x000000000800f564       0x38 C:\Users\zachs\OneDrive\Documents\Beng Term 8\_Capstone\Capstone\Capstone Hydrophone Project\Remote_Hydrophone_Sys_Rtos\Drivers\CMSIS\Lib\GCC\libarm_cortexM7lfdp_math.a(arm_rfft_fast_init_f32.o)
                0x000000000800f564                arm_rfft_64_fast_init_f32
 .text.arm_rfft_256_fast_init_f32
                0x000000000800f59c       0x38 C:\Users\zachs\OneDrive\Documents\Beng Term 8\_Capstone\Capstone\Capstone Hydrophone Project\Remote_Hydrophone_Sys_Rtos\Drivers\CMSIS\Lib\GCC\libarm_cortexM7lfdp_math.a(arm_rfft_fast_init_f32.o)
                0x000000000800f59c                arm_rfft_256_fast_init_f32
 .text.arm_rfft_512_fast_init_f32
                0x000000000800f5d4       0x3c C:\Users\zachs\OneDrive\Documents\Beng Term 8\_Capstone\Capstone\Capstone Hydrophone Project\Remote_Hydrophone_Sys_Rtos\Drivers\CMSIS\Lib\GCC\libarm_cortexM7lfdp_math.a(arm_rfft_fast_init_f32.o)
                0x000000000800f5d4                arm_rfft_512_fast_init_f32
 .text.arm_rfft_1024_fast_init_f32
                0x000000000800f610       0x3c C:\Users\zachs\OneDrive\Documents\Beng Term 8\_Capstone\Capstone\Capstone Hydrophone Project\Remote_Hydrophone_Sys_Rtos\Drivers\CMSIS\Lib\GCC\libarm_cortexM7lfdp_math.a(arm_rfft_fast_init_f32.o)
                0x000000000800f610                arm_rfft_1024_fast_init_f32
 .text.arm_rfft_2048_fast_init_f32
                0x000000000800f64c       0x3c C:\Users\zachs\OneDrive\Documents\Beng Term 8\_Capstone\Capstone\Capstone Hydrophone Project\Remote_Hydrophone_Sys_Rtos\Drivers\CMSIS\Lib\GCC\libarm_cortexM7lfdp_math.a(arm_rfft_fast_init_f32.o)
                0x000000000800f64c                arm_rfft_2048_fast_init_f32
 .text.arm_rfft_4096_fast_init_f32
                0x000000000800f688       0x3c C:\Users\zachs\OneDrive\Documents\Beng Term 8\_Capstone\Capstone\Capstone Hydrophone Project\Remote_Hydrophone_Sys_Rtos\Drivers\CMSIS\Lib\GCC\libarm_cortexM7lfdp_math.a(arm_rfft_fast_init_f32.o)
                0x000000000800f688                arm_rfft_4096_fast_init_f32
 .text.arm_rfft_fast_init_f32
                0x000000000800f6c4       0x68 C:\Users\zachs\OneDrive\Documents\Beng Term 8\_Capstone\Capstone\Capstone Hydrophone Project\Remote_Hydrophone_Sys_Rtos\Drivers\CMSIS\Lib\GCC\libarm_cortexM7lfdp_math.a(arm_rfft_fast_init_f32.o)
                0x000000000800f6c4                arm_rfft_fast_init_f32
 .text.stage_rfft_f32
                0x000000000800f72c       0xb8 C:\Users\zachs\OneDrive\Documents\Beng Term 8\_Capstone\Capstone\Capstone Hydrophone Project\Remote_Hydrophone_Sys_Rtos\Drivers\CMSIS\Lib\GCC\libarm_cortexM7lfdp_math.a(arm_rfft_fast_f32.o)
                0x000000000800f72c                stage_rfft_f32
 .text.merge_rfft_f32
                0x000000000800f7e4       0xac C:\Users\zachs\OneDrive\Documents\Beng Term 8\_Capstone\Capstone\Capstone Hydrophone Project\Remote_Hydrophone_Sys_Rtos\Drivers\CMSIS\Lib\GCC\libarm_cortexM7lfdp_math.a(arm_rfft_fast_f32.o)
                0x000000000800f7e4                merge_rfft_f32
 .text.arm_rfft_fast_f32
                0x000000000800f890       0x40 C:\Users\zachs\OneDrive\Documents\Beng Term 8\_Capstone\Capstone\Capstone Hydrophone Project\Remote_Hydrophone_Sys_Rtos\Drivers\CMSIS\Lib\GCC\libarm_cortexM7lfdp_math.a(arm_rfft_fast_f32.o)
                0x000000000800f890                arm_rfft_fast_f32
 .text.arm_cfft_radix8by2_f32
                0x000000000800f8d0      0x198 C:\Users\zachs\OneDrive\Documents\Beng Term 8\_Capstone\Capstone\Capstone Hydrophone Project\Remote_Hydrophone_Sys_Rtos\Drivers\CMSIS\Lib\GCC\libarm_cortexM7lfdp_math.a(arm_cfft_f32.o)
                0x000000000800f8d0                arm_cfft_radix8by2_f32
 .text.arm_cfft_radix8by4_f32
                0x000000000800fa68      0x4b8 C:\Users\zachs\OneDrive\Documents\Beng Term 8\_Capstone\Capstone\Capstone Hydrophone Project\Remote_Hydrophone_Sys_Rtos\Drivers\CMSIS\Lib\GCC\libarm_cortexM7lfdp_math.a(arm_cfft_f32.o)
                0x000000000800fa68                arm_cfft_radix8by4_f32
 .text.arm_cfft_f32
                0x000000000800ff20       0xec C:\Users\zachs\OneDrive\Documents\Beng Term 8\_Capstone\Capstone\Capstone Hydrophone Project\Remote_Hydrophone_Sys_Rtos\Drivers\CMSIS\Lib\GCC\libarm_cortexM7lfdp_math.a(arm_cfft_f32.o)
                0x000000000800ff20                arm_cfft_f32
 .text.arm_bitreversal_32
                0x000000000801000c       0x50 C:\Users\zachs\OneDrive\Documents\Beng Term 8\_Capstone\Capstone\Capstone Hydrophone Project\Remote_Hydrophone_Sys_Rtos\Drivers\CMSIS\Lib\GCC\libarm_cortexM7lfdp_math.a(arm_bitreversal2.o)
                0x000000000801000c                arm_bitreversal_32
 .text.arm_radix8_butterfly_f32
                0x000000000801005c      0x584 C:\Users\zachs\OneDrive\Documents\Beng Term 8\_Capstone\Capstone\Capstone Hydrophone Project\Remote_Hydrophone_Sys_Rtos\Drivers\CMSIS\Lib\GCC\libarm_cortexM7lfdp_math.a(arm_cfft_radix8_f32.o)
                0x000000000801005c                arm_radix8_butterfly_f32
 .text.__errno  0x00000000080105e0        0xc c:/st/stm32cubeide_1.11.0/stm32cubeide/plugins/com.st.stm32cube.ide.mcu.externaltools.gnu-tools-for-stm32.10.3-2021.10.win32_1.0.100.202210260954/tools/bin/../lib/gcc/arm-none-eabi/10.3.1/../../../../arm-none-eabi/lib/thumb/v7e-m+dp/hard\libc_nano.a(lib_a-errno.o)
                0x00000000080105e0                __errno
 .text.__libc_init_array
                0x00000000080105ec       0x48 c:/st/stm32cubeide_1.11.0/stm32cubeide/plugins/com.st.stm32cube.ide.mcu.externaltools.gnu-tools-for-stm32.10.3-2021.10.win32_1.0.100.202210260954/tools/bin/../lib/gcc/arm-none-eabi/10.3.1/../../../../arm-none-eabi/lib/thumb/v7e-m+dp/hard\libc_nano.a(lib_a-init.o)
                0x00000000080105ec                __libc_init_array
 .text.memcpy   0x0000000008010634       0x1c c:/st/stm32cubeide_1.11.0/stm32cubeide/plugins/com.st.stm32cube.ide.mcu.externaltools.gnu-tools-for-stm32.10.3-2021.10.win32_1.0.100.202210260954/tools/bin/../lib/gcc/arm-none-eabi/10.3.1/../../../../arm-none-eabi/lib/thumb/v7e-m+dp/hard\libc_nano.a(lib_a-memcpy-stub.o)
                0x0000000008010634                memcpy
 .text.memset   0x0000000008010650       0x10 c:/st/stm32cubeide_1.11.0/stm32cubeide/plugins/com.st.stm32cube.ide.mcu.externaltools.gnu-tools-for-stm32.10.3-2021.10.win32_1.0.100.202210260954/tools/bin/../lib/gcc/arm-none-eabi/10.3.1/../../../../arm-none-eabi/lib/thumb/v7e-m+dp/hard\libc_nano.a(lib_a-memset.o)
                0x0000000008010650                memset
 .text.logf     0x0000000008010660       0xcc c:/st/stm32cubeide_1.11.0/stm32cubeide/plugins/com.st.stm32cube.ide.mcu.externaltools.gnu-tools-for-stm32.10.3-2021.10.win32_1.0.100.202210260954/tools/bin/../lib/gcc/arm-none-eabi/10.3.1/../../../../arm-none-eabi/lib/thumb/v7e-m+dp/hard\libm.a(lib_a-sf_log.o)
                0x0000000008010660                logf
 .text.sqrtf    0x000000000801072c       0x3c c:/st/stm32cubeide_1.11.0/stm32cubeide/plugins/com.st.stm32cube.ide.mcu.externaltools.gnu-tools-for-stm32.10.3-2021.10.win32_1.0.100.202210260954/tools/bin/../lib/gcc/arm-none-eabi/10.3.1/../../../../arm-none-eabi/lib/thumb/v7e-m+dp/hard\libm.a(lib_a-wf_sqrt.o)
                0x000000000801072c                sqrtf
 .text.__ieee754_sqrtf
                0x0000000008010768        0x6 c:/st/stm32cubeide_1.11.0/stm32cubeide/plugins/com.st.stm32cube.ide.mcu.externaltools.gnu-tools-for-stm32.10.3-2021.10.win32_1.0.100.202210260954/tools/bin/../lib/gcc/arm-none-eabi/10.3.1/../../../../arm-none-eabi/lib/thumb/v7e-m+dp/hard\libm.a(lib_a-ef_sqrt.o)
                0x0000000008010768                __ieee754_sqrtf
 .text.with_errnof
                0x000000000801076e       0x16 c:/st/stm32cubeide_1.11.0/stm32cubeide/plugins/com.st.stm32cube.ide.mcu.externaltools.gnu-tools-for-stm32.10.3-2021.10.win32_1.0.100.202210260954/tools/bin/../lib/gcc/arm-none-eabi/10.3.1/../../../../arm-none-eabi/lib/thumb/v7e-m+dp/hard\libm.a(lib_a-math_errf.o)
 .text.__math_divzerof
                0x0000000008010784       0x20 c:/st/stm32cubeide_1.11.0/stm32cubeide/plugins/com.st.stm32cube.ide.mcu.externaltools.gnu-tools-for-stm32.10.3-2021.10.win32_1.0.100.202210260954/tools/bin/../lib/gcc/arm-none-eabi/10.3.1/../../../../arm-none-eabi/lib/thumb/v7e-m+dp/hard\libm.a(lib_a-math_errf.o)
                0x0000000008010784                __math_divzerof
 .text.__math_invalidf
                0x00000000080107a4       0x1e c:/st/stm32cubeide_1.11.0/stm32cubeide/plugins/com.st.stm32cube.ide.mcu.externaltools.gnu-tools-for-stm32.10.3-2021.10.win32_1.0.100.202210260954/tools/bin/../lib/gcc/arm-none-eabi/10.3.1/../../../../arm-none-eabi/lib/thumb/v7e-m+dp/hard\libm.a(lib_a-math_errf.o)
                0x00000000080107a4                __math_invalidf
 *(.glue_7)
 .glue_7        0x00000000080107c2        0x0 linker stubs
 *(.glue_7t)
 .glue_7t       0x00000000080107c2        0x0 linker stubs
 *(.eh_frame)
 *fill*         0x00000000080107c2        0x2 
 .eh_frame      0x00000000080107c4        0x0 c:/st/stm32cubeide_1.11.0/stm32cubeide/plugins/com.st.stm32cube.ide.mcu.externaltools.gnu-tools-for-stm32.10.3-2021.10.win32_1.0.100.202210260954/tools/bin/../lib/gcc/arm-none-eabi/10.3.1/thumb/v7e-m+dp/hard/crtbegin.o
 *(.init)
 .init          0x00000000080107c4        0x4 c:/st/stm32cubeide_1.11.0/stm32cubeide/plugins/com.st.stm32cube.ide.mcu.externaltools.gnu-tools-for-stm32.10.3-2021.10.win32_1.0.100.202210260954/tools/bin/../lib/gcc/arm-none-eabi/10.3.1/thumb/v7e-m+dp/hard/crti.o
                0x00000000080107c4                _init
 .init          0x00000000080107c8        0x8 c:/st/stm32cubeide_1.11.0/stm32cubeide/plugins/com.st.stm32cube.ide.mcu.externaltools.gnu-tools-for-stm32.10.3-2021.10.win32_1.0.100.202210260954/tools/bin/../lib/gcc/arm-none-eabi/10.3.1/thumb/v7e-m+dp/hard/crtn.o
 *(.fini)
 .fini          0x00000000080107d0        0x4 c:/st/stm32cubeide_1.11.0/stm32cubeide/plugins/com.st.stm32cube.ide.mcu.externaltools.gnu-tools-for-stm32.10.3-2021.10.win32_1.0.100.202210260954/tools/bin/../lib/gcc/arm-none-eabi/10.3.1/thumb/v7e-m+dp/hard/crti.o
                0x00000000080107d0                _fini
 .fini          0x00000000080107d4        0x8 c:/st/stm32cubeide_1.11.0/stm32cubeide/plugins/com.st.stm32cube.ide.mcu.externaltools.gnu-tools-for-stm32.10.3-2021.10.win32_1.0.100.202210260954/tools/bin/../lib/gcc/arm-none-eabi/10.3.1/thumb/v7e-m+dp/hard/crtn.o
                0x00000000080107dc                . = ALIGN (0x4)
                0x00000000080107dc                _etext = .

.vfp11_veneer   0x00000000080107dc        0x0
 .vfp11_veneer  0x00000000080107dc        0x0 linker stubs

.v4_bx          0x00000000080107dc        0x0
 .v4_bx         0x00000000080107dc        0x0 linker stubs

.iplt           0x00000000080107dc        0x0
 .iplt          0x00000000080107dc        0x0 c:/st/stm32cubeide_1.11.0/stm32cubeide/plugins/com.st.stm32cube.ide.mcu.externaltools.gnu-tools-for-stm32.10.3-2021.10.win32_1.0.100.202210260954/tools/bin/../lib/gcc/arm-none-eabi/10.3.1/thumb/v7e-m+dp/hard/crtbegin.o

.rodata         0x00000000080107e0    0x13230
                0x00000000080107e0                . = ALIGN (0x4)
 *(.rodata)
 .rodata        0x00000000080107e0       0x3d ./Core/Src/main.o
 *fill*         0x000000000801081d        0x3 
 .rodata        0x0000000008010820        0x5 ./Middlewares/Third_Party/FreeRTOS/Source/tasks.o
 *fill*         0x0000000008010825        0x3 
 .rodata        0x0000000008010828        0xd ./Middlewares/Third_Party/FreeRTOS/Source/timers.o
 *(.rodata*)
 *fill*         0x0000000008010835        0x3 
 .rodata.defaultTask_attributes
                0x0000000008010838       0x24 ./Core/Src/main.o
                0x0000000008010838                defaultTask_attributes
 .rodata.AudioCapTask_attributes
                0x000000000801085c       0x24 ./Core/Src/main.o
                0x000000000801085c                AudioCapTask_attributes
 .rodata.FFTTask_attributes
                0x0000000008010880       0x24 ./Core/Src/main.o
                0x0000000008010880                FFTTask_attributes
 .rodata.AudioCapSem01_attributes
                0x00000000080108a4       0x10 ./Core/Src/main.o
                0x00000000080108a4                AudioCapSem01_attributes
 .rodata.FFTSem02_attributes
                0x00000000080108b4       0x10 ./Core/Src/main.o
                0x00000000080108b4                FFTSem02_attributes
 .rodata.D1CorePrescTable
                0x00000000080108c4       0x10 ./Core/Src/system_stm32h7xx.o
                0x00000000080108c4                D1CorePrescTable
 .rodata.flagBitshiftOffset.0
                0x00000000080108d4        0x8 ./Drivers/STM32H7xx_HAL_Driver/Src/stm32h7xx_hal_dma.o
 .rodata.UARTPrescTable
                0x00000000080108dc       0x18 ./Drivers/STM32H7xx_HAL_Driver/Src/stm32h7xx_hal_uart.o
                0x00000000080108dc                UARTPrescTable
 .rodata.numerator.1
                0x00000000080108f4        0x8 ./Drivers/STM32H7xx_HAL_Driver/Src/stm32h7xx_hal_uart_ex.o
 .rodata.denominator.0
                0x00000000080108fc        0x8 ./Drivers/STM32H7xx_HAL_Driver/Src/stm32h7xx_hal_uart_ex.o
 .rodata.armBitRevIndexTable1024
                0x0000000008010904      0xe10 C:\Users\zachs\OneDrive\Documents\Beng Term 8\_Capstone\Capstone\Capstone Hydrophone Project\Remote_Hydrophone_Sys_Rtos\Drivers\CMSIS\Lib\GCC\libarm_cortexM7lfdp_math.a(arm_common_tables.o)
                0x0000000008010904                armBitRevIndexTable1024
 .rodata.armBitRevIndexTable128
                0x0000000008011714      0x1a0 C:\Users\zachs\OneDrive\Documents\Beng Term 8\_Capstone\Capstone\Capstone Hydrophone Project\Remote_Hydrophone_Sys_Rtos\Drivers\CMSIS\Lib\GCC\libarm_cortexM7lfdp_math.a(arm_common_tables.o)
                0x0000000008011714                armBitRevIndexTable128
 .rodata.armBitRevIndexTable16
                0x00000000080118b4       0x28 C:\Users\zachs\OneDrive\Documents\Beng Term 8\_Capstone\Capstone\Capstone Hydrophone Project\Remote_Hydrophone_Sys_Rtos\Drivers\CMSIS\Lib\GCC\libarm_cortexM7lfdp_math.a(arm_common_tables.o)
                0x00000000080118b4                armBitRevIndexTable16
 .rodata.armBitRevIndexTable2048
                0x00000000080118dc     0x1dc0 C:\Users\zachs\OneDrive\Documents\Beng Term 8\_Capstone\Capstone\Capstone Hydrophone Project\Remote_Hydrophone_Sys_Rtos\Drivers\CMSIS\Lib\GCC\libarm_cortexM7lfdp_math.a(arm_common_tables.o)
                0x00000000080118dc                armBitRevIndexTable2048
 .rodata.armBitRevIndexTable256
                0x000000000801369c      0x370 C:\Users\zachs\OneDrive\Documents\Beng Term 8\_Capstone\Capstone\Capstone Hydrophone Project\Remote_Hydrophone_Sys_Rtos\Drivers\CMSIS\Lib\GCC\libarm_cortexM7lfdp_math.a(arm_common_tables.o)
                0x000000000801369c                armBitRevIndexTable256
 .rodata.armBitRevIndexTable32
                0x0000000008013a0c       0x60 C:\Users\zachs\OneDrive\Documents\Beng Term 8\_Capstone\Capstone\Capstone Hydrophone Project\Remote_Hydrophone_Sys_Rtos\Drivers\CMSIS\Lib\GCC\libarm_cortexM7lfdp_math.a(arm_common_tables.o)
                0x0000000008013a0c                armBitRevIndexTable32
 .rodata.armBitRevIndexTable512
                0x0000000008013a6c      0x380 C:\Users\zachs\OneDrive\Documents\Beng Term 8\_Capstone\Capstone\Capstone Hydrophone Project\Remote_Hydrophone_Sys_Rtos\Drivers\CMSIS\Lib\GCC\libarm_cortexM7lfdp_math.a(arm_common_tables.o)
                0x0000000008013a6c                armBitRevIndexTable512
 .rodata.twiddleCoef_1024
                0x0000000008013dec     0x2000 C:\Users\zachs\OneDrive\Documents\Beng Term 8\_Capstone\Capstone\Capstone Hydrophone Project\Remote_Hydrophone_Sys_Rtos\Drivers\CMSIS\Lib\GCC\libarm_cortexM7lfdp_math.a(arm_common_tables.o)
                0x0000000008013dec                twiddleCoef_1024
 .rodata.twiddleCoef_128
                0x0000000008015dec      0x400 C:\Users\zachs\OneDrive\Documents\Beng Term 8\_Capstone\Capstone\Capstone Hydrophone Project\Remote_Hydrophone_Sys_Rtos\Drivers\CMSIS\Lib\GCC\libarm_cortexM7lfdp_math.a(arm_common_tables.o)
                0x0000000008015dec                twiddleCoef_128
 .rodata.twiddleCoef_16
                0x00000000080161ec       0x80 C:\Users\zachs\OneDrive\Documents\Beng Term 8\_Capstone\Capstone\Capstone Hydrophone Project\Remote_Hydrophone_Sys_Rtos\Drivers\CMSIS\Lib\GCC\libarm_cortexM7lfdp_math.a(arm_common_tables.o)
                0x00000000080161ec                twiddleCoef_16
 .rodata.twiddleCoef_2048
                0x000000000801626c     0x4000 C:\Users\zachs\OneDrive\Documents\Beng Term 8\_Capstone\Capstone\Capstone Hydrophone Project\Remote_Hydrophone_Sys_Rtos\Drivers\CMSIS\Lib\GCC\libarm_cortexM7lfdp_math.a(arm_common_tables.o)
                0x000000000801626c                twiddleCoef_2048
 .rodata.twiddleCoef_256
                0x000000000801a26c      0x800 C:\Users\zachs\OneDrive\Documents\Beng Term 8\_Capstone\Capstone\Capstone Hydrophone Project\Remote_Hydrophone_Sys_Rtos\Drivers\CMSIS\Lib\GCC\libarm_cortexM7lfdp_math.a(arm_common_tables.o)
                0x000000000801a26c                twiddleCoef_256
 .rodata.twiddleCoef_32
                0x000000000801aa6c      0x100 C:\Users\zachs\OneDrive\Documents\Beng Term 8\_Capstone\Capstone\Capstone Hydrophone Project\Remote_Hydrophone_Sys_Rtos\Drivers\CMSIS\Lib\GCC\libarm_cortexM7lfdp_math.a(arm_common_tables.o)
                0x000000000801aa6c                twiddleCoef_32
 .rodata.twiddleCoef_512
                0x000000000801ab6c     0x1000 C:\Users\zachs\OneDrive\Documents\Beng Term 8\_Capstone\Capstone\Capstone Hydrophone Project\Remote_Hydrophone_Sys_Rtos\Drivers\CMSIS\Lib\GCC\libarm_cortexM7lfdp_math.a(arm_common_tables.o)
                0x000000000801ab6c                twiddleCoef_512
 .rodata.twiddleCoef_rfft_1024
                0x000000000801bb6c     0x1000 C:\Users\zachs\OneDrive\Documents\Beng Term 8\_Capstone\Capstone\Capstone Hydrophone Project\Remote_Hydrophone_Sys_Rtos\Drivers\CMSIS\Lib\GCC\libarm_cortexM7lfdp_math.a(arm_common_tables.o)
                0x000000000801bb6c                twiddleCoef_rfft_1024
 .rodata.twiddleCoef_rfft_2048
                0x000000000801cb6c     0x2000 C:\Users\zachs\OneDrive\Documents\Beng Term 8\_Capstone\Capstone\Capstone Hydrophone Project\Remote_Hydrophone_Sys_Rtos\Drivers\CMSIS\Lib\GCC\libarm_cortexM7lfdp_math.a(arm_common_tables.o)
                0x000000000801cb6c                twiddleCoef_rfft_2048
 .rodata.twiddleCoef_rfft_256
                0x000000000801eb6c      0x400 C:\Users\zachs\OneDrive\Documents\Beng Term 8\_Capstone\Capstone\Capstone Hydrophone Project\Remote_Hydrophone_Sys_Rtos\Drivers\CMSIS\Lib\GCC\libarm_cortexM7lfdp_math.a(arm_common_tables.o)
                0x000000000801eb6c                twiddleCoef_rfft_256
 .rodata.twiddleCoef_rfft_32
                0x000000000801ef6c       0x80 C:\Users\zachs\OneDrive\Documents\Beng Term 8\_Capstone\Capstone\Capstone Hydrophone Project\Remote_Hydrophone_Sys_Rtos\Drivers\CMSIS\Lib\GCC\libarm_cortexM7lfdp_math.a(arm_common_tables.o)
                0x000000000801ef6c                twiddleCoef_rfft_32
 .rodata.twiddleCoef_rfft_4096
                0x000000000801efec     0x4000 C:\Users\zachs\OneDrive\Documents\Beng Term 8\_Capstone\Capstone\Capstone Hydrophone Project\Remote_Hydrophone_Sys_Rtos\Drivers\CMSIS\Lib\GCC\libarm_cortexM7lfdp_math.a(arm_common_tables.o)
                0x000000000801efec                twiddleCoef_rfft_4096
 .rodata.twiddleCoef_rfft_512
                0x0000000008022fec      0x800 C:\Users\zachs\OneDrive\Documents\Beng Term 8\_Capstone\Capstone\Capstone Hydrophone Project\Remote_Hydrophone_Sys_Rtos\Drivers\CMSIS\Lib\GCC\libarm_cortexM7lfdp_math.a(arm_common_tables.o)
                0x0000000008022fec                twiddleCoef_rfft_512
 .rodata.twiddleCoef_rfft_64
                0x00000000080237ec      0x100 C:\Users\zachs\OneDrive\Documents\Beng Term 8\_Capstone\Capstone\Capstone Hydrophone Project\Remote_Hydrophone_Sys_Rtos\Drivers\CMSIS\Lib\GCC\libarm_cortexM7lfdp_math.a(arm_common_tables.o)
                0x00000000080237ec                twiddleCoef_rfft_64
 *fill*         0x00000000080238ec        0x4 
 .rodata.__logf_data
                0x00000000080238f0      0x120 c:/st/stm32cubeide_1.11.0/stm32cubeide/plugins/com.st.stm32cube.ide.mcu.externaltools.gnu-tools-for-stm32.10.3-2021.10.win32_1.0.100.202210260954/tools/bin/../lib/gcc/arm-none-eabi/10.3.1/../../../../arm-none-eabi/lib/thumb/v7e-m+dp/hard\libm.a(lib_a-sf_log_data.o)
                0x00000000080238f0                __logf_data
                0x0000000008023a10                . = ALIGN (0x4)

.ARM.extab
 *(.ARM.extab* .gnu.linkonce.armextab.*)

.ARM            0x0000000008023a10        0x8
                0x0000000008023a10                __exidx_start = .
 *(.ARM.exidx*)
 .ARM.exidx     0x0000000008023a10        0x8 c:/st/stm32cubeide_1.11.0/stm32cubeide/plugins/com.st.stm32cube.ide.mcu.externaltools.gnu-tools-for-stm32.10.3-2021.10.win32_1.0.100.202210260954/tools/bin/../lib/gcc/arm-none-eabi/10.3.1/thumb/v7e-m+dp/hard\libgcc.a(_udivmoddi4.o)
                0x0000000008023a18                __exidx_end = .

.rel.dyn        0x0000000008023a18        0x0
 .rel.iplt      0x0000000008023a18        0x0 c:/st/stm32cubeide_1.11.0/stm32cubeide/plugins/com.st.stm32cube.ide.mcu.externaltools.gnu-tools-for-stm32.10.3-2021.10.win32_1.0.100.202210260954/tools/bin/../lib/gcc/arm-none-eabi/10.3.1/thumb/v7e-m+dp/hard/crtbegin.o

.preinit_array  0x0000000008023a18        0x0
                0x0000000008023a18                PROVIDE (__preinit_array_start = .)
 *(.preinit_array*)
                0x0000000008023a18                PROVIDE (__preinit_array_end = .)

.init_array     0x0000000008023a18        0x4
                0x0000000008023a18                PROVIDE (__init_array_start = .)
 *(SORT_BY_NAME(.init_array.*))
 *(.init_array*)
 .init_array    0x0000000008023a18        0x4 c:/st/stm32cubeide_1.11.0/stm32cubeide/plugins/com.st.stm32cube.ide.mcu.externaltools.gnu-tools-for-stm32.10.3-2021.10.win32_1.0.100.202210260954/tools/bin/../lib/gcc/arm-none-eabi/10.3.1/thumb/v7e-m+dp/hard/crtbegin.o
                0x0000000008023a1c                PROVIDE (__init_array_end = .)

.fini_array     0x0000000008023a1c        0x4
                [!provide]                        PROVIDE (__fini_array_start = .)
 *(SORT_BY_NAME(.fini_array.*))
 *(.fini_array*)
 .fini_array    0x0000000008023a1c        0x4 c:/st/stm32cubeide_1.11.0/stm32cubeide/plugins/com.st.stm32cube.ide.mcu.externaltools.gnu-tools-for-stm32.10.3-2021.10.win32_1.0.100.202210260954/tools/bin/../lib/gcc/arm-none-eabi/10.3.1/thumb/v7e-m+dp/hard/crtbegin.o
                [!provide]                        PROVIDE (__fini_array_end = .)
                0x0000000008023a20                _sidata = LOADADDR (.data)

.data           0x0000000024000000       0x7c load address 0x0000000008023a20
                0x0000000024000000                . = ALIGN (0x4)
                0x0000000024000000                _sdata = .
 *(.data)
 *(.data*)
 .data.offset   0x0000000024000000        0x4 ./Core/Src/main.o
                0x0000000024000000                offset
 .data.SystemCoreClock
                0x0000000024000004        0x4 ./Core/Src/system_stm32h7xx.o
                0x0000000024000004                SystemCoreClock
 .data.SystemD2Clock
                0x0000000024000008        0x4 ./Core/Src/system_stm32h7xx.o
                0x0000000024000008                SystemD2Clock
 .data.uwTickPrio
                0x000000002400000c        0x4 ./Drivers/STM32H7xx_HAL_Driver/Src/stm32h7xx_hal.o
                0x000000002400000c                uwTickPrio
 .data.uwTickFreq
                0x0000000024000010        0x1 ./Drivers/STM32H7xx_HAL_Driver/Src/stm32h7xx_hal.o
                0x0000000024000010                uwTickFreq
 *fill*         0x0000000024000011        0x3 
 .data.uxCriticalNesting
                0x0000000024000014        0x4 ./Middlewares/Third_Party/FreeRTOS/Source/portable/GCC/ARM_CM4F/port.o
 .data._impure_ptr
                0x0000000024000018        0x4 c:/st/stm32cubeide_1.11.0/stm32cubeide/plugins/com.st.stm32cube.ide.mcu.externaltools.gnu-tools-for-stm32.10.3-2021.10.win32_1.0.100.202210260954/tools/bin/../lib/gcc/arm-none-eabi/10.3.1/../../../../arm-none-eabi/lib/thumb/v7e-m+dp/hard\libc_nano.a(lib_a-impure.o)
                0x0000000024000018                _impure_ptr
 .data.impure_data
                0x000000002400001c       0x60 c:/st/stm32cubeide_1.11.0/stm32cubeide/plugins/com.st.stm32cube.ide.mcu.externaltools.gnu-tools-for-stm32.10.3-2021.10.win32_1.0.100.202210260954/tools/bin/../lib/gcc/arm-none-eabi/10.3.1/../../../../arm-none-eabi/lib/thumb/v7e-m+dp/hard\libc_nano.a(lib_a-impure.o)
 *(.RamFunc)
 *(.RamFunc*)
                0x000000002400007c                . = ALIGN (0x4)
                0x000000002400007c                _edata = .

.igot.plt       0x000000002400007c        0x0 load address 0x0000000008023a9c
 .igot.plt      0x000000002400007c        0x0 c:/st/stm32cubeide_1.11.0/stm32cubeide/plugins/com.st.stm32cube.ide.mcu.externaltools.gnu-tools-for-stm32.10.3-2021.10.win32_1.0.100.202210260954/tools/bin/../lib/gcc/arm-none-eabi/10.3.1/thumb/v7e-m+dp/hard/crtbegin.o
                0x000000002400007c                . = ALIGN (0x4)

.bss            0x000000002400007c    0x12bbc load address 0x0000000008023a9c
                0x000000002400007c                _sbss = .
                0x000000002400007c                __bss_start__ = _sbss
 *(.bss)
 .bss           0x000000002400007c       0x1c c:/st/stm32cubeide_1.11.0/stm32cubeide/plugins/com.st.stm32cube.ide.mcu.externaltools.gnu-tools-for-stm32.10.3-2021.10.win32_1.0.100.202210260954/tools/bin/../lib/gcc/arm-none-eabi/10.3.1/thumb/v7e-m+dp/hard/crtbegin.o
 *(.bss*)
 .bss.hadc1     0x0000000024000098       0x64 ./Core/Src/main.o
                0x0000000024000098                hadc1
 .bss.hdma_adc1
                0x00000000240000fc       0x78 ./Core/Src/main.o
                0x00000000240000fc                hdma_adc1
 .bss.htim1     0x0000000024000174       0x4c ./Core/Src/main.o
                0x0000000024000174                htim1
 .bss.huart3    0x00000000240001c0       0x94 ./Core/Src/main.o
                0x00000000240001c0                huart3
 .bss.defaultTaskHandle
                0x0000000024000254        0x4 ./Core/Src/main.o
                0x0000000024000254                defaultTaskHandle
 .bss.AudioCapTaskHandle
                0x0000000024000258        0x4 ./Core/Src/main.o
                0x0000000024000258                AudioCapTaskHandle
 .bss.FFTTaskHandle
                0x000000002400025c        0x4 ./Core/Src/main.o
                0x000000002400025c                FFTTaskHandle
 .bss.AudioCapSem01Handle
                0x0000000024000260        0x4 ./Core/Src/main.o
                0x0000000024000260                AudioCapSem01Handle
 .bss.FFTSem02Handle
                0x0000000024000264        0x4 ./Core/Src/main.o
                0x0000000024000264                FFTSem02Handle
 .bss.adc_buffer
                0x0000000024000268     0x4000 ./Core/Src/main.o
                0x0000000024000268                adc_buffer
 .bss.adc_buffer_float
                0x0000000024004268     0x4000 ./Core/Src/main.o
                0x0000000024004268                adc_buffer_float
 .bss.flag_value
                0x0000000024008268        0x1 ./Core/Src/main.o
                0x0000000024008268                flag_value
 *fill*         0x0000000024008269        0x3 
 .bss.fft_buffer
                0x000000002400826c     0x4000 ./Core/Src/main.o
                0x000000002400826c                fft_buffer
 .bss.bin       0x000000002400c26c     0x2000 ./Core/Src/main.o
                0x000000002400c26c                bin
 .bss.bin_point
                0x000000002400e26c        0x4 ./Core/Src/main.o
                0x000000002400e26c                bin_point
 .bss.maxValue  0x000000002400e270        0x4 ./Core/Src/main.o
                0x000000002400e270                maxValue
 .bss.maxIndex  0x000000002400e274        0x4 ./Core/Src/main.o
                0x000000002400e274                maxIndex
 .bss.ifftFlag  0x000000002400e278        0x4 ./Core/Src/main.o
                0x000000002400e278                ifftFlag
 .bss.frequency_detected
                0x000000002400e27c        0x1 ./Core/Src/main.o
                0x000000002400e27c                frequency_detected
 *fill*         0x000000002400e27d        0x3 
 .bss.fft_handler
                0x000000002400e280       0x18 ./Core/Src/main.o
                0x000000002400e280                fft_handler
 .bss.htim2     0x000000002400e298       0x4c ./Core/Src/stm32h7xx_hal_timebase_tim.o
                0x000000002400e298                htim2
 .bss.uwTick    0x000000002400e2e4        0x4 ./Drivers/STM32H7xx_HAL_Driver/Src/stm32h7xx_hal.o
                0x000000002400e2e4                uwTick
 .bss.KernelState
                0x000000002400e2e8        0x4 ./Middlewares/Third_Party/FreeRTOS/Source/CMSIS_RTOS_V2/cmsis_os2.o
 .bss.Idle_TCB.3
                0x000000002400e2ec       0x5c ./Middlewares/Third_Party/FreeRTOS/Source/CMSIS_RTOS_V2/cmsis_os2.o
 .bss.Idle_Stack.2
                0x000000002400e348      0x200 ./Middlewares/Third_Party/FreeRTOS/Source/CMSIS_RTOS_V2/cmsis_os2.o
 .bss.Timer_TCB.1
                0x000000002400e548       0x5c ./Middlewares/Third_Party/FreeRTOS/Source/CMSIS_RTOS_V2/cmsis_os2.o
 .bss.Timer_Stack.0
                0x000000002400e5a4      0x400 ./Middlewares/Third_Party/FreeRTOS/Source/CMSIS_RTOS_V2/cmsis_os2.o
 .bss.xQueueRegistry
                0x000000002400e9a4       0x40 ./Middlewares/Third_Party/FreeRTOS/Source/queue.o
                0x000000002400e9a4                xQueueRegistry
 .bss.pxCurrentTCB
                0x000000002400e9e4        0x4 ./Middlewares/Third_Party/FreeRTOS/Source/tasks.o
                0x000000002400e9e4                pxCurrentTCB
 .bss.pxReadyTasksLists
                0x000000002400e9e8      0x460 ./Middlewares/Third_Party/FreeRTOS/Source/tasks.o
 .bss.xDelayedTaskList1
                0x000000002400ee48       0x14 ./Middlewares/Third_Party/FreeRTOS/Source/tasks.o
 .bss.xDelayedTaskList2
                0x000000002400ee5c       0x14 ./Middlewares/Third_Party/FreeRTOS/Source/tasks.o
 .bss.pxDelayedTaskList
                0x000000002400ee70        0x4 ./Middlewares/Third_Party/FreeRTOS/Source/tasks.o
 .bss.pxOverflowDelayedTaskList
                0x000000002400ee74        0x4 ./Middlewares/Third_Party/FreeRTOS/Source/tasks.o
 .bss.xPendingReadyList
                0x000000002400ee78       0x14 ./Middlewares/Third_Party/FreeRTOS/Source/tasks.o
 .bss.xTasksWaitingTermination
                0x000000002400ee8c       0x14 ./Middlewares/Third_Party/FreeRTOS/Source/tasks.o
 .bss.uxDeletedTasksWaitingCleanUp
                0x000000002400eea0        0x4 ./Middlewares/Third_Party/FreeRTOS/Source/tasks.o
 .bss.xSuspendedTaskList
                0x000000002400eea4       0x14 ./Middlewares/Third_Party/FreeRTOS/Source/tasks.o
 .bss.uxCurrentNumberOfTasks
                0x000000002400eeb8        0x4 ./Middlewares/Third_Party/FreeRTOS/Source/tasks.o
 .bss.xTickCount
                0x000000002400eebc        0x4 ./Middlewares/Third_Party/FreeRTOS/Source/tasks.o
 .bss.uxTopReadyPriority
                0x000000002400eec0        0x4 ./Middlewares/Third_Party/FreeRTOS/Source/tasks.o
 .bss.xSchedulerRunning
                0x000000002400eec4        0x4 ./Middlewares/Third_Party/FreeRTOS/Source/tasks.o
 .bss.xPendedTicks
                0x000000002400eec8        0x4 ./Middlewares/Third_Party/FreeRTOS/Source/tasks.o
 .bss.xYieldPending
                0x000000002400eecc        0x4 ./Middlewares/Third_Party/FreeRTOS/Source/tasks.o
 .bss.xNumOfOverflows
                0x000000002400eed0        0x4 ./Middlewares/Third_Party/FreeRTOS/Source/tasks.o
 .bss.uxTaskNumber
                0x000000002400eed4        0x4 ./Middlewares/Third_Party/FreeRTOS/Source/tasks.o
 .bss.xNextTaskUnblockTime
                0x000000002400eed8        0x4 ./Middlewares/Third_Party/FreeRTOS/Source/tasks.o
 .bss.xIdleTaskHandle
                0x000000002400eedc        0x4 ./Middlewares/Third_Party/FreeRTOS/Source/tasks.o
 .bss.uxSchedulerSuspended
                0x000000002400eee0        0x4 ./Middlewares/Third_Party/FreeRTOS/Source/tasks.o
 .bss.xActiveTimerList1
                0x000000002400eee4       0x14 ./Middlewares/Third_Party/FreeRTOS/Source/timers.o
 .bss.xActiveTimerList2
                0x000000002400eef8       0x14 ./Middlewares/Third_Party/FreeRTOS/Source/timers.o
 .bss.pxCurrentTimerList