../Core/Src/main.c:111:5:main	8	static
../Core/Src/main.c:198:6:SystemClock_Config	120	static
../Core/Src/main.c:265:13:MX_ADC1_Init	48	static
../Core/Src/main.c:333:13:MX_TIM1_Init	120	static
../Core/Src/main.c:413:13:MX_USART3_UART_Init	8	static
../Core/Src/main.c:461:13:MX_USB_OTG_HS_USB_Init	4	static
../Core/Src/main.c:480:13:MX_DMA_Init	16	static
../Core/Src/main.c:498:13:MX_GPIO_Init	64	static
../Core/Src/main.c:584:6:FrequencyDetected	24	static
../Core/Src/main.c:635:11:Magnitude	40	static
../Core/Src/main.c:657:6:StartDefaultTask	16	static
../Core/Src/main.c:674:6:Error_Handler	4	static,ignoring_inline_asm
