../Core/Src/main.c:162:5:main	8	static
../Core/Src/main.c:276:6:SystemClock_Config	120	static
../Core/Src/main.c:339:13:MX_ADC1_Init	48	static
../Core/Src/main.c:407:13:MX_TIM1_Init	120	static
../Core/Src/main.c:487:13:MX_USART3_UART_Init	8	static
../Core/Src/main.c:535:13:MX_USB_OTG_HS_USB_Init	4	static
../Core/Src/main.c:554:13:MX_DMA_Init	16	static
../Core/Src/main.c:575:13:MX_GPIO_Init	64	static
../Core/Src/main.c:665:6:FrequencyDetected	32	static
../Core/Src/main.c:730:11:Magnitude	40	static
../Core/Src/main.c:749:6:HAL_ADC_ConvCpltCallback	16	static
../Core/Src/main.c:765:6:StartDefaultTask	16	static
../Core/Src/main.c:785:6:StartAudioCapTask	24	static
../Core/Src/main.c:847:6:StartFFTTask	16	static
../Core/Src/main.c:889:6:StartSendDataTask	16	static
../Core/Src/main.c:924:6:HAL_TIM_PeriodElapsedCallback	16	static
../Core/Src/main.c:941:6:Error_Handler	4	static,ignoring_inline_asm
