Archive member included to satisfy reference by file (symbol)

C:\Users\zachs\OneDrive\Documents\Beng Term 8\_Capstone\Capstone\Capstone Hydrophone Project\Remote_Hydrophone_Sys_Rtos\Drivers\CMSIS\Lib\GCC\libarm_cortexM7lfdp_math.a(arm_max_f32.o)
                              ./Core/Src/main.o (arm_max_f32)
C:\Users\zachs\OneDrive\Documents\Beng Term 8\_Capstone\Capstone\Capstone Hydrophone Project\Remote_Hydrophone_Sys_Rtos\Drivers\CMSIS\Lib\GCC\libarm_cortexM7lfdp_math.a(arm_rfft_fast_init_f32.o)
                              ./Core/Src/main.o (arm_rfft_fast_init_f32)
C:\Users\zachs\OneDrive\Documents\Beng Term 8\_Capstone\Capstone\Capstone Hydrophone Project\Remote_Hydrophone_Sys_Rtos\Drivers\CMSIS\Lib\GCC\libarm_cortexM7lfdp_math.a(arm_rfft_fast_f32.o)
                              ./Core/Src/main.o (arm_rfft_fast_f32)
C:\Users\zachs\OneDrive\Documents\Beng Term 8\_Capstone\Capstone\Capstone Hydrophone Project\Remote_Hydrophone_Sys_Rtos\Drivers\CMSIS\Lib\GCC\libarm_cortexM7lfdp_math.a(arm_cfft_f32.o)
                              C:\Users\zachs\OneDrive\Documents\Beng Term 8\_Capstone\Capstone\Capstone Hydrophone Project\Remote_Hydrophone_Sys_Rtos\Drivers\CMSIS\Lib\GCC\libarm_cortexM7lfdp_math.a(arm_rfft_fast_f32.o) (arm_cfft_f32)
C:\Users\zachs\OneDrive\Documents\Beng Term 8\_Capstone\Capstone\Capstone Hydrophone Project\Remote_Hydrophone_Sys_Rtos\Drivers\CMSIS\Lib\GCC\libarm_cortexM7lfdp_math.a(arm_bitreversal2.o)
                              C:\Users\zachs\OneDrive\Documents\Beng Term 8\_Capstone\Capstone\Capstone Hydrophone Project\Remote_Hydrophone_Sys_Rtos\Drivers\CMSIS\Lib\GCC\libarm_cortexM7lfdp_math.a(arm_cfft_f32.o) (arm_bitreversal_32)
C:\Users\zachs\OneDrive\Documents\Beng Term 8\_Capstone\Capstone\Capstone Hydrophone Project\Remote_Hydrophone_Sys_Rtos\Drivers\CMSIS\Lib\GCC\libarm_cortexM7lfdp_math.a(arm_common_tables.o)
                              C:\Users\zachs\OneDrive\Documents\Beng Term 8\_Capstone\Capstone\Capstone Hydrophone Project\Remote_Hydrophone_Sys_Rtos\Drivers\CMSIS\Lib\GCC\libarm_cortexM7lfdp_math.a(arm_rfft_fast_init_f32.o) (twiddleCoef_rfft_4096)
C:\Users\zachs\OneDrive\Documents\Beng Term 8\_Capstone\Capstone\Capstone Hydrophone Project\Remote_Hydrophone_Sys_Rtos\Drivers\CMSIS\Lib\GCC\libarm_cortexM7lfdp_math.a(arm_cfft_radix8_f32.o)
                              C:\Users\zachs\OneDrive\Documents\Beng Term 8\_Capstone\Capstone\Capstone Hydrophone Project\Remote_Hydrophone_Sys_Rtos\Drivers\CMSIS\Lib\GCC\libarm_cortexM7lfdp_math.a(arm_cfft_f32.o) (arm_radix8_butterfly_f32)
c:/st/stm32cubeide_1.11.0/stm32cubeide/plugins/com.st.stm32cube.ide.mcu.externaltools.gnu-tools-for-stm32.10.3-2021.10.win32_1.0.100.202210260954/tools/bin/../lib/gcc/arm-none-eabi/10.3.1/../../../../arm-none-eabi/lib/thumb/v7e-m+dp/hard\libc_nano.a(lib_a-errno.o)
                              ./Core/Src/syscalls.o (__errno)
c:/st/stm32cubeide_1.11.0/stm32cubeide/plugins/com.st.stm32cube.ide.mcu.externaltools.gnu-tools-for-stm32.10.3-2021.10.win32_1.0.100.202210260954/tools/bin/../lib/gcc/arm-none-eabi/10.3.1/../../../../arm-none-eabi/lib/thumb/v7e-m+dp/hard\libc_nano.a(lib_a-exit.o)
                              c:/st/stm32cubeide_1.11.0/stm32cubeide/plugins/com.st.stm32cube.ide.mcu.externaltools.gnu-tools-for-stm32.10.3-2021.10.win32_1.0.100.202210260954/tools/bin/../lib/gcc/arm-none-eabi/10.3.1/../../../../arm-none-eabi/lib/thumb/v7e-m+dp/hard/crt0.o (exit)
c:/st/stm32cubeide_1.11.0/stm32cubeide/plugins/com.st.stm32cube.ide.mcu.externaltools.gnu-tools-for-stm32.10.3-2021.10.win32_1.0.100.202210260954/tools/bin/../lib/gcc/arm-none-eabi/10.3.1/../../../../arm-none-eabi/lib/thumb/v7e-m+dp/hard\libc_nano.a(lib_a-impure.o)
                              c:/st/stm32cubeide_1.11.0/stm32cubeide/plugins/com.st.stm32cube.ide.mcu.externaltools.gnu-tools-for-stm32.10.3-2021.10.win32_1.0.100.202210260954/tools/bin/../lib/gcc/arm-none-eabi/10.3.1/../../../../arm-none-eabi/lib/thumb/v7e-m+dp/hard\libc_nano.a(lib_a-exit.o) (_global_impure_ptr)
c:/st/stm32cubeide_1.11.0/stm32cubeide/plugins/com.st.stm32cube.ide.mcu.externaltools.gnu-tools-for-stm32.10.3-2021.10.win32_1.0.100.202210260954/tools/bin/../lib/gcc/arm-none-eabi/10.3.1/../../../../arm-none-eabi/lib/thumb/v7e-m+dp/hard\libc_nano.a(lib_a-init.o)
                              c:/st/stm32cubeide_1.11.0/stm32cubeide/plugins/com.st.stm32cube.ide.mcu.externaltools.gnu-tools-for-stm32.10.3-2021.10.win32_1.0.100.202210260954/tools/bin/../lib/gcc/arm-none-eabi/10.3.1/../../../../arm-none-eabi/lib/thumb/v7e-m+dp/hard/crt0.o (__libc_init_array)
c:/st/stm32cubeide_1.11.0/stm32cubeide/plugins/com.st.stm32cube.ide.mcu.externaltools.gnu-tools-for-stm32.10.3-2021.10.win32_1.0.100.202210260954/tools/bin/../lib/gcc/arm-none-eabi/10.3.1/../../../../arm-none-eabi/lib/thumb/v7e-m+dp/hard\libc_nano.a(lib_a-memcpy-stub.o)
                              ./Middlewares/Third_Party/FreeRTOS/Source/CMSIS_RTOS_V2/cmsis_os2.o (memcpy)
[...]
Memory Configuration

Name             Origin             Length             Attributes
ITCMRAM          0x0000000000000000 0x0000000000010000 xrw
FLASH            0x0000000008000000 0x0000000000200000 xr
DTCMRAM1         0x0000000020000000 0x0000000000010000 xrw
DTCMRAM2         0x0000000020010000 0x0000000000010000 xrw
RAM              0x0000000024000000 0x0000000000100000 xrw
RAM_CD           0x0000000030000000 0x0000000000020000 xrw
RAM_SRD          0x0000000038000000 0x0000000000008000 xrw
*default*        0x0000000000000000 0xffffffffffffffff

Linker script and memory map

LOAD c:/st/stm32cubeide_1.11.0/stm32cubeide/plugins/com.st.stm32cube.ide.mcu.externaltools.gnu-tools-for-stm32.10.3-2021.10.win32_1.0.100.202210260954/tools/bin/../lib/gcc/arm-none-eabi/10.3.1/thumb/v7e-m+dp/hard/crti.o
LOAD c:/st/stm32cubeide_1.11.0/stm32cubeide/plugins/com.st.stm32cube.ide.mcu.externaltools.gnu-tools-for-stm32.10.3-2021.10.win32_1.0.100.202210260954/tools/bin/../lib/gcc/arm-none-eabi/10.3.1/thumb/v7e-m+dp/hard/crtbegin.o
LOAD c:/st/stm32cubeide_1.11.0/stm32cubeide/plugins/com.st.stm32cube.ide.mcu.externaltools.gnu-tools-for-stm32.10.3-2021.10.win32_1.0.100.202210260954/tools/bin/../lib/gcc/arm-none-eabi/10.3.1/../../../../arm-none-eabi/lib/thumb/v7e-m+dp/hard/crt0.o
LOAD ./Core/Src/freertos.o
LOAD ./Core/Src/main.o
LOAD ./Core/Src/stm32h7xx_hal_msp.o
LOAD ./Core/Src/stm32h7xx_hal_timebase_tim.o
LOAD ./Core/Src/stm32h7xx_it.o
LOAD ./Core/Src/syscalls.o
LOAD ./Core/Src/sysmem.o
LOAD ./Core/Src/system_stm32h7xx.o
LOAD ./Core/Startup/startup_stm32h7a3zitxq.o
LOAD ./Drivers/STM32H7xx_HAL_Driver/Src/stm32h7xx_hal.o
LOAD ./Drivers/STM32H7xx_HAL_Driver/Src/stm32h7xx_hal_adc.o
LOAD ./Drivers/STM32H7xx_HAL_Driver/Src/stm32h7xx_hal_adc_ex.o
LOAD ./Drivers/STM32H7xx_HAL_Driver/Src/stm32h7xx_hal_cortex.o
LOAD ./Drivers/STM32H7xx_HAL_Driver/Src/stm32h7xx_hal_dma.o
LOAD ./Drivers/STM32H7xx_HAL_Driver/Src/stm32h7xx_hal_dma_ex.o
LOAD ./Drivers/STM32H7xx_HAL_Driver/Src/stm32h7xx_hal_exti.o
LOAD ./Drivers/STM32H7xx_HAL_Driver/Src/stm32h7xx_hal_flash.o
LOAD ./Drivers/STM32H7xx_HAL_Driver/Src/stm32h7xx_hal_flash_ex.o
LOAD ./Drivers/STM32H7xx_HAL_Driver/Src/stm32h7xx_hal_gpio.o
LOAD ./Drivers/STM32H7xx_HAL_Driver/Src/stm32h7xx_hal_hsem.o
LOAD ./Drivers/STM32H7xx_HAL_Driver/Src/stm32h7xx_hal_i2c.o
LOAD ./Drivers/STM32H7xx_HAL_Driver/Src/stm32h7xx_hal_i2c_ex.o
LOAD ./Drivers/STM32H7xx_HAL_Driver/Src/stm32h7xx_hal_mdma.o
LOAD ./Drivers/STM32H7xx_HAL_Driver/Src/stm32h7xx_hal_pwr.o
LOAD ./Drivers/STM32H7xx_HAL_Driver/Src/stm32h7xx_hal_pwr_ex.o
LOAD ./Drivers/STM32H7xx_HAL_Driver/Src/stm32h7xx_hal_rcc.o
LOAD ./Drivers/STM32H7xx_HAL_Driver/Src/stm32h7xx_hal_rcc_ex.o
LOAD ./Drivers/STM32H7xx_HAL_Driver/Src/stm32h7xx_hal_tim.o
LOAD ./Drivers/STM32H7xx_HAL_Driver/Src/stm32h7xx_hal_tim_ex.o
LOAD ./Drivers/STM32H7xx_HAL_Driver/Src/stm32h7xx_hal_uart.o
LOAD ./Drivers/STM32H7xx_HAL_Driver/Src/stm32h7xx_hal_uart_ex.o
LOAD ./Middlewares/Third_Party/FreeRTOS/Source/CMSIS_RTOS_V2/cmsis_os2.o
LOAD ./Middlewares/Third_Party/FreeRTOS/Source/croutine.o
LOAD ./Middlewares/Third_Party/FreeRTOS/Source/event_groups.o
LOAD ./Middlewares/Third_Party/FreeRTOS/Source/list.o
LOAD ./Middlewares/Third_Party/FreeRTOS/Source/queue.o
LOAD ./Middlewares/Third_Party/FreeRTOS/Source/stream_buffer.o
LOAD ./Middlewares/Third_Party/FreeRTOS/Source/tasks.o
LOAD ./Middlewares/Third_Party/FreeRTOS/Source/timers.o
LOAD ./Middlewares/Third_Party/FreeRTOS/Source/portable/GCC/ARM_CM4F/port.o
LOAD ./Middlewares/Third_Party/FreeRTOS/Source/portable/MemMang/heap_4.o
LOAD C:\Users\zachs\OneDrive\Documents\Beng Term 8\_Capstone\Capstone\Capstone Hydrophone Project\Remote_Hydrophone_Sys_Rtos\Drivers\CMSIS\Lib\GCC\libarm_cortexM7lfdp_math.a
START GROUP
LOAD c:/st/stm32cubeide_1.11.0/stm32cubeide/plugins/com.st.stm32cube.ide.mcu.externaltools.gnu-tools-for-stm32.10.3-2021.10.win32_1.0.100.202210260954/tools/bin/../lib/gcc/arm-none-eabi/10.3.1/../../../../arm-none-eabi/lib/thumb/v7e-m+dp/hard\libc_nano.a
LOAD c:/st/stm32cubeide_1.11.0/stm32cubeide/plugins/com.st.stm32cube.ide.mcu.externaltools.gnu-tools-for-stm32.10.3-2021.10.win32_1.0.100.202210260954/tools/bin/../lib/gcc/arm-none-eabi/10.3.1/../../../../arm-none-eabi/lib/thumb/v7e-m+dp/hard\libm.a
END GROUP
START GROUP
LOAD c:/st/stm32cubeide_1.11.0/stm32cubeide/plugins/com.st.stm32cube.ide.mcu.externaltools.gnu-tools-for-stm32.10.3-2021.10.win32_1.0.100.202210260954/tools/bin/../lib/gcc/arm-none-eabi/10.3.1/thumb/v7e-m+dp/hard\libgcc.a
LOAD c:/st/stm32cubeide_1.11.0/stm32cubeide/plugins/com.st.stm32cube.ide.mcu.externaltools.gnu-tools-for-stm32.10.3-2021.10.win32_1.0.100.202210260954/tools/bin/../lib/gcc/arm-none-eabi/10.3.1/../../../../arm-none-eabi/lib/thumb/v7e-m+dp/hard\libc_nano.a
END GROUP
START GROUP
LOAD c:/st/stm32cubeide_1.11.0/stm32cubeide/plugins/com.st.stm32cube.ide.mcu.externaltools.gnu-tools-for-stm32.10.3-2021.10.win32_1.0.100.202210260954/tools/bin/../lib/gcc/arm-none-eabi/10.3.1/thumb/v7e-m+dp/hard\libgcc.a
LOAD c:/st/stm32cubeide_1.11.0/stm32cubeide/plugins/com.st.stm32cube.ide.mcu.externaltools.gnu-tools-for-stm32.10.3-2021.10.win32_1.0.100.202210260954/tools/bin/../lib/gcc/arm-none-eabi/10.3.1/../../../../arm-none-eabi/lib/thumb/v7e-m+dp/hard\libc_nano.a
LOAD c:/st/stm32cubeide_1.11.0/stm32cubeide/plugins/com.st.stm32cube.ide.mcu.externaltools.gnu-tools-for-stm32.10.3-2021.10.win32_1.0.100.202210260954/tools/bin/../lib/gcc/arm-none-eabi/10.3.1/../../../../arm-none-eabi/lib/thumb/v7e-m+dp/hard\libnosys.a
END GROUP
START GROUP
LOAD c:/st/stm32cubeide_1.11.0/stm32cubeide/plugins/com.st.stm32cube.ide.mcu.externaltools.gnu-tools-for-stm32.10.3-2021.10.win32_1.0.100.202210260954/tools/bin/../lib/gcc/arm-none-eabi/10.3.1/thumb/v7e-m+dp/hard\libgcc.a
LOAD c:/st/stm32cubeide_1.11.0/stm32cubeide/plugins/com.st.stm32cube.ide.mcu.externaltools.gnu-tools-for-stm32.10.3-2021.10.win32_1.0.100.202210260954/tools/bin/../lib/gcc/arm-none-eabi/10.3.1/../../../../arm-none-eabi/lib/thumb/v7e-m+dp/hard\libc_nano.a
LOAD c:/st/stm32cubeide_1.11.0/stm32cubeide/plugins/com.st.stm32cube.ide.mcu.externaltools.gnu-tools-for-stm32.10.3-2021.10.win32_1.0.100.202210260954/tools/bin/../lib/gcc/arm-none-eabi/10.3.1/../../../../arm-none-eabi/lib/thumb/v7e-m+dp/hard\libnosys.a
END GROUP
LOAD c:/st/stm32cubeide_1.11.0/stm32cubeide/plugins/com.st.stm32cube.ide.mcu.externaltools.gnu-tools-for-stm32.10.3-2021.10.win32_1.0.100.202210260954/tools/bin/../lib/gcc/arm-none-eabi/10.3.1/thumb/v7e-m+dp/hard/crtend.o
LOAD c:/st/stm32cubeide_1.11.0/stm32cubeide/plugins/com.st.stm32cube.ide.mcu.externaltools.gnu-tools-for-stm32.10.3-2021.10.win32_1.0.100.202210260954/tools/bin/../lib/gcc/arm-none-eabi/10.3.1/thumb/v7e-m+dp/hard/crtn.o
                0x0000000024100000                _estack = (ORIGIN (RAM) + LENGTH (RAM))
                0x0000000000000200                _Min_Heap_Size = 0x200
                0x0000000000000400                _Min_Stack_Size = 0x400

.isr_vector     0x0000000008000000      0x2ac
                0x0000000008000000                . = ALIGN (0x4)
 *(.isr_vector)
 .isr_vector    0x0000000008000000      0x2ac ./Core/Startup/startup_stm32h7a3zitxq.o
                0x0000000008000000                g_pfnVectors
                0x00000000080002ac                . = ALIGN (0x4)

.text           0x00000000080002b0     0x9400
                0x00000000080002b0                . = ALIGN (0x4)
 *(.text)
 .text          0x00000000080002b0       0x40 c:/st/stm32cubeide_1.11.0/stm32cubeide/plugins/com.st.stm32cube.ide.mcu.externaltools.gnu-tools-for-stm32.10.3-2021.10.win32_1.0.100.202210260954/tools/bin/../lib/gcc/arm-none-eabi/10.3.1/thumb/v7e-m+dp/hard/crtbegin.o
 .text          0x00000000080002f0       0x30 c:/st/stm32cubeide_1.11.0/stm32cubeide/plugins/com.st.stm32cube.ide.mcu.externaltools.gnu-tools-for-stm32.10.3-2021.10.win32_1.0.100.202210260954/tools/bin/../lib/gcc/arm-none-eabi/10.3.1/thumb/v7e-m+dp/hard\libgcc.a(_aeabi_uldivmod.o)
                0x00000000080002f0                __aeabi_uldivmod
 .text          0x0000000008000320      0x2d0 c:/st/stm32cubeide_1.11.0/stm32cubeide/plugins/com.st.stm32cube.ide.mcu.externaltools.gnu-tools-for-stm32.10.3-2021.10.win32_1.0.100.202210260954/tools/bin/../lib/gcc/arm-none-eabi/10.3.1/thumb/v7e-m+dp/hard\libgcc.a(_udivmoddi4.o)
                0x0000000008000320                __udivmoddi4
 .text          0x00000000080005f0        0x4 c:/st/stm32cubeide_1.11.0/stm32cubeide/plugins/com.st.stm32cube.ide.mcu.externaltools.gnu-tools-for-stm32.10.3-2021.10.win32_1.0.100.202210260954/tools/bin/../lib/gcc/arm-none-eabi/10.3.1/thumb/v7e-m+dp/hard\libgcc.a(_dvmd_tls.o)
                0x00000000080005f0                __aeabi_idiv0
                0x00000000080005f0                __aeabi_ldiv0
 *(.text*)
 .text.StartDefaultTask
                0x00000000080005f4        0x2 ./Core/Src/main.o
                0x00000000080005f4                StartDefaultTask
 *fill*         0x00000000080005f6        0x2 
 .text.StartAudioCapTask
                0x00000000080005f8       0xa8 ./Core/Src/main.o
                0x00000000080005f8                StartAudioCapTask
 .text.StartSendDataTask
                0x00000000080006a0       0x70 ./Core/Src/main.o
                0x00000000080006a0                StartSendDataTask
 .text.SystemClock_Config
                0x0000000008000710       0xc0 ./Core/Src/main.o
                0x0000000008000710                SystemClock_Config
 .text.startup.main
                0x00000000080007d0      0x494 ./Core/Src/main.o
                0x00000000080007d0                main
 .text.Magnitude
                0x0000000008000c64       0x34 ./Core/Src/main.o
                0x0000000008000c64                Magnitude
 .text.FrequencyDetected
                0x0000000008000c98       0xc0 ./Core/Src/main.o
                0x0000000008000c98                FrequencyDetected
 .text.StartFFTTask
                0x0000000008000d58       0x50 ./Core/Src/main.o
                0x0000000008000d58                StartFFTTask
 .text.HAL_ADC_ConvCpltCallback
                0x0000000008000da8       0x1c ./Core/Src/main.o
                0x0000000008000da8                HAL_ADC_ConvCpltCallback
 .text.HAL_TIM_PeriodElapsedCallback
                0x0000000008000dc4        0xe ./Core/Src/main.o
                0x0000000008000dc4                HAL_TIM_PeriodElapsedCallback
 .text.Error_Handler
                0x0000000008000dd2        0x4 ./Core/Src/main.o
                0x0000000008000dd2                Error_Handler
 *fill*         0x0000000008000dd6        0x2 
 .text.HAL_MspInit
                0x0000000008000dd8       0x30 ./Core/Src/stm32h7xx_hal_msp.o
                0x0000000008000dd8                HAL_MspInit
 .text.HAL_ADC_MspInit
                0x0000000008000e08       0xe4 ./Core/Src/stm32h7xx_hal_msp.o
                0x0000000008000e08                HAL_ADC_MspInit
 .text.HAL_TIM_Base_MspInit
                0x0000000008000eec       0x30 ./Core/Src/stm32h7xx_hal_msp.o
                0x0000000008000eec                HAL_TIM_Base_MspInit
 .text.HAL_TIM_MspPostInit
                0x0000000008000f1c       0x58 ./Core/Src/stm32h7xx_hal_msp.o
                0x0000000008000f1c                HAL_TIM_MspPostInit
 .text.HAL_UART_MspInit
                0x0000000008000f74       0xd8 ./Core/Src/stm32h7xx_hal_msp.o
                0x0000000008000f74                HAL_UART_MspInit
 .text.HAL_InitTick
                0x000000000800104c       0x98 ./Core/Src/stm32h7xx_hal_timebase_tim.o
                0x000000000800104c                HAL_InitTick
 .text.NMI_Handler
                0x00000000080010e4        0x2 ./Core/Src/stm32h7xx_it.o
                0x00000000080010e4                NMI_Handler
 .text.HardFault_Handler
                0x00000000080010e6        0x2 ./Core/Src/stm32h7xx_it.o
                0x00000000080010e6                HardFault_Handler
 .text.MemManage_Handler
                0x00000000080010e8        0x2 ./Core/Src/stm32h7xx_it.o
                0x00000000080010e8                MemManage_Handler
 .text.BusFault_Handler
                0x00000000080010ea        0x2 ./Core/Src/stm32h7xx_it.o
                0x00000000080010ea                BusFault_Handler
 .text.UsageFault_Handler
                0x00000000080010ec        0x2 ./Core/Src/stm32h7xx_it.o
                0x00000000080010ec                UsageFault_Handler
 .text.DebugMon_Handler
                0x00000000080010ee        0x2 ./Core/Src/stm32h7xx_it.o
                0x00000000080010ee                DebugMon_Handler
 .text.DMA1_Stream0_IRQHandler
                0x00000000080010f0        0xc ./Core/Src/stm32h7xx_it.o
                0x00000000080010f0                DMA1_Stream0_IRQHandler
 .text.DMA1_Stream1_IRQHandler
                0x00000000080010fc        0xc ./Core/Src/stm32h7xx_it.o
                0x00000000080010fc                DMA1_Stream1_IRQHandler
 .text.TIM2_IRQHandler
                0x0000000008001108        0xc ./Core/Src/stm32h7xx_it.o
                0x0000000008001108                TIM2_IRQHandler
 .text.SystemInit
                0x0000000008001114       0xa4 ./Core/Src/system_stm32h7xx.o
                0x0000000008001114                SystemInit
 .text.Reset_Handler
                0x00000000080011b8       0x50 ./Core/Startup/startup_stm32h7a3zitxq.o
                0x00000000080011b8                Reset_Handler
 .text.Default_Handler
                0x0000000008001208        0x2 ./Core/Startup/startup_stm32h7a3zitxq.o
                0x0000000008001208                RTC_Alarm_IRQHandler
                0x0000000008001208                EXTI2_IRQHandler
                0x0000000008001208                TIM8_CC_IRQHandler
                0x0000000008001208                UART8_IRQHandler
                0x0000000008001208                BDMA2_Channel1_IRQHandler
                0x0000000008001208                SPI4_IRQHandler
                0x0000000008001208                BDMA2_Channel0_IRQHandler
                0x0000000008001208                TIM1_CC_IRQHandler
                0x0000000008001208                DMA2_Stream5_IRQHandler
                0x0000000008001208                JPEG_IRQHandler
                0x0000000008001208                DMA1_Stream5_IRQHandler
                0x0000000008001208                EXTI3_IRQHandler
                0x0000000008001208                LPTIM4_IRQHandler
                0x0000000008001208                TIM8_TRG_COM_TIM14_IRQHandler
                0x0000000008001208                LPTIM2_IRQHandler
                0x0000000008001208                DFSDM1_FLT1_IRQHandler
                0x0000000008001208                DMAMUX2_OVR_IRQHandler
                0x0000000008001208                GFXMMU_IRQHandler
                0x0000000008001208                TIM8_UP_TIM13_IRQHandler
                0x0000000008001208                I2C3_ER_IRQHandler
                0x0000000008001208                DFSDM1_FLT2_IRQHandler
                0x0000000008001208                USART10_IRQHandler
                0x0000000008001208                MDMA_IRQHandler
                0x0000000008001208                LPTIM3_IRQHandler
                0x0000000008001208                BDMA2_Channel3_IRQHandler
                0x0000000008001208                HSEM1_IRQHandler
                0x0000000008001208                EXTI0_IRQHandler
                0x0000000008001208                I2C2_EV_IRQHandler
                0x0000000008001208                DAC2_IRQHandler
                0x0000000008001208                DMA1_Stream2_IRQHandler
                0x0000000008001208                FPU_IRQHandler
                0x0000000008001208                OTG_HS_WKUP_IRQHandler
                0x0000000008001208                FDCAN1_IT1_IRQHandler
                0x0000000008001208                LTDC_ER_IRQHandler
                0x0000000008001208                DMA2_Stream2_IRQHandler
                0x0000000008001208                SPI1_IRQHandler
                0x0000000008001208                OCTOSPI1_IRQHandler
                0x0000000008001208                TIM6_DAC_IRQHandler
                0x0000000008001208                BDMA2_Channel6_IRQHandler
                0x0000000008001208                DMA2_Stream3_IRQHandler
                0x0000000008001208                OCTOSPI2_IRQHandler
                0x0000000008001208                SAI2_IRQHandler
                0x0000000008001208                BDMA1_IRQHandler
                0x0000000008001208                DFSDM1_FLT3_IRQHandler
                0x0000000008001208                USART6_IRQHandler
                0x0000000008001208                TIM17_IRQHandler
                0x0000000008001208                USART3_IRQHandler
                0x0000000008001208                LPTIM5_IRQHandler
                0x0000000008001208                UART5_IRQHandler
                0x0000000008001208                DMA2_Stream0_IRQHandler
                0x0000000008001208                TIM4_IRQHandler
                0x0000000008001208                I2C1_EV_IRQHandler
                0x0000000008001208                DMA1_Stream6_IRQHandler
                0x0000000008001208                DMAMUX1_OVR_IRQHandler
                0x0000000008001208                TIM16_IRQHandler
                0x0000000008001208                UART4_IRQHandler
                0x0000000008001208                TIM3_IRQHandler
                0x0000000008001208                RCC_IRQHandler
                0x0000000008001208                UART9_IRQHandler
                0x0000000008001208                TIM8_BRK_TIM12_IRQHandler
                0x0000000008001208                TIM1_TRG_COM_IRQHandler
                0x0000000008001208                Default_Handler
                0x0000000008001208                ECC_IRQHandler
                0x0000000008001208                BDMA2_Channel2_IRQHandler
                0x0000000008001208                CEC_IRQHandler
                0x0000000008001208                EXTI15_10_IRQHandler
                0x0000000008001208                DFSDM1_FLT4_IRQHandler
                0x0000000008001208                ADC_IRQHandler
                0x0000000008001208                DMA1_Stream7_IRQHandler
                0x0000000008001208                SPI5_IRQHandler
                0x0000000008001208                TIM7_IRQHandler
                0x0000000008001208                SDMMC1_IRQHandler
                0x0000000008001208                TIM5_IRQHandler
                0x0000000008001208                DMA2_Stream7_IRQHandler
                0x0000000008001208                TIM15_IRQHandler
                0x0000000008001208                I2C3_EV_IRQHandler
                0x0000000008001208                DFSDM2_IRQHandler
                0x0000000008001208                EXTI9_5_IRQHandler
                0x0000000008001208                RTC_WKUP_IRQHandler
                0x0000000008001208                LTDC_IRQHandler
                0x0000000008001208                SPDIF_RX_IRQHandler
                0x0000000008001208                PVD_PVM_IRQHandler
                0x0000000008001208                SPI2_IRQHandler
                0x0000000008001208                OTG_HS_EP1_IN_IRQHandler
                0x0000000008001208                DFSDM1_FLT5_IRQHandler
                0x0000000008001208                CRS_IRQHandler
                0x0000000008001208                EXTI4_IRQHandler
                0x0000000008001208                DFSDM1_FLT6_IRQHandler
                0x0000000008001208                RNG_IRQHandler
                0x0000000008001208                FDCAN2_IT1_IRQHandler
                0x0000000008001208                COMP_IRQHandler
                0x0000000008001208                TIM1_UP_IRQHandler
                0x0000000008001208                OTG_HS_EP1_OUT_IRQHandler
                0x0000000008001208                WWDG_IRQHandler
                0x0000000008001208                SPI6_IRQHandler
                0x0000000008001208                MDIOS_IRQHandler
                0x0000000008001208                I2C4_EV_IRQHandler
                0x0000000008001208                FDCAN2_IT0_IRQHandler
                0x0000000008001208                LPUART1_IRQHandler
                0x0000000008001208                FDCAN1_IT0_IRQHandler
                0x0000000008001208                BDMA2_Channel5_IRQHandler
                0x0000000008001208                OTG_HS_IRQHandler
                0x0000000008001208                DMA2D_IRQHandler
                0x0000000008001208                TIM1_BRK_IRQHandler
                0x0000000008001208                EXTI1_IRQHandler
                0x0000000008001208                SDMMC2_IRQHandler
                0x0000000008001208                DTS_IRQHandler
                0x0000000008001208                UART7_IRQHandler
                0x0000000008001208                MDIOS_WKUP_IRQHandler
                0x0000000008001208                USART2_IRQHandler
                0x0000000008001208                DFSDM1_FLT0_IRQHandler
                0x0000000008001208                I2C2_ER_IRQHandler
                0x0000000008001208                DMA2_Stream1_IRQHandler
                0x0000000008001208                DFSDM1_FLT7_IRQHandler
                0x0000000008001208                FLASH_IRQHandler
                0x0000000008001208                DMA2_Stream4_IRQHandler
                0x0000000008001208                USART1_IRQHandler
                0x0000000008001208                SPI3_IRQHandler
                0x0000000008001208                WAKEUP_PIN_IRQHandler
                0x0000000008001208                DMA1_Stream4_IRQHandler
                0x0000000008001208                I2C1_ER_IRQHandler
                0x0000000008001208                FMC_IRQHandler
                0x0000000008001208                BDMA2_Channel7_IRQHandler
                0x0000000008001208                FDCAN_CAL_IRQHandler
                0x0000000008001208                SWPMI1_IRQHandler
                0x0000000008001208                LPTIM1_IRQHandler
                0x0000000008001208                DCMI_PSSI_IRQHandler
                0x0000000008001208                I2C4_ER_IRQHandler
                0x0000000008001208                DMA2_Stream6_IRQHandler
                0x0000000008001208                SAI1_IRQHandler
                0x0000000008001208                DMA1_Stream3_IRQHandler
                0x0000000008001208                RTC_TAMP_STAMP_CSS_LSE_IRQHandler
                0x0000000008001208                BDMA2_Channel4_IRQHandler
 *fill*         0x000000000800120a        0x2 
 .text.HAL_Init
                0x000000000800120c       0x5c ./Drivers/STM32H7xx_HAL_Driver/Src/stm32h7xx_hal.o
                0x000000000800120c                HAL_Init
 .text.HAL_IncTick
                0x0000000008001268       0x18 ./Drivers/STM32H7xx_HAL_Driver/Src/stm32h7xx_hal.o
                0x0000000008001268                HAL_IncTick
 .text.HAL_GetTick
                0x0000000008001280        0xc ./Drivers/STM32H7xx_HAL_Driver/Src/stm32h7xx_hal.o
                0x0000000008001280                HAL_GetTick
 .text.LL_ADC_SetChannelSamplingTime
                0x000000000800128c       0x22 ./Drivers/STM32H7xx_HAL_Driver/Src/stm32h7xx_hal_adc.o
 .text.LL_ADC_REG_IsConversionOngoing
                0x00000000080012ae        0x8 ./Drivers/STM32H7xx_HAL_Driver/Src/stm32h7xx_hal_adc.o
 .text.HAL_ADC_ConvHalfCpltCallback
                0x00000000080012b6        0x2 ./Drivers/STM32H7xx_HAL_Driver/Src/stm32h7xx_hal_adc.o
                0x00000000080012b6                HAL_ADC_ConvHalfCpltCallback
 .text.ADC_DMAHalfConvCplt
                0x00000000080012b8        0xa ./Drivers/STM32H7xx_HAL_Driver/Src/stm32h7xx_hal_adc.o
                0x00000000080012b8                ADC_DMAHalfConvCplt
 .text.HAL_ADC_ErrorCallback
                0x00000000080012c2        0x2 ./Drivers/STM32H7xx_HAL_Driver/Src/stm32h7xx_hal_adc.o
                0x00000000080012c2                HAL_ADC_ErrorCallback
 .text.ADC_DMAConvCplt
                0x00000000080012c4       0x68 ./Drivers/STM32H7xx_HAL_Driver/Src/stm32h7xx_hal_adc.o
                0x00000000080012c4                ADC_DMAConvCplt
 .text.ADC_DMAError
                0x000000000800132c       0x1a ./Drivers/STM32H7xx_HAL_Driver/Src/stm32h7xx_hal_adc.o
                0x000000000800132c                ADC_DMAError
 *fill*         0x0000000008001346        0x2 
 .text.HAL_ADC_ConfigChannel
                0x0000000008001348      0x354 ./Drivers/STM32H7xx_HAL_Driver/Src/stm32h7xx_hal_adc.o
                0x0000000008001348                HAL_ADC_ConfigChannel
 .text.ADC_ConversionStop
                0x000000000800169c       0xd0 ./Drivers/STM32H7xx_HAL_Driver/Src/stm32h7xx_hal_adc.o
                0x000000000800169c                ADC_ConversionStop
 .text.ADC_Enable
                0x000000000800176c       0x94 ./Drivers/STM32H7xx_HAL_Driver/Src/stm32h7xx_hal_adc.o
                0x000000000800176c                ADC_Enable
 .text.HAL_ADC_Start_DMA
                0x0000000008001800      0x100 ./Drivers/STM32H7xx_HAL_Driver/Src/stm32h7xx_hal_adc.o
                0x0000000008001800                HAL_ADC_Start_DMA
 .text.ADC_Disable
                0x0000000008001900       0x68 ./Drivers/STM32H7xx_HAL_Driver/Src/stm32h7xx_hal_adc.o
                0x0000000008001900                ADC_Disable
 .text.HAL_ADC_Stop_DMA
                0x0000000008001968       0x7c ./Drivers/STM32H7xx_HAL_Driver/Src/stm32h7xx_hal_adc.o
                0x0000000008001968                HAL_ADC_Stop_DMA
 .text.ADC_ConfigureBoostMode
                0x00000000080019e4       0xec ./Drivers/STM32H7xx_HAL_Driver/Src/stm32h7xx_hal_adc.o
                0x00000000080019e4                ADC_ConfigureBoostMode
 .text.HAL_ADC_Init
                0x0000000008001ad0      0x1b8 ./Drivers/STM32H7xx_HAL_Driver/Src/stm32h7xx_hal_adc.o
                0x0000000008001ad0                HAL_ADC_Init
 .text.LL_ADC_REG_IsConversionOngoing
                0x0000000008001c88        0x8 ./Drivers/STM32H7xx_HAL_Driver/Src/stm32h7xx_hal_adc_ex.o
 .text.HAL_ADCEx_MultiModeConfigChannel
                0x0000000008001c90       0xbc ./Drivers/STM32H7xx_HAL_Driver/Src/stm32h7xx_hal_adc_ex.o
                0x0000000008001c90                HAL_ADCEx_MultiModeConfigChannel
 .text.HAL_NVIC_SetPriorityGrouping
                0x0000000008001d4c       0x24 ./Drivers/STM32H7xx_HAL_Driver/Src/stm32h7xx_hal_cortex.o
                0x0000000008001d4c                HAL_NVIC_SetPriorityGrouping
 .text.HAL_NVIC_SetPriority
                0x0000000008001d70       0x64 ./Drivers/STM32H7xx_HAL_Driver/Src/stm32h7xx_hal_cortex.o
                0x0000000008001d70                HAL_NVIC_SetPriority
 .text.HAL_NVIC_EnableIRQ
                0x0000000008001dd4       0x1c ./Drivers/STM32H7xx_HAL_Driver/Src/stm32h7xx_hal_cortex.o
                0x0000000008001dd4                HAL_NVIC_EnableIRQ
 .text.DMA_SetConfig
                0x0000000008001df0      0x1b8 ./Drivers/STM32H7xx_HAL_Driver/Src/stm32h7xx_hal_dma.o
 .text.DMA_CalcBaseAndBitshift
                0x0000000008001fa8       0x9c ./Drivers/STM32H7xx_HAL_Driver/Src/stm32h7xx_hal_dma.o
 .text.DMA_CalcDMAMUXChannelBaseAndMask
                0x0000000008002044       0x90 ./Drivers/STM32H7xx_HAL_Driver/Src/stm32h7xx_hal_dma.o
 .text.DMA_CalcDMAMUXRequestGenBaseAndMask
                0x00000000080020d4       0x70 ./Drivers/STM32H7xx_HAL_Driver/Src/stm32h7xx_hal_dma.o
 .text.HAL_DMA_Init
                0x0000000008002144      0x3bc ./Drivers/STM32H7xx_HAL_Driver/Src/stm32h7xx_hal_dma.o
                0x0000000008002144                HAL_DMA_Init
 .text.HAL_DMA_Start_IT
                0x0000000008002500      0x238 ./Drivers/STM32H7xx_HAL_Driver/Src/stm32h7xx_hal_dma.o
                0x0000000008002500                HAL_DMA_Start_IT
 .text.HAL_DMA_Abort
                0x0000000008002738      0x34c ./Drivers/STM32H7xx_HAL_Driver/Src/stm32h7xx_hal_dma.o
                0x0000000008002738                HAL_DMA_Abort
 .text.HAL_DMA_IRQHandler
                0x0000000008002a84      0x594 ./Drivers/STM32H7xx_HAL_Driver/Src/stm32h7xx_hal_dma.o
                0x0000000008002a84                HAL_DMA_IRQHandler
 .text.HAL_GPIO_Init
                0x0000000008003018      0x1d8 ./Drivers/STM32H7xx_HAL_Driver/Src/stm32h7xx_hal_gpio.o
                0x0000000008003018                HAL_GPIO_Init
 .text.HAL_GPIO_WritePin
                0x00000000080031f0        0xa ./Drivers/STM32H7xx_HAL_Driver/Src/stm32h7xx_hal_gpio.o
                0x00000000080031f0                HAL_GPIO_WritePin
 .text.HAL_GPIO_TogglePin
                0x00000000080031fa       0x12 ./Drivers/STM32H7xx_HAL_Driver/Src/stm32h7xx_hal_gpio.o
                0x00000000080031fa                HAL_GPIO_TogglePin
 .text.HAL_PWREx_ConfigSupply
                0x000000000800320c       0x78 ./Drivers/STM32H7xx_HAL_Driver/Src/stm32h7xx_hal_pwr_ex.o
                0x000000000800320c                HAL_PWREx_ConfigSupply
 .text.HAL_RCC_OscConfig
                0x0000000008003284      0x55c ./Drivers/STM32H7xx_HAL_Driver/Src/stm32h7xx_hal_rcc.o
                0x0000000008003284                HAL_RCC_OscConfig
 .text.HAL_RCC_GetSysClockFreq
                0x00000000080037e0      0x140 ./Drivers/STM32H7xx_HAL_Driver/Src/stm32h7xx_hal_rcc.o
                0x00000000080037e0                HAL_RCC_GetSysClockFreq
 .text.HAL_RCC_ClockConfig
                0x0000000008003920      0x24c ./Drivers/STM32H7xx_HAL_Driver/Src/stm32h7xx_hal_rcc.o
                0x0000000008003920                HAL_RCC_ClockConfig
 .text.HAL_RCC_GetHCLKFreq
                0x0000000008003b6c       0x44 ./Drivers/STM32H7xx_HAL_Driver/Src/stm32h7xx_hal_rcc.o
                0x0000000008003b6c                HAL_RCC_GetHCLKFreq
 .text.HAL_RCC_GetPCLK1Freq
                0x0000000008003bb0       0x24 ./Drivers/STM32H7xx_HAL_Driver/Src/stm32h7xx_hal_rcc.o
                0x0000000008003bb0                HAL_RCC_GetPCLK1Freq
 .text.HAL_RCC_GetPCLK2Freq
                0x0000000008003bd4       0x24 ./Drivers/STM32H7xx_HAL_Driver/Src/stm32h7xx_hal_rcc.o
                0x0000000008003bd4                HAL_RCC_GetPCLK2Freq
 .text.HAL_RCC_GetClockConfig
                0x0000000008003bf8       0x54 ./Drivers/STM32H7xx_HAL_Driver/Src/stm32h7xx_hal_rcc.o
                0x0000000008003bf8                HAL_RCC_GetClockConfig
 .text.RCCEx_PLL2_Config
                0x0000000008003c4c       0xf0 ./Drivers/STM32H7xx_HAL_Driver/Src/stm32h7xx_hal_rcc_ex.o
 .text.RCCEx_PLL3_Config
                0x0000000008003d3c       0xf0 ./Drivers/STM32H7xx_HAL_Driver/Src/stm32h7xx_hal_rcc_ex.o
 .text.HAL_RCCEx_PeriphCLKConfig
                0x0000000008003e2c      0x9bc ./Drivers/STM32H7xx_HAL_Driver/Src/stm32h7xx_hal_rcc_ex.o
                0x0000000008003e2c                HAL_RCCEx_PeriphCLKConfig
 .text.HAL_RCCEx_GetD3PCLK1Freq
                0x00000000080047e8       0x24 ./Drivers/STM32H7xx_HAL_Driver/Src/stm32h7xx_hal_rcc_ex.o
                0x00000000080047e8                HAL_RCCEx_GetD3PCLK1Freq
 .text.HAL_RCCEx_GetPLL2ClockFreq
                0x000000000800480c      0x150 ./Drivers/STM32H7xx_HAL_Driver/Src/stm32h7xx_hal_rcc_ex.o
                0x000000000800480c                HAL_RCCEx_GetPLL2ClockFreq
 .text.HAL_RCCEx_GetPLL3ClockFreq
                0x000000000800495c      0x150 ./Drivers/STM32H7xx_HAL_Driver/Src/stm32h7xx_hal_rcc_ex.o
                0x000000000800495c                HAL_RCCEx_GetPLL3ClockFreq
 .text.HAL_RCCEx_GetPLL1ClockFreq
                0x0000000008004aac      0x150 ./Drivers/STM32H7xx_HAL_Driver/Src/stm32h7xx_hal_rcc_ex.o
                0x0000000008004aac                HAL_RCCEx_GetPLL1ClockFreq
 .text.HAL_RCCEx_GetPeriphCLKFreq
                0x0000000008004bfc      0x2dc ./Drivers/STM32H7xx_HAL_Driver/Src/stm32h7xx_hal_rcc_ex.o
                0x0000000008004bfc                HAL_RCCEx_GetPeriphCLKFreq
 .text.TIM_OC1_SetConfig
                0x0000000008004ed8       0x98 ./Drivers/STM32H7xx_HAL_Driver/Src/stm32h7xx_hal_tim.o
 .text.TIM_OC3_SetConfig
                0x0000000008004f70       0x88 ./Drivers/STM32H7xx_HAL_Driver/Src/stm32h7xx_hal_tim.o
 .text.TIM_OC4_SetConfig
                0x0000000008004ff8       0x68 ./Drivers/STM32H7xx_HAL_Driver/Src/stm32h7xx_hal_tim.o
 .text.TIM_OC5_SetConfig
                0x0000000008005060       0x68 ./Drivers/STM32H7xx_HAL_Driver/Src/stm32h7xx_hal_tim.o
 .text.TIM_OC6_SetConfig
                0x00000000080050c8       0x68 ./Drivers/STM32H7xx_HAL_Driver/Src/stm32h7xx_hal_tim.o
 .text.HAL_TIM_Base_Start
                0x0000000008005130       0x74 ./Drivers/STM32H7xx_HAL_Driver/Src/stm32h7xx_hal_tim.o
                0x0000000008005130                HAL_TIM_Base_Start
 .text.HAL_TIM_Base_Start_IT
                0x00000000080051a4       0x7c ./Drivers/STM32H7xx_HAL_Driver/Src/stm32h7xx_hal_tim.o
                0x00000000080051a4                HAL_TIM_Base_Start_IT
 .text.HAL_TIM_OC_MspInit
                0x0000000008005220        0x2 ./Drivers/STM32H7xx_HAL_Driver/Src/stm32h7xx_hal_tim.o
                0x0000000008005220                HAL_TIM_OC_MspInit
 .text.HAL_TIM_OC_DelayElapsedCallback
                0x0000000008005222        0x2 ./Drivers/STM32H7xx_HAL_Driver/Src/stm32h7xx_hal_tim.o
                0x0000000008005222                HAL_TIM_OC_DelayElapsedCallback
 .text.HAL_TIM_IC_CaptureCallback
                0x0000000008005224        0x2 ./Drivers/STM32H7xx_HAL_Driver/Src/stm32h7xx_hal_tim.o
                0x0000000008005224                HAL_TIM_IC_CaptureCallback
 .text.HAL_TIM_PWM_PulseFinishedCallback
                0x0000000008005226        0x2 ./Drivers/STM32H7xx_HAL_Driver/Src/stm32h7xx_hal_tim.o
                0x0000000008005226                HAL_TIM_PWM_PulseFinishedCallback
 .text.HAL_TIM_TriggerCallback
                0x0000000008005228        0x2 ./Drivers/STM32H7xx_HAL_Driver/Src/stm32h7xx_hal_tim.o
                0x0000000008005228                HAL_TIM_TriggerCallback
 .text.HAL_TIM_IRQHandler
                0x000000000800522a      0x160 ./Drivers/STM32H7xx_HAL_Driver/Src/stm32h7xx_hal_tim.o
                0x000000000800522a                HAL_TIM_IRQHandler
 *fill*         0x000000000800538a        0x2 
 .text.TIM_Base_SetConfig
                0x000000000800538c       0xcc ./Drivers/STM32H7xx_HAL_Driver/Src/stm32h7xx_hal_tim.o
                0x000000000800538c                TIM_Base_SetConfig
 .text.HAL_TIM_Base_Init
                0x0000000008005458       0x60 ./Drivers/STM32H7xx_HAL_Driver/Src/stm32h7xx_hal_tim.o
                0x0000000008005458                HAL_TIM_Base_Init
 .text.HAL_TIM_OC_Init
                0x00000000080054b8       0x60 ./Drivers/STM32H7xx_HAL_Driver/Src/stm32h7xx_hal_tim.o
                0x00000000080054b8                HAL_TIM_OC_Init
 .text.TIM_OC2_SetConfig
                0x0000000008005518       0x8c ./Drivers/STM32H7xx_HAL_Driver/Src/stm32h7xx_hal_tim.o
                0x0000000008005518                TIM_OC2_SetConfig
 .text.HAL_TIM_OC_ConfigChannel
                0x00000000080055a4       0x68 ./Drivers/STM32H7xx_HAL_Driver/Src/stm32h7xx_hal_tim.o
                0x00000000080055a4                HAL_TIM_OC_ConfigChannel
 .text.TIM_ETR_SetConfig
                0x000000000800560c       0x14 ./Drivers/STM32H7xx_HAL_Driver/Src/stm32h7xx_hal_tim.o
                0x000000000800560c                TIM_ETR_SetConfig
 .text.HAL_TIM_ConfigClockSource
                0x0000000008005620      0x180 ./Drivers/STM32H7xx_HAL_Driver/Src/stm32h7xx_hal_tim.o
                0x0000000008005620                HAL_TIM_ConfigClockSource
 .text.TIM_CCxChannelCmd
                0x00000000080057a0       0x1c ./Drivers/STM32H7xx_HAL_Driver/Src/stm32h7xx_hal_tim.o
                0x00000000080057a0                TIM_CCxChannelCmd
 .text.HAL_TIM_OC_Start
                0x00000000080057bc      0x120 ./Drivers/STM32H7xx_HAL_Driver/Src/stm32h7xx_hal_tim.o
                0x00000000080057bc                HAL_TIM_OC_Start
 .text.HAL_TIMEx_MasterConfigSynchronization
                0x00000000080058dc       0x94 ./Drivers/STM32H7xx_HAL_Driver/Src/stm32h7xx_hal_tim_ex.o
                0x00000000080058dc                HAL_TIMEx_MasterConfigSynchronization
 .text.HAL_TIMEx_ConfigBreakDeadTime
                0x0000000008005970       0xb0 ./Drivers/STM32H7xx_HAL_Driver/Src/stm32h7xx_hal_tim_ex.o
                0x0000000008005970                HAL_TIMEx_ConfigBreakDeadTime
 .text.HAL_TIMEx_CommutCallback
                0x0000000008005a20        0x2 ./Drivers/STM32H7xx_HAL_Driver/Src/stm32h7xx_hal_tim_ex.o
                0x0000000008005a20                HAL_TIMEx_CommutCallback
 .text.HAL_TIMEx_BreakCallback
                0x0000000008005a22        0x2 ./Drivers/STM32H7xx_HAL_Driver/Src/stm32h7xx_hal_tim_ex.o
                0x0000000008005a22                HAL_TIMEx_BreakCallback
 .text.HAL_TIMEx_Break2Callback
                0x0000000008005a24        0x2 ./Drivers/STM32H7xx_HAL_Driver/Src/stm32h7xx_hal_tim_ex.o
                0x0000000008005a24                HAL_TIMEx_Break2Callback
 .text.UART_EndTxTransfer
                0x0000000008005a26       0x34 ./Drivers/STM32H7xx_HAL_Driver/Src/stm32h7xx_hal_uart.o
 *fill*         0x0000000008005a5a        0x2 
 .text.UART_EndRxTransfer
                0x0000000008005a5c       0x58 ./Drivers/STM32H7xx_HAL_Driver/Src/stm32h7xx_hal_uart.o
 .text.HAL_UART_Transmit_DMA
                0x0000000008005ab4       0x84 ./Drivers/STM32H7xx_HAL_Driver/Src/stm32h7xx_hal_uart.o
                0x0000000008005ab4                HAL_UART_Transmit_DMA
 .text.HAL_UART_TxCpltCallback
                0x0000000008005b38        0x2 ./Drivers/STM32H7xx_HAL_Driver/Src/stm32h7xx_hal_uart.o
                0x0000000008005b38                HAL_UART_TxCpltCallback
 .text.UART_DMATransmitCplt
                0x0000000008005b3a       0x46 ./Drivers/STM32H7xx_HAL_Driver/Src/stm32h7xx_hal_uart.o
 .text.HAL_UART_TxHalfCpltCallback
                0x0000000008005b80        0x2 ./Drivers/STM32H7xx_HAL_Driver/Src/stm32h7xx_hal_uart.o
                0x0000000008005b80                HAL_UART_TxHalfCpltCallback
 .text.UART_DMATxHalfCplt
                0x0000000008005b82        0xa ./Drivers/STM32H7xx_HAL_Driver/Src/stm32h7xx_hal_uart.o
 .text.HAL_UART_ErrorCallback
                0x0000000008005b8c        0x2 ./Drivers/STM32H7xx_HAL_Driver/Src/stm32h7xx_hal_uart.o
                0x0000000008005b8c                HAL_UART_ErrorCallback
 .text.UART_DMAError
                0x0000000008005b8e       0x4a ./Drivers/STM32H7xx_HAL_Driver/Src/stm32h7xx_hal_uart.o
 .text.UART_SetConfig
                0x0000000008005bd8      0x3d0 ./Drivers/STM32H7xx_HAL_Driver/Src/stm32h7xx_hal_uart.o
                0x0000000008005bd8                UART_SetConfig
 .text.UART_AdvFeatureConfig
                0x0000000008005fa8       0xaa ./Drivers/STM32H7xx_HAL_Driver/Src/stm32h7xx_hal_uart.o
                0x0000000008005fa8                UART_AdvFeatureConfig
 .text.UART_WaitOnFlagUntilTimeout
                0x0000000008006052       0x88 ./Drivers/STM32H7xx_HAL_Driver/Src/stm32h7xx_hal_uart.o
                0x0000000008006052                UART_WaitOnFlagUntilTimeout
 .text.UART_CheckIdleState
                0x00000000080060da       0xba ./Drivers/STM32H7xx_HAL_Driver/Src/stm32h7xx_hal_uart.o
                0x00000000080060da                UART_CheckIdleState
 .text.HAL_UART_Init
                0x0000000008006194       0x60 ./Drivers/STM32H7xx_HAL_Driver/Src/stm32h7xx_hal_uart.o
                0x0000000008006194                HAL_UART_Init
 .text.UARTEx_SetNbDataToProcess
                0x00000000080061f4       0x44 ./Drivers/STM32H7xx_HAL_Driver/Src/stm32h7xx_hal_uart_ex.o
 .text.HAL_UARTEx_DisableFifoMode
                0x0000000008006238       0x36 ./Drivers/STM32H7xx_HAL_Driver/Src/stm32h7xx_hal_uart_ex.o
                0x0000000008006238                HAL_UARTEx_DisableFifoMode
 .text.HAL_UARTEx_SetTxFifoThreshold
                0x000000000800626e       0x48 ./Drivers/STM32H7xx_HAL_Driver/Src/stm32h7xx_hal_uart_ex.o
                0x000000000800626e                HAL_UARTEx_SetTxFifoThreshold
 .text.HAL_UARTEx_SetRxFifoThreshold
                0x00000000080062b6       0x48 ./Drivers/STM32H7xx_HAL_Driver/Src/stm32h7xx_hal_uart_ex.o
                0x00000000080062b6                HAL_UARTEx_SetRxFifoThreshold
 .text.SysTick_Handler
                0x00000000080062fe       0x1a ./Middlewares/Third_Party/FreeRTOS/Source/CMSIS_RTOS_V2/cmsis_os2.o
                0x00000000080062fe                SysTick_Handler
 .text.osKernelInitialize
                0x0000000008006318       0x24 ./Middlewares/Third_Party/FreeRTOS/Source/CMSIS_RTOS_V2/cmsis_os2.o
                0x0000000008006318                osKernelInitialize
 .text.osKernelStart
                0x000000000800633c       0x34 ./Middlewares/Third_Party/FreeRTOS/Source/CMSIS_RTOS_V2/cmsis_os2.o
                0x000000000800633c                osKernelStart
 .text.osThreadNew
                0x0000000008006370       0x92 ./Middlewares/Third_Party/FreeRTOS/Source/CMSIS_RTOS_V2/cmsis_os2.o
                0x0000000008006370                osThreadNew
 .text.osSemaphoreNew
                0x0000000008006402       0x94 ./Middlewares/Third_Party/FreeRTOS/Source/CMSIS_RTOS_V2/cmsis_os2.o
                0x0000000008006402                osSemaphoreNew
 .text.osSemaphoreAcquire
                0x0000000008006496       0x56 ./Middlewares/Third_Party/FreeRTOS/Source/CMSIS_RTOS_V2/cmsis_os2.o
                0x0000000008006496                osSemaphoreAcquire
 .text.osSemaphoreRelease
                0x00000000080064ec       0x50 ./Middlewares/Third_Party/FreeRTOS/Source/CMSIS_RTOS_V2/cmsis_os2.o
                0x00000000080064ec                osSemaphoreRelease
 .text.vApplicationGetIdleTaskMemory
                0x000000000800653c       0x18 ./Middlewares/Third_Party/FreeRTOS/Source/CMSIS_RTOS_V2/cmsis_os2.o
                0x000000000800653c                vApplicationGetIdleTaskMemory
 .text.vApplicationGetTimerTaskMemory
                0x0000000008006554       0x18 ./Middlewares/Third_Party/FreeRTOS/Source/CMSIS_RTOS_V2/cmsis_os2.o
                0x0000000008006554                vApplicationGetTimerTaskMemory
 .text.vListInitialise
                0x000000000800656c       0x16 ./Middlewares/Third_Party/FreeRTOS/Source/list.o
                0x000000000800656c                vListInitialise
 .text.vListInitialiseItem
                0x0000000008006582        0x6 ./Middlewares/Third_Party/FreeRTOS/Source/list.o
                0x0000000008006582                vListInitialiseItem
 .text.vListInsertEnd
                0x0000000008006588       0x18 ./Middlewares/Third_Party/FreeRTOS/Source/list.o
                0x0000000008006588                vListInsertEnd
 .text.vListInsert
                0x00000000080065a0       0x2e ./Middlewares/Third_Party/FreeRTOS/Source/list.o
                0x00000000080065a0                vListInsert
 .text.uxListRemove
                0x00000000080065ce       0x20 ./Middlewares/Third_Party/FreeRTOS/Source/list.o
                0x00000000080065ce                uxListRemove
 .text.prvIsQueueEmpty
                0x00000000080065ee       0x16 ./Middlewares/Third_Party/FreeRTOS/Source/queue.o
 .text.prvCopyDataToQueue
                0x0000000008006604       0x6a ./Middlewares/Third_Party/FreeRTOS/Source/queue.o
 .text.prvCopyDataFromQueue
                0x000000000800666e       0x2a ./Middlewares/Third_Party/FreeRTOS/Source/queue.o
 .text.prvUnlockQueue
                0x0000000008006698       0x70 ./Middlewares/Third_Party/FreeRTOS/Source/queue.o
 .text.xQueueGenericReset
                0x0000000008006708       0x7e ./Middlewares/Third_Party/FreeRTOS/Source/queue.o
                0x0000000008006708                xQueueGenericReset
 .text.xQueueGenericCreateStatic
                0x0000000008006786       0x9c ./Middlewares/Third_Party/FreeRTOS/Source/queue.o
                0x0000000008006786                xQueueGenericCreateStatic
 .text.xQueueGenericCreate
                0x0000000008006822       0x4e ./Middlewares/Third_Party/FreeRTOS/Source/queue.o
                0x0000000008006822                xQueueGenericCreate
 .text.xQueueCreateCountingSemaphoreStatic
                0x0000000008006870       0x44 ./Middlewares/Third_Party/FreeRTOS/Source/queue.o
                0x0000000008006870                xQueueCreateCountingSemaphoreStatic
 .text.xQueueCreateCountingSemaphore
                0x00000000080068b4       0x3c ./Middlewares/Third_Party/FreeRTOS/Source/queue.o
                0x00000000080068b4                xQueueCreateCountingSemaphore
 .text.xQueueGenericSend
                0x00000000080068f0      0x166 ./Middlewares/Third_Party/FreeRTOS/Source/queue.o
                0x00000000080068f0                xQueueGenericSend
 .text.xQueueGenericSendFromISR
                0x0000000008006a56       0xc4 ./Middlewares/Third_Party/FreeRTOS/Source/queue.o
                0x0000000008006a56                xQueueGenericSendFromISR
 .text.xQueueGiveFromISR
                0x0000000008006b1a       0xa8 ./Middlewares/Third_Party/FreeRTOS/Source/queue.o
                0x0000000008006b1a                xQueueGiveFromISR
 .text.xQueueReceive
                0x0000000008006bc2      0x13e ./Middlewares/Third_Party/FreeRTOS/Source/queue.o
                0x0000000008006bc2                xQueueReceive
 .text.xQueueSemaphoreTake
                0x0000000008006d00      0x186 ./Middlewares/Third_Party/FreeRTOS/Source/queue.o
                0x0000000008006d00                xQueueSemaphoreTake
 .text.xQueueReceiveFromISR
                0x0000000008006e86       0x9e ./Middlewares/Third_Party/FreeRTOS/Source/queue.o
                0x0000000008006e86                xQueueReceiveFromISR
 .text.vQueueAddToRegistry
                0x0000000008006f24       0x24 ./Middlewares/Third_Party/FreeRTOS/Source/queue.o
                0x0000000008006f24                vQueueAddToRegistry
 .text.vQueueUnregisterQueue
                0x0000000008006f48       0x28 ./Middlewares/Third_Party/FreeRTOS/Source/queue.o
                0x0000000008006f48                vQueueUnregisterQueue
 .text.vQueueDelete
                0x0000000008006f70       0x2e ./Middlewares/Third_Party/FreeRTOS/Source/queue.o
                0x0000000008006f70                vQueueDelete
 .text.vQueueWaitForMessageRestricted
                0x0000000008006f9e       0x46 ./Middlewares/Third_Party/FreeRTOS/Source/queue.o
                0x0000000008006f9e                vQueueWaitForMessageRestricted
 .text.prvAddNewTaskToReadyList
                0x0000000008006fe4       0xfc ./Middlewares/Third_Party/FreeRTOS/Source/tasks.o
 .text.prvAddCurrentTaskToDelayedList
                0x00000000080070e0       0x70 ./Middlewares/Third_Party/FreeRTOS/Source/tasks.o
 .text.prvResetNextTaskUnblockTime
                0x0000000008007150       0x24 ./Middlewares/Third_Party/FreeRTOS/Source/tasks.o
 .text.prvDeleteTCB
                0x0000000008007174       0x36 ./Middlewares/Third_Party/FreeRTOS/Source/tasks.o
 *fill*         0x00000000080071aa        0x2 
 .text.prvIdleTask
                0x00000000080071ac       0x60 ./Middlewares/Third_Party/FreeRTOS/Source/tasks.o
 .text.prvInitialiseNewTask.constprop.0
                0x000000000800720c       0x9a ./Middlewares/Third_Party/FreeRTOS/Source/tasks.o
 .text.xTaskCreateStatic
                0x00000000080072a6       0x70 ./Middlewares/Third_Party/FreeRTOS/Source/tasks.o
                0x00000000080072a6                xTaskCreateStatic
 .text.xTaskCreate
                0x0000000008007316       0x5a ./Middlewares/Third_Party/FreeRTOS/Source/tasks.o
                0x0000000008007316                xTaskCreate
 .text.vTaskStartScheduler
                0x0000000008007370       0x8c ./Middlewares/Third_Party/FreeRTOS/Source/tasks.o
                0x0000000008007370                vTaskStartScheduler
 .text.vTaskSuspendAll
                0x00000000080073fc       0x10 ./Middlewares/Third_Party/FreeRTOS/Source/tasks.o
                0x00000000080073fc                vTaskSuspendAll
 .text.xTaskGetTickCount
                0x000000000800740c        0xc ./Middlewares/Third_Party/FreeRTOS/Source/tasks.o
                0x000000000800740c                xTaskGetTickCount
 .text.xTaskIncrementTick
                0x0000000008007418      0x12c ./Middlewares/Third_Party/FreeRTOS/Source/tasks.o
                0x0000000008007418                xTaskIncrementTick
 .text.xTaskResumeAll
                0x0000000008007544       0xe8 ./Middlewares/Third_Party/FreeRTOS/Source/tasks.o
                0x0000000008007544                xTaskResumeAll
 .text.vTaskSwitchContext
                0x000000000800762c       0x74 ./Middlewares/Third_Party/FreeRTOS/Source/tasks.o
                0x000000000800762c                vTaskSwitchContext
 .text.vTaskPlaceOnEventList
                0x00000000080076a0       0x34 ./Middlewares/Third_Party/FreeRTOS/Source/tasks.o
                0x00000000080076a0                vTaskPlaceOnEventList
 .text.vTaskPlaceOnEventListRestricted
                0x00000000080076d4       0x3c ./Middlewares/Third_Party/FreeRTOS/Source/tasks.o
                0x00000000080076d4                vTaskPlaceOnEventListRestricted
 .text.xTaskRemoveFromEventList
                0x0000000008007710       0x88 ./Middlewares/Third_Party/FreeRTOS/Source/tasks.o
                0x0000000008007710                xTaskRemoveFromEventList
 .text.vTaskInternalSetTimeOutState
                0x0000000008007798       0x18 ./Middlewares/Third_Party/FreeRTOS/Source/tasks.o
                0x0000000008007798                vTaskInternalSetTimeOutState
 .text.xTaskCheckForTimeOut
                0x00000000080077b0       0x78 ./Middlewares/Third_Party/FreeRTOS/Source/tasks.o
                0x00000000080077b0                xTaskCheckForTimeOut
 .text.vTaskMissedYield
                0x0000000008007828        0xc ./Middlewares/Third_Party/FreeRTOS/Source/tasks.o
                0x0000000008007828                vTaskMissedYield
 .text.xTaskGetSchedulerState
                0x0000000008007834       0x20 ./Middlewares/Third_Party/FreeRTOS/Source/tasks.o
                0x0000000008007834                xTaskGetSchedulerState
 .text.xTaskPriorityInherit
                0x0000000008007854       0x80 ./Middlewares/Third_Party/FreeRTOS/Source/tasks.o
                0x0000000008007854                xTaskPriorityInherit
 .text.xTaskPriorityDisinherit
                0x00000000080078d4       0x88 ./Middlewares/Third_Party/FreeRTOS/Source/tasks.o
                0x00000000080078d4                xTaskPriorityDisinherit
 .text.vTaskPriorityDisinheritAfterTimeout
                0x000000000800795c       0xa4 ./Middlewares/Third_Party/FreeRTOS/Source/tasks.o
                0x000000000800795c                vTaskPriorityDisinheritAfterTimeout
 .text.pvTaskIncrementMutexHeldCount
                0x0000000008007a00       0x18 ./Middlewares/Third_Party/FreeRTOS/Source/tasks.o
                0x0000000008007a00                pvTaskIncrementMutexHeldCount
 .text.prvCheckForValidListAndQueue
                0x0000000008007a18       0x68 ./Middlewares/Third_Party/FreeRTOS/Source/timers.o
 .text.prvInsertTimerInActiveList
                0x0000000008007a80       0x3c ./Middlewares/Third_Party/FreeRTOS/Source/timers.o
 .text.xTimerCreateTimerTask
                0x0000000008007abc       0x64 ./Middlewares/Third_Party/FreeRTOS/Source/timers.o
                0x0000000008007abc                xTimerCreateTimerTask
 .text.xTimerGenericCommand
                0x0000000008007b20       0x54 ./Middlewares/Third_Party/FreeRTOS/Source/timers.o
                0x0000000008007b20                xTimerGenericCommand
 .text.prvSampleTimeNow
                0x0000000008007b74       0xac ./Middlewares/Third_Party/FreeRTOS/Source/timers.o
 .text.prvTimerTask
                0x0000000008007c20      0x1cc ./Middlewares/Third_Party/FreeRTOS/Source/timers.o
 .text.prvPortStartFirstTask
                0x0000000008007dec       0x28 ./Middlewares/Third_Party/FreeRTOS/Source/portable/GCC/ARM_CM4F/port.o
 .text.vPortEnableVFP
                0x0000000008007e14       0x14 ./Middlewares/Third_Party/FreeRTOS/Source/portable/GCC/ARM_CM4F/port.o
 .text.prvTaskExitError
                0x0000000008007e28       0x40 ./Middlewares/Third_Party/FreeRTOS/Source/portable/GCC/ARM_CM4F/port.o
 .text.pxPortInitialiseStack
                0x0000000008007e68       0x24 ./Middlewares/Third_Party/FreeRTOS/Source/portable/GCC/ARM_CM4F/port.o
                0x0000000008007e68                pxPortInitialiseStack
 *fill*         0x0000000008007e8c        0x4 
 .text.SVC_Handler
                0x0000000008007e90       0x24 ./Middlewares/Third_Party/FreeRTOS/Source/portable/GCC/ARM_CM4F/port.o
                0x0000000008007e90                SVC_Handler
 .text.vPortEnterCritical
                0x0000000008007eb4       0x40 ./Middlewares/Third_Party/FreeRTOS/Source/portable/GCC/ARM_CM4F/port.o
                0x0000000008007eb4                vPortEnterCritical
 .text.vPortExitCritical
                0x0000000008007ef4       0x28 ./Middlewares/Third_Party/FreeRTOS/Source/portable/GCC/ARM_CM4F/port.o
                0x0000000008007ef4                vPortExitCritical
 *fill*         0x0000000008007f1c        0x4 
 .text.PendSV_Handler
                0x0000000008007f20       0x64 ./Middlewares/Third_Party/FreeRTOS/Source/portable/GCC/ARM_CM4F/port.o
                0x0000000008007f20                PendSV_Handler
 .text.xPortSysTickHandler
                0x0000000008007f84       0x2c ./Middlewares/Third_Party/FreeRTOS/Source/portable/GCC/ARM_CM4F/port.o
                0x0000000008007f84                xPortSysTickHandler
 .text.vPortSetupTimerInterrupt
                0x0000000008007fb0       0x24 ./Middlewares/Third_Party/FreeRTOS/Source/portable/GCC/ARM_CM4F/port.o
                0x0000000008007fb0                vPortSetupTimerInterrupt
 .text.xPortStartScheduler
                0x0000000008007fd4      0x10c ./Middlewares/Third_Party/FreeRTOS/Source/portable/GCC/ARM_CM4F/port.o
                0x0000000008007fd4                xPortStartScheduler
 .text.vPortValidateInterruptPriority
                0x00000000080080e0       0x5c ./Middlewares/Third_Party/FreeRTOS/Source/portable/GCC/ARM_CM4F/port.o
                0x00000000080080e0                vPortValidateInterruptPriority
 .text.prvInsertBlockIntoFreeList
                0x000000000800813c       0x48 ./Middlewares/Third_Party/FreeRTOS/Source/portable/MemMang/heap_4.o
 .text.pvPortMalloc
                0x0000000008008184      0x130 ./Middlewares/Third_Party/FreeRTOS/Source/portable/MemMang/heap_4.o
                0x0000000008008184                pvPortMalloc
 .text.vPortFree
                0x00000000080082b4       0x7c ./Middlewares/Third_Party/FreeRTOS/Source/portable/MemMang/heap_4.o
                0x00000000080082b4                vPortFree
 .text.arm_max_f32
                0x0000000008008330       0xd0 C:\Users\zachs\OneDrive\Documents\Beng Term 8\_Capstone\Capstone\Capstone Hydrophone Project\Remote_Hydrophone_Sys_Rtos\Drivers\CMSIS\Lib\GCC\libarm_cortexM7lfdp_math.a(arm_max_f32.o)
                0x0000000008008330                arm_max_f32
 .text.arm_rfft_32_fast_init_f32
                0x0000000008008400       0x38 C:\Users\zachs\OneDrive\Documents\Beng Term 8\_Capstone\Capstone\Capstone Hydrophone Project\Remote_Hydrophone_Sys_Rtos\Drivers\CMSIS\Lib\GCC\libarm_cortexM7lfdp_math.a(arm_rfft_fast_init_f32.o)
                0x0000000008008400                arm_rfft_32_fast_init_f32
 .text.arm_rfft_64_fast_init_f32
                0x0000000008008438       0x38 C:\Users\zachs\OneDrive\Documents\Beng Term 8\_Capstone\Capstone\Capstone Hydrophone Project\Remote_Hydrophone_Sys_Rtos\Drivers\CMSIS\Lib\GCC\libarm_cortexM7lfdp_math.a(arm_rfft_fast_init_f32.o)
                0x0000000008008438                arm_rfft_64_fast_init_f32
 .text.arm_rfft_256_fast_init_f32
                0x0000000008008470       0x38 C:\Users\zachs\OneDrive\Documents\Beng Term 8\_Capstone\Capstone\Capstone Hydrophone Project\Remote_Hydrophone_Sys_Rtos\Drivers\CMSIS\Lib\GCC\libarm_cortexM7lfdp_math.a(arm_rfft_fast_init_f32.o)
                0x0000000008008470                arm_rfft_256_fast_init_f32
 .text.arm_rfft_512_fast_init_f32
                0x00000000080084a8       0x3c C:\Users\zachs\OneDrive\Documents\Beng Term 8\_Capstone\Capstone\Capstone Hydrophone Project\Remote_Hydrophone_Sys_Rtos\Drivers\CMSIS\Lib\GCC\libarm_cortexM7lfdp_math.a(arm_rfft_fast_init_f32.o)
                0x00000000080084a8                arm_rfft_512_fast_init_f32
 .text.arm_rfft_1024_fast_init_f32
                0x00000000080084e4       0x3c C:\Users\zachs\OneDrive\Documents\Beng Term 8\_Capstone\Capstone\Capstone Hydrophone Project\Remote_Hydrophone_Sys_Rtos\Drivers\CMSIS\Lib\GCC\libarm_cortexM7lfdp_math.a(arm_rfft_fast_init_f32.o)
                0x00000000080084e4                arm_rfft_1024_fast_init_f32
 .text.arm_rfft_2048_fast_init_f32
                0x0000000008008520       0x3c C:\Users\zachs\OneDrive\Documents\Beng Term 8\_Capstone\Capstone\Capstone Hydrophone Project\Remote_Hydrophone_Sys_Rtos\Drivers\CMSIS\Lib\GCC\libarm_cortexM7lfdp_math.a(arm_rfft_fast_init_f32.o)
                0x0000000008008520                arm_rfft_2048_fast_init_f32
 .text.arm_rfft_4096_fast_init_f32
                0x000000000800855c       0x3c C:\Users\zachs\OneDrive\Documents\Beng Term 8\_Capstone\Capstone\Capstone Hydrophone Project\Remote_Hydrophone_Sys_Rtos\Drivers\CMSIS\Lib\GCC\libarm_cortexM7lfdp_math.a(arm_rfft_fast_init_f32.o)
                0x000000000800855c                arm_rfft_4096_fast_init_f32
 .text.arm_rfft_fast_init_f32
                0x0000000008008598       0x68 C:\Users\zachs\OneDrive\Documents\Beng Term 8\_Capstone\Capstone\Capstone Hydrophone Project\Remote_Hydrophone_Sys_Rtos\Drivers\CMSIS\Lib\GCC\libarm_cortexM7lfdp_math.a(arm_rfft_fast_init_f32.o)
                0x0000000008008598                arm_rfft_fast_init_f32
 .text.stage_rfft_f32
                0x0000000008008600       0xb8 C:\Users\zachs\OneDrive\Documents\Beng Term 8\_Capstone\Capstone\Capstone Hydrophone Project\Remote_Hydrophone_Sys_Rtos\Drivers\CMSIS\Lib\GCC\libarm_cortexM7lfdp_math.a(arm_rfft_fast_f32.o)
                0x0000000008008600                stage_rfft_f32
 .text.merge_rfft_f32
                0x00000000080086b8       0xac C:\Users\zachs\OneDrive\Documents\Beng Term 8\_Capstone\Capstone\Capstone Hydrophone Project\Remote_Hydrophone_Sys_Rtos\Drivers\CMSIS\Lib\GCC\libarm_cortexM7lfdp_math.a(arm_rfft_fast_f32.o)
                0x00000000080086b8                merge_rfft_f32
 .text.arm_rfft_fast_f32
                0x0000000008008764       0x40 C:\Users\zachs\OneDrive\Documents\Beng Term 8\_Capstone\Capstone\Capstone Hydrophone Project\Remote_Hydrophone_Sys_Rtos\Drivers\CMSIS\Lib\GCC\libarm_cortexM7lfdp_math.a(arm_rfft_fast_f32.o)
                0x0000000008008764                arm_rfft_fast_f32
 .text.arm_cfft_radix8by2_f32
                0x00000000080087a4      0x198 C:\Users\zachs\OneDrive\Documents\Beng Term 8\_Capstone\Capstone\Capstone Hydrophone Project\Remote_Hydrophone_Sys_Rtos\Drivers\CMSIS\Lib\GCC\libarm_cortexM7lfdp_math.a(arm_cfft_f32.o)
                0x00000000080087a4                arm_cfft_radix8by2_f32
 .text.arm_cfft_radix8by4_f32
                0x000000000800893c      0x4b8 C:\Users\zachs\OneDrive\Documents\Beng Term 8\_Capstone\Capstone\Capstone Hydrophone Project\Remote_Hydrophone_Sys_Rtos\Drivers\CMSIS\Lib\GCC\libarm_cortexM7lfdp_math.a(arm_cfft_f32.o)
                0x000000000800893c                arm_cfft_radix8by4_f32
 .text.arm_cfft_f32
                0x0000000008008df4       0xec C:\Users\zachs\OneDrive\Documents\Beng Term 8\_Capstone\Capstone\Capstone Hydrophone Project\Remote_Hydrophone_Sys_Rtos\Drivers\CMSIS\Lib\GCC\libarm_cortexM7lfdp_math.a(arm_cfft_f32.o)
                0x0000000008008df4                arm_cfft_f32
 .text.arm_bitreversal_32
                0x0000000008008ee0       0x50 C:\Users\zachs\OneDrive\Documents\Beng Term 8\_Capstone\Capstone\Capstone Hydrophone Project\Remote_Hydrophone_Sys_Rtos\Drivers\CMSIS\Lib\GCC\libarm_cortexM7lfdp_math.a(arm_bitreversal2.o)
                0x0000000008008ee0                arm_bitreversal_32
 .text.arm_radix8_butterfly_f32
                0x0000000008008f30      0x584 C:\Users\zachs\OneDrive\Documents\Beng Term 8\_Capstone\Capstone\Capstone Hydrophone Project\Remote_Hydrophone_Sys_Rtos\Drivers\CMSIS\Lib\GCC\libarm_cortexM7lfdp_math.a(arm_cfft_radix8_f32.o)
                0x0000000008008f30                arm_radix8_butterfly_f32
 .text.__errno  0x00000000080094b4        0xc c:/st/stm32cubeide_1.11.0/stm32cubeide/plugins/com.st.stm32cube.ide.mcu.externaltools.gnu-tools-for-stm32.10.3-2021.10.win32_1.0.100.202210260954/tools/bin/../lib/gcc/arm-none-eabi/10.3.1/../../../../arm-none-eabi/lib/thumb/v7e-m+dp/hard\libc_nano.a(lib_a-errno.o)
                0x00000000080094b4                __errno
 .text.__libc_init_array
                0x00000000080094c0       0x48 c:/st/stm32cubeide_1.11.0/stm32cubeide/plugins/com.st.stm32cube.ide.mcu.externaltools.gnu-tools-for-stm32.10.3-2021.10.win32_1.0.100.202210260954/tools/bin/../lib/gcc/arm-none-eabi/10.3.1/../../../../arm-none-eabi/lib/thumb/v7e-m+dp/hard\libc_nano.a(lib_a-init.o)
                0x00000000080094c0                __libc_init_array
 .text.memcpy   0x0000000008009508       0x1c c:/st/stm32cubeide_1.11.0/stm32cubeide/plugins/com.st.stm32cube.ide.mcu.externaltools.gnu-tools-for-stm32.10.3-2021.10.win32_1.0.100.202210260954/tools/bin/../lib/gcc/arm-none-eabi/10.3.1/../../../../arm-none-eabi/lib/thumb/v7e-m+dp/hard\libc_nano.a(lib_a-memcpy-stub.o)
                0x0000000008009508                memcpy
 .text.memset   0x0000000008009524       0x10 c:/st/stm32cubeide_1.11.0/stm32cubeide/plugins/com.st.stm32cube.ide.mcu.externaltools.gnu-tools-for-stm32.10.3-2021.10.win32_1.0.100.202210260954/tools/bin/../lib/gcc/arm-none-eabi/10.3.1/../../../../arm-none-eabi/lib/thumb/v7e-m+dp/hard\libc_nano.a(lib_a-memset.o)
                0x0000000008009524                memset
 .text.logf     0x0000000008009534       0xcc c:/st/stm32cubeide_1.11.0/stm32cubeide/plugins/com.st.stm32cube.ide.mcu.externaltools.gnu-tools-for-stm32.10.3-2021.10.win32_1.0.100.202210260954/tools/bin/../lib/gcc/arm-none-eabi/10.3.1/../../../../arm-none-eabi/lib/thumb/v7e-m+dp/hard\libm.a(lib_a-sf_log.o)
                0x0000000008009534                logf
 .text.sqrtf    0x0000000008009600       0x3c c:/st/stm32cubeide_1.11.0/stm32cubeide/plugins/com.st.stm32cube.ide.mcu.externaltools.gnu-tools-for-stm32.10.3-2021.10.win32_1.0.100.202210260954/tools/bin/../lib/gcc/arm-none-eabi/10.3.1/../../../../arm-none-eabi/lib/thumb/v7e-m+dp/hard\libm.a(lib_a-wf_sqrt.o)
                0x0000000008009600                sqrtf
 .text.__ieee754_sqrtf
                0x000000000800963c        0x6 c:/st/stm32cubeide_1.11.0/stm32cubeide/plugins/com.st.stm32cube.ide.mcu.externaltools.gnu-tools-for-stm32.10.3-2021.10.win32_1.0.100.202210260954/tools/bin/../lib/gcc/arm-none-eabi/10.3.1/../../../../arm-none-eabi/lib/thumb/v7e-m+dp/hard\libm.a(lib_a-ef_sqrt.o)
                0x000000000800963c                __ieee754_sqrtf
 .text.with_errnof
                0x0000000008009642       0x16 c:/st/stm32cubeide_1.11.0/stm32cubeide/plugins/com.st.stm32cube.ide.mcu.externaltools.gnu-tools-for-stm32.10.3-2021.10.win32_1.0.100.202210260954/tools/bin/../lib/gcc/arm-none-eabi/10.3.1/../../../../arm-none-eabi/lib/thumb/v7e-m+dp/hard\libm.a(lib_a-math_errf.o)
 .text.__math_divzerof
                0x0000000008009658       0x20 c:/st/stm32cubeide_1.11.0/stm32cubeide/plugins/com.st.stm32cube.ide.mcu.externaltools.gnu-tools-for-stm32.10.3-2021.10.win32_1.0.100.202210260954/tools/bin/../lib/gcc/arm-none-eabi/10.3.1/../../../../arm-none-eabi/lib/thumb/v7e-m+dp/hard\libm.a(lib_a-math_errf.o)
                0x0000000008009658                __math_divzerof
 .text.__math_invalidf
                0x0000000008009678       0x1e c:/st/stm32cubeide_1.11.0/stm32cubeide/plugins/com.st.stm32cube.ide.mcu.externaltools.gnu-tools-for-stm32.10.3-2021.10.win32_1.0.100.202210260954/tools/bin/../lib/gcc/arm-none-eabi/10.3.1/../../../../arm-none-eabi/lib/thumb/v7e-m+dp/hard\libm.a(lib_a-math_errf.o)
                0x0000000008009678                __math_invalidf
 *(.glue_7)
 .glue_7        0x0000000008009696        0x0 linker stubs
 *(.glue_7t)
 .glue_7t       0x0000000008009696        0x0 linker stubs
 *(.eh_frame)
 *fill*         0x0000000008009696        0x2 
 .eh_frame      0x0000000008009698        0x0 c:/st/stm32cubeide_1.11.0/stm32cubeide/plugins/com.st.stm32cube.ide.mcu.externaltools.gnu-tools-for-stm32.10.3-2021.10.win32_1.0.100.202210260954/tools/bin/../lib/gcc/arm-none-eabi/10.3.1/thumb/v7e-m+dp/hard/crtbegin.o
 *(.init)
 .init          0x0000000008009698        0x4 c:/st/stm32cubeide_1.11.0/stm32cubeide/plugins/com.st.stm32cube.ide.mcu.externaltools.gnu-tools-for-stm32.10.3-2021.10.win32_1.0.100.202210260954/tools/bin/../lib/gcc/arm-none-eabi/10.3.1/thumb/v7e-m+dp/hard/crti.o
                0x0000000008009698                _init
 .init          0x000000000800969c        0x8 c:/st/stm32cubeide_1.11.0/stm32cubeide/plugins/com.st.stm32cube.ide.mcu.externaltools.gnu-tools-for-stm32.10.3-2021.10.win32_1.0.100.202210260954/tools/bin/../lib/gcc/arm-none-eabi/10.3.1/thumb/v7e-m+dp/hard/crtn.o
 *(.fini)
 .fini          0x00000000080096a4        0x4 c:/st/stm32cubeide_1.11.0/stm32cubeide/plugins/com.st.stm32cube.ide.mcu.externaltools.gnu-tools-for-stm32.10.3-2021.10.win32_1.0.100.202210260954/tools/bin/../lib/gcc/arm-none-eabi/10.3.1/thumb/v7e-m+dp/hard/crti.o
                0x00000000080096a4                _fini
 .fini          0x00000000080096a8        0x8 c:/st/stm32cubeide_1.11.0/stm32cubeide/plugins/com.st.stm32cube.ide.mcu.externaltools.gnu-tools-for-stm32.10.3-2021.10.win32_1.0.100.202210260954/tools/bin/../lib/gcc/arm-none-eabi/10.3.1/thumb/v7e-m+dp/hard/crtn.o
                0x00000000080096b0                . = ALIGN (0x4)
                0x00000000080096b0                _etext = .

.vfp11_veneer   0x00000000080096b0        0x0
 .vfp11_veneer  0x00000000080096b0        0x0 linker stubs

.v4_bx          0x00000000080096b0        0x0
 .v4_bx         0x00000000080096b0        0x0 linker stubs

.iplt           0x00000000080096b0        0x0
 .iplt          0x00000000080096b0        0x0 c:/st/stm32cubeide_1.11.0/stm32cubeide/plugins/com.st.stm32cube.ide.mcu.externaltools.gnu-tools-for-stm32.10.3-2021.10.win32_1.0.100.202210260954/tools/bin/../lib/gcc/arm-none-eabi/10.3.1/thumb/v7e-m+dp/hard/crtbegin.o

.rodata         0x00000000080096b0    0x132a8
                0x00000000080096b0                . = ALIGN (0x4)
 *(.rodata)
 *(.rodata*)
 .rodata.str1.1
                0x00000000080096b0       0x53 ./Core/Src/main.o
 *fill*         0x0000000008009703        0x1 
 .rodata.AudioCapSem01_attributes
                0x0000000008009704       0x10 ./Core/Src/main.o
                0x0000000008009704                AudioCapSem01_attributes
 .rodata.AudioCapTask_attributes
                0x0000000008009714       0x24 ./Core/Src/main.o
                0x0000000008009714                AudioCapTask_attributes
 .rodata.FFTSem02_attributes
                0x0000000008009738       0x10 ./Core/Src/main.o
                0x0000000008009738                FFTSem02_attributes
 .rodata.FFTTask_attributes
                0x0000000008009748       0x24 ./Core/Src/main.o
                0x0000000008009748                FFTTask_attributes
 .rodata.SendDataSem03_attributes
                0x000000000800976c       0x10 ./Core/Src/main.o
                0x000000000800976c                SendDataSem03_attributes
 .rodata.SendDataTask_attributes
                0x000000000800977c       0x24 ./Core/Src/main.o
                0x000000000800977c                SendDataTask_attributes
 .rodata.defaultTask_attributes
                0x00000000080097a0       0x24 ./Core/Src/main.o
                0x00000000080097a0                defaultTask_attributes
 .rodata.D1CorePrescTable
                0x00000000080097c4       0x10 ./Core/Src/system_stm32h7xx.o
                0x00000000080097c4                D1CorePrescTable
 .rodata.flagBitshiftOffset.0
                0x00000000080097d4        0x8 ./Drivers/STM32H7xx_HAL_Driver/Src/stm32h7xx_hal_dma.o
 .rodata.CSWTCH.61
                0x00000000080097dc       0x29 ./Drivers/STM32H7xx_HAL_Driver/Src/stm32h7xx_hal_uart.o
 .rodata.CSWTCH.62
                0x0000000008009805        0x6 ./Drivers/STM32H7xx_HAL_Driver/Src/stm32h7xx_hal_uart.o
 .rodata.CSWTCH.71
                0x000000000800980b        0x6 ./Drivers/STM32H7xx_HAL_Driver/Src/stm32h7xx_hal_uart.o
 *fill*         0x0000000008009811        0x1 
 .rodata.UARTPrescTable
                0x0000000008009812       0x18 ./Drivers/STM32H7xx_HAL_Driver/Src/stm32h7xx_hal_uart.o
                0x0000000008009812                UARTPrescTable
 .rodata.denominator.0
                0x000000000800982a        0x8 ./Drivers/STM32H7xx_HAL_Driver/Src/stm32h7xx_hal_uart_ex.o
 .rodata.numerator.1
                0x0000000008009832        0x8 ./Drivers/STM32H7xx_HAL_Driver/Src/stm32h7xx_hal_uart_ex.o
 .rodata.vTaskStartScheduler.str1.1
                0x000000000800983a        0x5 ./Middlewares/Third_Party/FreeRTOS/Source/tasks.o
 .rodata.prvCheckForValidListAndQueue.str1.1
                0x000000000800983f        0x5 ./Middlewares/Third_Party/FreeRTOS/Source/timers.o
 .rodata.xTimerCreateTimerTask.str1.1
                0x0000000008009844        0x8 ./Middlewares/Third_Party/FreeRTOS/Source/timers.o
 .rodata.armBitRevIndexTable1024
                0x000000000800984c      0xe10 C:\Users\zachs\OneDrive\Documents\Beng Term 8\_Capstone\Capstone\Capstone Hydrophone Project\Remote_Hydrophone_Sys_Rtos\Drivers\CMSIS\Lib\GCC\libarm_cortexM7lfdp_math.a(arm_common_tables.o)
                0x000000000800984c                armBitRevIndexTable1024
 .rodata.armBitRevIndexTable128
                0x000000000800a65c      0x1a0 C:\Users\zachs\OneDrive\Documents\Beng Term 8\_Capstone\Capstone\Capstone Hydrophone Project\Remote_Hydrophone_Sys_Rtos\Drivers\CMSIS\Lib\GCC\libarm_cortexM7lfdp_math.a(arm_common_tables.o)
                0x000000000800a65c                armBitRevIndexTable128
 .rodata.armBitRevIndexTable16
                0x000000000800a7fc       0x28 C:\Users\zachs\OneDrive\Documents\Beng Term 8\_Capstone\Capstone\Capstone Hydrophone Project\Remote_Hydrophone_Sys_Rtos\Drivers\CMSIS\Lib\GCC\libarm_cortexM7lfdp_math.a(arm_common_tables.o)
                0x000000000800a7fc                armBitRevIndexTable16
 .rodata.armBitRevIndexTable2048
                0x000000000800a824     0x1dc0 C:\Users\zachs\OneDrive\Documents\Beng Term 8\_Capstone\Capstone\Capstone Hydrophone Project\Remote_Hydrophone_Sys_Rtos\Drivers\CMSIS\Lib\GCC\libarm_cortexM7lfdp_math.a(arm_common_tables.o)
                0x000000000800a824                armBitRevIndexTable2048
 .rodata.armBitRevIndexTable256
                0x000000000800c5e4      0x370 C:\Users\zachs\OneDrive\Documents\Beng Term 8\_Capstone\Capstone\Capstone Hydrophone Project\Remote_Hydrophone_Sys_Rtos\Drivers\CMSIS\Lib\GCC\libarm_cortexM7lfdp_math.a(arm_common_tables.o)
                0x000000000800c5e4                armBitRevIndexTable256
 .rodata.armBitRevIndexTable32
                0x000000000800c954       0x60 C:\Users\zachs\OneDrive\Documents\Beng Term 8\_Capstone\Capstone\Capstone Hydrophone Project\Remote_Hydrophone_Sys_Rtos\Drivers\CMSIS\Lib\GCC\libarm_cortexM7lfdp_math.a(arm_common_tables.o)
                0x000000000800c954                armBitRevIndexTable32
 .rodata.armBitRevIndexTable512
                0x000000000800c9b4      0x380 C:\Users\zachs\OneDrive\Documents\Beng Term 8\_Capstone\Capstone\Capstone Hydrophone Project\Remote_Hydrophone_Sys_Rtos\Drivers\CMSIS\Lib\GCC\libarm_cortexM7lfdp_math.a(arm_common_tables.o)
                0x000000000800c9b4                armBitRevIndexTable512
 .rodata.twiddleCoef_1024
                0x000000000800cd34     0x2000 C:\Users\zachs\OneDrive\Documents\Beng Term 8\_Capstone\Capstone\Capstone Hydrophone Project\Remote_Hydrophone_Sys_Rtos\Drivers\CMSIS\Lib\GCC\libarm_cortexM7lfdp_math.a(arm_common_tables.o)
                0x000000000800cd34                twiddleCoef_1024
 .rodata.twiddleCoef_128
                0x000000000800ed34      0x400 C:\Users\zachs\OneDrive\Documents\Beng Term 8\_Capstone\Capstone\Capstone Hydrophone Project\Remote_Hydrophone_Sys_Rtos\Drivers\CMSIS\Lib\GCC\libarm_cortexM7lfdp_math.a(arm_common_tables.o)
                0x000000000800ed34                twiddleCoef_128
 .rodata.twiddleCoef_16
                0x000000000800f134       0x80 C:\Users\zachs\OneDrive\Documents\Beng Term 8\_Capstone\Capstone\Capstone Hydrophone Project\Remote_Hydrophone_Sys_Rtos\Drivers\CMSIS\Lib\GCC\libarm_cortexM7lfdp_math.a(arm_common_tables.o)
                0x000000000800f134                twiddleCoef_16
 .rodata.twiddleCoef_2048
                0x000000000800f1b4     0x4000 C:\Users\zachs\OneDrive\Documents\Beng Term 8\_Capstone\Capstone\Capstone Hydrophone Project\Remote_Hydrophone_Sys_Rtos\Drivers\CMSIS\Lib\GCC\libarm_cortexM7lfdp_math.a(arm_common_tables.o)
                0x000000000800f1b4                twiddleCoef_2048
 .rodata.twiddleCoef_256
                0x00000000080131b4      0x800 C:\Users\zachs\OneDrive\Documents\Beng Term 8\_Capstone\Capstone\Capstone Hydrophone Project\Remote_Hydrophone_Sys_Rtos\Drivers\CMSIS\Lib\GCC\libarm_cortexM7lfdp_math.a(arm_common_tables.o)
                0x00000000080131b4                twiddleCoef_256
 .rodata.twiddleCoef_32
                0x00000000080139b4      0x100 C:\Users\zachs\OneDrive\Documents\Beng Term 8\_Capstone\Capstone\Capstone Hydrophone Project\Remote_Hydrophone_Sys_Rtos\Drivers\CMSIS\Lib\GCC\libarm_cortexM7lfdp_math.a(arm_common_tables.o)
                0x00000000080139b4                twiddleCoef_32
 .rodata.twiddleCoef_512
                0x0000000008013ab4     0x1000 C:\Users\zachs\OneDrive\Documents\Beng Term 8\_Capstone\Capstone\Capstone Hydrophone Project\Remote_Hydrophone_Sys_Rtos\Drivers\CMSIS\Lib\GCC\libarm_cortexM7lfdp_math.a(arm_common_tables.o)
                0x0000000008013ab4                twiddleCoef_512
 .rodata.twiddleCoef_rfft_1024
                0x0000000008014ab4     0x1000 C:\Users\zachs\OneDrive\Documents\Beng Term 8\_Capstone\Capstone\Capstone Hydrophone Project\Remote_Hydrophone_Sys_Rtos\Drivers\CMSIS\Lib\GCC\libarm_cortexM7lfdp_math.a(arm_common_tables.o)
                0x0000000008014ab4                twiddleCoef_rfft_1024
 .rodata.twiddleCoef_rfft_2048
                0x0000000008015ab4     0x2000 C:\Users\zachs\OneDrive\Documents\Beng Term 8\_Capstone\Capstone\Capstone Hydrophone Project\Remote_Hydrophone_Sys_Rtos\Drivers\CMSIS\Lib\GCC\libarm_cortexM7lfdp_math.a(arm_common_tables.o)
                0x0000000008015ab4                twiddleCoef_rfft_2048
 .rodata.twiddleCoef_rfft_256
                0x0000000008017ab4      0x400 C:\Users\zachs\OneDrive\Documents\Beng Term 8\_Capstone\Capstone\Capstone Hydrophone Project\Remote_Hydrophone_Sys_Rtos\Drivers\CMSIS\Lib\GCC\libarm_cortexM7lfdp_math.a(arm_common_tables.o)
                0x0000000008017ab4                twiddleCoef_rfft_256
 .rodata.twiddleCoef_rfft_32
                0x0000000008017eb4       0x80 C:\Users\zachs\OneDrive\Documents\Beng Term 8\_Capstone\Capstone\Capstone Hydrophone Project\Remote_Hydrophone_Sys_Rtos\Drivers\CMSIS\Lib\GCC\libarm_cortexM7lfdp_math.a(arm_common_tables.o)
                0x0000000008017eb4                twiddleCoef_rfft_32
 .rodata.twiddleCoef_rfft_4096
                0x0000000008017f34     0x4000 C:\Users\zachs\OneDrive\Documents\Beng Term 8\_Capstone\Capstone\Capstone Hydrophone Project\Remote_Hydrophone_Sys_Rtos\Drivers\CMSIS\Lib\GCC\libarm_cortexM7lfdp_math.a(arm_common_tables.o)
                0x0000000008017f34                twiddleCoef_rfft_4096
 .rodata.twiddleCoef_rfft_512
                0x000000000801bf34      0x800 C:\Users\zachs\OneDrive\Documents\Beng Term 8\_Capstone\Capstone\Capstone Hydrophone Project\Remote_Hydrophone_Sys_Rtos\Drivers\CMSIS\Lib\GCC\libarm_cortexM7lfdp_math.a(arm_common_tables.o)
                0x000000000801bf34                twiddleCoef_rfft_512
 .rodata.twiddleCoef_rfft_64
                0x000000000801c734      0x100 C:\Users\zachs\OneDrive\Documents\Beng Term 8\_Capstone\Capstone\Capstone Hydrophone Project\Remote_Hydrophone_Sys_Rtos\Drivers\CMSIS\Lib\GCC\libarm_cortexM7lfdp_math.a(arm_common_tables.o)
                0x000000000801c734                twiddleCoef_rfft_64
 *fill*         0x000000000801c834        0x4 
 .rodata.__logf_data
                0x000000000801c838      0x120 c:/st/stm32cubeide_1.11.0/stm32cubeide/plugins/com.st.stm32cube.ide.mcu.externaltools.gnu-tools-for-stm32.10.3-2021.10.win32_1.0.100.202210260954/tools/bin/../lib/gcc/arm-none-eabi/10.3.1/../../../../arm-none-eabi/lib/thumb/v7e-m+dp/hard\libm.a(lib_a-sf_log_data.o)
                0x000000000801c838                __logf_data
                0x000000000801c958                . = ALIGN (0x4)

.ARM.extab
 *(.ARM.extab* .gnu.linkonce.armextab.*)

.ARM            0x000000000801c958        0x8
                0x000000000801c958                __exidx_start = .
 *(.ARM.exidx*)
 .ARM.exidx     0x000000000801c958        0x8 c:/st/stm32cubeide_1.11.0/stm32cubeide/plugins/com.st.stm32cube.ide.mcu.externaltools.gnu-tools-for-stm32.10.3-2021.10.win32_1.0.100.202210260954/tools/bin/../lib/gcc/arm-none-eabi/10.3.1/thumb/v7e-m+dp/hard\libgcc.a(_udivmoddi4.o)
                0x000000000801c960                __exidx_end = .

.rel.dyn        0x000000000801c960        0x0
 .rel.iplt      0x000000000801c960        0x0 c:/st/stm32cubeide_1.11.0/stm32cubeide/plugins/com.st.stm32cube.ide.mcu.externaltools.gnu-tools-for-stm32.10.3-2021.10.win32_1.0.100.202210260954/tools/bin/../lib/gcc/arm-none-eabi/10.3.1/thumb/v7e-m+dp/hard/crtbegin.o

.preinit_array  0x000000000801c960        0x0
                0x000000000801c960                PROVIDE (__preinit_array_start = .)
 *(.preinit_array*)
                0x000000000801c960                PROVIDE (__preinit_array_end = .)

.init_array     0x000000000801c960        0x4
                0x000000000801c960                PROVIDE (__init_array_start = .)
 *(SORT_BY_NAME(.init_array.*))
 *(.init_array*)
 .init_array    0x000000000801c960        0x4 c:/st/stm32cubeide_1.11.0/stm32cubeide/plugins/com.st.stm32cube.ide.mcu.externaltools.gnu-tools-for-stm32.10.3-2021.10.win32_1.0.100.202210260954/tools/bin/../lib/gcc/arm-none-eabi/10.3.1/thumb/v7e-m+dp/hard/crtbegin.o
                0x000000000801c964                PROVIDE (__init_array_end = .)

.fini_array     0x000000000801c964        0x4
                [!provide]                        PROVIDE (__fini_array_start = .)
 *(SORT_BY_NAME(.fini_array.*))
 *(.fini_array*)
 .fini_array    0x000000000801c964        0x4 c:/st/stm32cubeide_1.11.0/stm32cubeide/plugins/com.st.stm32cube.ide.mcu.externaltools.gnu-tools-for-stm32.10.3-2021.10.win32_1.0.100.202210260954/tools/bin/../lib/gcc/arm-none-eabi/10.3.1/thumb/v7e-m+dp/hard/crtbegin.o
                [!provide]                        PROVIDE (__fini_array_end = .)
                0x000000000801c968                _sidata = LOADADDR (.data)

.data           0x0000000024000000       0x7c load address 0x000000000801c968
                0x0000000024000000                . = ALIGN (0x4)
                0x0000000024000000                _sdata = .
 *(.data)
 *(.data*)
 .data.offset   0x0000000024000000        0x4 ./Core/Src/main.o
                0x0000000024000000                offset
 .data.SystemCoreClock
                0x0000000024000004        0x4 ./Core/Src/system_stm32h7xx.o
                0x0000000024000004                SystemCoreClock
 .data.SystemD2Clock
                0x0000000024000008        0x4 ./Core/Src/system_stm32h7xx.o
                0x0000000024000008                SystemD2Clock
 .data.uwTickFreq
                0x000000002400000c        0x1 ./Drivers/STM32H7xx_HAL_Driver/Src/stm32h7xx_hal.o
                0x000000002400000c                uwTickFreq
 *fill*         0x000000002400000d        0x3 
 .data.uwTickPrio
                0x0000000024000010        0x4 ./Drivers/STM32H7xx_HAL_Driver/Src/stm32h7xx_hal.o
                0x0000000024000010                uwTickPrio
 .data.uxCriticalNesting
                0x0000000024000014        0x4 ./Middlewares/Third_Party/FreeRTOS/Source/portable/GCC/ARM_CM4F/port.o
 .data._impure_ptr
                0x0000000024000018        0x4 c:/st/stm32cubeide_1.11.0/stm32cubeide/plugins/com.st.stm32cube.ide.mcu.externaltools.gnu-tools-for-stm32.10.3-2021.10.win32_1.0.100.202210260954/tools/bin/../lib/gcc/arm-none-eabi/10.3.1/../../../../arm-none-eabi/lib/thumb/v7e-m+dp/hard\libc_nano.a(lib_a-impure.o)
                0x0000000024000018                _impure_ptr
 .data.impure_data
                0x000000002400001c       0x60 c:/st/stm32cubeide_1.11.0/stm32cubeide/plugins/com.st.stm32cube.ide.mcu.externaltools.gnu-tools-for-stm32.10.3-2021.10.win32_1.0.100.202210260954/tools/bin/../lib/gcc/arm-none-eabi/10.3.1/../../../../arm-none-eabi/lib/thumb/v7e-m+dp/hard\libc_nano.a(lib_a-impure.o)
 *(.RamFunc)
 *(.RamFunc*)
                0x000000002400007c                . = ALIGN (0x4)
                0x000000002400007c                _edata = .

.igot.plt       0x000000002400007c        0x0 load address 0x000000000801c9e4
 .igot.plt      0x000000002400007c        0x0 c:/st/stm32cubeide_1.11.0/stm32cubeide/plugins/com.st.stm32cube.ide.mcu.externaltools.gnu-tools-for-stm32.10.3-2021.10.win32_1.0.100.202210260954/tools/bin/../lib/gcc/arm-none-eabi/10.3.1/thumb/v7e-m+dp/hard/crtbegin.o
                0x000000002400007c                . = ALIGN (0x4)

.bss            0x000000002400007c    0x4ec3c load address 0x000000000801c9e4
                0x000000002400007c                _sbss = .
                0x000000002400007c                __bss_start__ = _sbss
 *(.bss)
 .bss           0x000000002400007c       0x1c c:/st/stm32cubeide_1.11.0/stm32cubeide/plugins/com.st.stm32cube.ide.mcu.externaltools.gnu-tools-for-stm32.10.3-2021.10.win32_1.0.100.202210260954/tools/bin/../lib/gcc/arm-none-eabi/10.3.1/thumb/v7e-m+dp/hard/crtbegin.o
 *(.bss*)
 .bss.AudioCapSem01Handle
                0x0000000024000098        0x4 ./Core/Src/main.o
                0x0000000024000098                AudioCapSem01Handle
 .bss.AudioCapTaskHandle
                0x000000002400009c        0x4 ./Core/Src/main.o
                0x000000002400009c                AudioCapTaskHandle
 .bss.FFTSem02Handle
                0x00000000240000a0        0x4 ./Core/Src/main.o
                0x00000000240000a0                FFTSem02Handle
 .bss.FFTTaskHandle
                0x00000000240000a4        0x4 ./Core/Src/main.o
                0x00000000240000a4                FFTTaskHandle
 .bss.SendDataSem03Handle
                0x00000000240000a8        0x4 ./Core/Src/main.o
                0x00000000240000a8                SendDataSem03Handle
 .bss.SendDataTaskHandle
                0x00000000240000ac        0x4 ./Core/Src/main.o
                0x00000000240000ac                SendDataTaskHandle
 .bss.adc_buffer
                0x00000000240000b0     0x4000 ./Core/Src/main.o
                0x00000000240000b0                adc_buffer
 .bss.adc_buffer_float
                0x00000000240040b0     0x4000 ./Core/Src/main.o
                0x00000000240040b0                adc_buffer_float
 .bss.bin       0x00000000240080b0     0x2000 ./Core/Src/main.o
                0x00000000240080b0                bin
 .bss.bin_point
                0x000000002400a0b0        0x4 ./Core/Src/main.o
                0x000000002400a0b0                bin_point
 .bss.counter   0x000000002400a0b4        0x4 ./Core/Src/main.o
                0x000000002400a0b4                counter
 .bss.defaultTaskHandle
                0x000000002400a0b8        0x4 ./Core/Src/main.o
                0x000000002400a0b8                defaultTaskHandle
 .bss.fft_buffer
                0x000000002400a0bc     0x4000 ./Core/Src/main.o
                0x000000002400a0bc                fft_buffer
 .bss.fft_handler
                0x000000002400e0bc       0x18 ./Core/Src/main.o
                0x000000002400e0bc                fft_handler
 .bss.flag_value
                0x000000002400e0d4        0x1 ./Core/Src/main.o
                0x000000002400e0d4                flag_value
 .bss.frequency_detected
                0x000000002400e0d5        0x1 ./Core/Src/main.o
                0x000000002400e0d5                frequency_detected
 *fill*         0x000000002400e0d6        0x2 
 .bss.hadc1     0x000000002400e0d8       0x64 ./Core/Src/main.o
                0x000000002400e0d8                hadc1
 .bss.hdma_adc1
                0x000000002400e13c       0x78 ./Core/Src/main.o
                0x000000002400e13c                hdma_adc1
 .bss.hdma_usart3_tx
                0x000000002400e1b4       0x78 ./Core/Src/main.o
                0x000000002400e1b4                hdma_usart3_tx
 .bss.htim1     0x000000002400e22c       0x4c ./Core/Src/main.o
                0x000000002400e22c                htim1
 .bss.huart3    0x000000002400e278       0x94 ./Core/Src/main.o
                0x000000002400e278                huart3
 .bss.ifftFlag  0x000000002400e30c        0x4 ./Core/Src/main.o
                0x000000002400e30c                ifftFlag
 .bss.maxIndex  0x000000002400e310        0x4 ./Core/Src/main.o
                0x000000002400e310                maxIndex
 .bss.maxValue  0x000000002400e314        0x4 ./Core/Src/main.o
                0x000000002400e314                maxValue
 .bss.recording_mode
                0x000000002400e318        0x1 ./Core/Src/main.o
                0x000000002400e318                recording_mode
 *fill*         0x000000002400e319        0x3 
 .bss.send_buffer
                0x000000002400e31c    0x1e000 ./Core/Src/main.o
                0x000000002400e31c                send_buffer
 .bss.send_buffer_float
                0x000000002402c31c    0x1e000 ./Core/Src/main.o
                0x000000002402c31c                send_buffer_float
 .bss.htim2     0x000000002404a31c       0x4c ./Core/Src/stm32h7xx_hal_timebase_tim.o
                0x000000002404a31c                htim2
 .bss.uwTick    0x000000002404a368        0x4 ./Drivers/STM32H7xx_HAL_Driver/Src/stm32h7xx_hal.o
                0x000000002404a368                uwTick
 .bss.Idle_Stack.2
                0x000000002404a36c      0x200 ./Middlewares/Third_Party/FreeRTOS/Source/CMSIS_RTOS_V2/cmsis_os2.o
 .bss.Idle_TCB.3
                0x000000002404a56c       0x5c ./Middlewares/Third_Party/FreeRTOS/Source/CMSIS_RTOS_V2/cmsis_os2.o
 .bss.KernelState
                0x000000002404a5c8        0x4 ./Middlewares/Third_Party/FreeRTOS/Source/CMSIS_RTOS_V2/cmsis_os2.o
 .bss.Timer_Stack.0
                0x000000002404a5cc      0x400 ./Middlewares/Third_Party/FreeRTOS/Source/CMSIS_RTOS_V2/cmsis_os2.o
 .bss.Timer_TCB.1
                0x000000002404a9cc       0x5c ./Middlewares/Third_Party/FreeRTOS/Source/CMSIS_RTOS_V2/cmsis_os2.o
 .bss.xQueueRegistry
                0x000000002404aa28       0x40 ./Middlewares/Third_Party/FreeRTOS/Source/queue.o
                0x000000002404aa28                xQueueRegistry
 .bss.pxCurrentTCB
                0x000000002404aa68        0x4 ./Middlewares/Third_Party/FreeRTOS/Source/tasks.o
                0x000000002404aa68                pxCurrentTCB
 .bss.pxDelayedTaskList
                0x000000002404aa6c        0x4 ./Middlewares/Third_Party/FreeRTOS/Source/tasks.o
 .bss.pxOverflowDelayedTaskList
                0x000000002404aa70        0x4 ./Middlewares/Third_Party/FreeRTOS/Source/tasks.o
 .bss.pxReadyTasksLists
                0x000000002404aa74      0x460 ./Middlewares/Third_Party/FreeRTOS/Source/tasks.o
 .bss.uxCurrentNumberOfTasks
                0x000000002404aed4        0x4 ./Middlewares/Third_Party/FreeRTOS/Source/tasks.o
 .bss.uxDeletedTasksWaitingCleanUp
                0x000000002404aed8        0x4 ./Middlewares/Third_Party/FreeRTOS/Source/tasks.o
 .bss.uxSchedulerSuspended
                0x000000002404aedc        0x4 ./Middlewares/Third_Party/FreeRTOS/Source/tasks.o
 .bss.uxTaskNumber
                0x000000002404aee0        0x4 ./Middlewares/Third_Party/FreeRTOS/Source/tasks.o
 .bss.uxTopReadyPriority
                0x000000002404aee4        0x4 ./Middlewares/Third_Party/FreeRTOS/Source/tasks.o
 .bss.xDelayedTaskList1
                0x000000002404aee8       0x14 ./Middlewares/Third_Party/FreeRTOS/Source/tasks.o
 .bss.xDelayedTaskList2
                0x000000002404aefc       0x14 ./Middlewares/Third_Party/FreeRTOS/Source/tasks.o
 .bss.xNextTaskUnblockTime
                0x000000002404af10        0x4 ./Middlewares/Third_Party/FreeRTOS/Source/tasks.o
 .bss.xNumOfOverflows
                0x000000002404af14        0x4 ./Middlewares/Third_Party/FreeRTOS/Source/tasks.o
 .bss.xPendedTicks
                0x000000002404af18        0x4 ./Middlewares/Third_Party/FreeRTOS/Source/tasks.o
 .bss.xPendingReadyList
                0x000000002404af1c       0x14 ./Middlewares/Third_Party/FreeRTOS/Source/tasks.o
 .bss.xSchedulerRunning
                0x000000002404af30        0x4 ./Middlewares/Third_Party/FreeRTOS/Source/tasks.o
 .bss.xSuspendedTaskList
                0x000000002404af34       0x14 ./Middlewares/Third_Party/FreeRTOS/Source/tasks.o
 .bss.xTasksWaitingTermination
                0x000000002404af48       0x14 ./Middlewares/Third_Party/FreeRTOS/Source/tasks.o
 .bss.xTickCount
                0x000000002404af5c        0x4 ./Middlewares/Third_Party/FreeRTOS/Source/tasks.o
 .bss.xYieldPending
                0x000000002404af60        0x4 ./Middlewares/Third_Party/FreeRTOS/Source/tasks.o
 .bss.pxCurrentTimerList
                0x000000002404af64        0x4 ./Middlewares/Third_Party/FreeRTOS/Source/timers.o
 .bss.pxOverflowTimerList
                0x000000002404af68        0x4 ./Middlewares/Third_Party/FreeRTOS/Source/timers.o
 .bss.ucStaticTimerQueueStorage.1
                0x000000002404af6c       0xa0 ./Middlewares/Third_Party/FreeRTOS/Source/timers.o
 .bss.xActiveTimerList1
                0x000000002404b00c       0x14 ./Middlewares/Third_Party/FreeRTOS/Source/timers.o
 .bss.xActiveTimerList2
                0x000000002404b020       0x14 ./Middlewares/Third_Party/FreeRTOS/Source/timers.o
 .bss.xLastTime.2
                0x000000002404b034        0x4 ./Middlewares/Third_Party/FreeRTOS/Source/timers.o
 .bss.xStaticTimerQueue.0
                0x000000002404b038       0x50 ./Middlewares/Third_Party/FreeRTOS/Source/timers.o
 .bss.xTimerQueue
                0x000000002404b088        0x4 ./Middlewares/Third_Party/FreeRTOS/Source/timers.o
 .bss.xTimerTaskHandle
                0x000000002404b08c        0x4 ./Middlewares/Third_Party/FreeRTOS/Source/timers.o
 .bss.ucMaxSysCallPriority
                0x000000002404b090        0x1 ./Middlewares/Third_Party/FreeRTOS/Source/portable/GCC/ARM_CM4F/port.o
 *fill*         0x000000002404b091        0x3 
 .bss.ulMaxPRIGROUPValue
                0x000000002404b094        0x4 ./Middlewares/Third_Party/FreeRTOS/Source/portable/GCC/ARM_CM4F/port.o
 .bss.pxEnd     0x000000002404b098        0x4 ./Middlewares/Third_Party/FreeRTOS/Source/portable/MemMang/heap_4.o
 .bss.ucHeap    0x000000002404b09c     0x3c00 ./Middlewares/Third_Party/FreeRTOS/Source/portable/MemMang/heap_4.o
 .bss.xBlockAllocatedBit
                0x000000002404ec9c        0x4 ./Middlewares/Third_Party/FreeRTOS/Source/portable/MemMang/heap_4.o
 .bss.xFreeBytesRemaining
                0x000000002404eca0        0x4 ./Middlewares/Third_Party/FreeRTOS/Source/portable/MemMang/heap_4.o
 .bss.xMinimumEverFreeBytesRemaining
                0x000000002404eca4        0x4 ./Middlewares/Third_Party/FreeRTOS/Source/portable/MemMang/heap_4.o
 .bss.xNumberOfSuccessfulAllocations
                0x000000002404eca8        0x4 ./Middlewares/Third_Party/FreeRTOS/Source/portable/MemMang/heap_4.o
 .bss.xNumberOfSuccessfulFrees
                0x000000002404ecac        0x4 ./Middlewares/Third_Party/FreeRTOS/Source/portable/MemMang/heap_4.o
 .bss.xStart    0x000000002404ecb0        0x8 ./Middlewares/Third_Party/FreeRTOS/Source/portable/MemMang/heap_4.o
 *(COMMON)
                0x000000002404ecb8                . = ALIGN (0x4)
                0x000000002404ecb8                _ebss = .
                0x000000002404ecb8                __bss_end__ = _ebss

._user_heap_stack
                0x000000002404ecb8      0x600 load address 0x000000000801c9e4
                0x000000002404ecb8                . = ALIGN (0x8)
                [!provide]                        PROVIDE (end = .)
                0x000000002404ecb8                PROVIDE (_end = .)
                0x000000002404eeb8                . = (. + _Min_Heap_Size)
 *fill*         0x000000002404ecb8      0x200 
                0x000000002404f2b8                . = (. + _Min_Stack_Size)
 *fill*         0x000000002404eeb8      0x400 
                0x000000002404f2b8                . = ALIGN (0x8)

/DISCARD/
 libc.a(*)
 libm.a(*)
 libgcc.a(*)

.ARM.attributes
                0x0000000000000000       0x2e
 *(.ARM.attributes)
 .ARM.attributes
                0x0000000000000000       0x1e c:/st/stm32cubeide_1.11.0/stm32cubeide/plugins/com.st.stm32cube.ide.mcu.externaltools.gnu-tools-for-stm32.10.3-2021.10.win32_1.0.100.202210260954/tools/bin/../lib/gcc/arm-none-eabi/10.3.1/thumb/v7e-m+dp/hard/crti.o
 .ARM.attributes
                0x000000000000001e       0x32 c:/st/stm32cubeide_1.11.0/stm32cubeide/plugins/com.st.stm32cube.ide.mcu.externaltools.gnu-tools-for-stm32.10.3-2021.10.win32_1.0.100.202210260954/tools/bin/../lib/gcc/arm-none-eabi/10.3.1/thumb/v7e-m+dp/hard/crtbegin.o
 .ARM.attributes
                0x0000000000000050       0x32 ./Core/Src/main.o
 .ARM.attributes
                0x0000000000000082       0x32 ./Core/Src/stm32h7xx_hal_msp.o
 .ARM.attributes
                0x00000000000000b4       0x32 ./Core/Src/stm32h7xx_hal_timebase_tim.o
 .ARM.attributes
                0x00000000000000e6       0x32 ./Core/Src/stm32h7xx_it.o
 .ARM.attributes
                0x0000000000000118       0x32 ./Core/Src/system_stm32h7xx.o
 .ARM.attributes